/home/dell/Assignment/assignment/demo/Middlewares/ST/AI/Misc/Src/aiTestUtility.c:289:13:_put_c_driver	0	static
/home/dell/Assignment/assignment/demo/Middlewares/ST/AI/Misc/Src/aiTestUtility.c:313:13:_put_c_buffer_cb	0	static
/home/dell/Assignment/assignment/demo/Middlewares/ST/AI/Misc/Src/aiTestUtility.c:131:6:ioRawGetUint8	8	static
/home/dell/Assignment/assignment/demo/Middlewares/ST/AI/Misc/Src/aiTestUtility.c:188:6:ioRawWriteBuffer	0	static
/home/dell/Assignment/assignment/demo/Middlewares/ST/AI/Misc/Src/aiTestUtility.c:193:6:ioRawReadBuffer	8	static
/home/dell/Assignment/assignment/demo/Middlewares/ST/AI/Misc/Src/aiTestUtility.c:198:6:ioRawDisableLLWrite	0	static
/home/dell/Assignment/assignment/demo/Middlewares/ST/AI/Misc/Src/aiTestUtility.c:210:5:_write	8	static
/home/dell/Assignment/assignment/demo/Middlewares/ST/AI/Misc/Src/aiTestUtility.c:299:6:lc_print	16	static
/home/dell/Assignment/assignment/demo/Middlewares/ST/AI/Misc/Src/aiTestUtility.c:323:8:lc_vsnprint	32	static
/home/dell/Assignment/assignment/demo/Middlewares/ST/AI/Misc/Src/aiTestUtility.c:348:7:__wrap_malloc	16	static
/home/dell/Assignment/assignment/demo/Middlewares/ST/AI/Misc/Src/aiTestUtility.c:388:6:__wrap_free	12	static
/home/dell/Assignment/assignment/demo/Middlewares/ST/AI/Misc/Src/aiTestUtility.c:441:6:stackMonInit	24	static
/home/dell/Assignment/assignment/demo/Middlewares/ST/AI/Misc/Src/aiTestUtility.c:483:6:crcIpInit	16	static
/home/dell/Assignment/assignment/demo/Middlewares/ST/AI/Misc/Src/aiTestUtility.c:502:10:systemCoreClock	0	static
/home/dell/Assignment/assignment/demo/Middlewares/ST/AI/Misc/Src/aiTestUtility.c:513:5:dwtCyclesToTime	32	static
/home/dell/Assignment/assignment/demo/Middlewares/ST/AI/Misc/Src/aiTestUtility.c:530:7:dwtCyclesToFloatMs	24	static
/home/dell/Assignment/assignment/demo/Middlewares/ST/AI/Misc/Src/aiTestUtility.c:683:10:getFlashCacheConf	8	static
/home/dell/Assignment/assignment/demo/Middlewares/ST/AI/Misc/Src/aiTestUtility.c:635:6:getSysConf	8	static
/home/dell/Assignment/assignment/demo/Middlewares/ST/AI/Misc/Src/aiTestUtility.c:771:6:systemSettingLog	32	static
