/home/dell/Assignment/assignment/demo/Middlewares/ST/AI/Misc/Inc/aiTestUtility.h:128:20:_mon_alloc_reset	8	static
/home/dell/Assignment/assignment/demo/Middlewares/ST/AI/SystemPerformance/Src/aiSystemPerformance.c:217:13:aiDeInit	8	static
/home/dell/Assignment/assignment/demo/Middlewares/ST/AI/SystemPerformance/Src/aiSystemPerformance.c:598:12:aiTestConsole	16	static
/home/dell/Assignment/assignment/demo/Middlewares/ST/AI/SystemPerformance/Src/aiSystemPerformance.c:256:15:user_observer_cb	40	static
/home/dell/Assignment/assignment/demo/Middlewares/ST/AI/SystemPerformance/Src/aiSystemPerformance.c:280:6:aiObserverInit	80	static
/home/dell/Assignment/assignment/demo/Middlewares/ST/AI/SystemPerformance/Src/aiSystemPerformance.c:319:6:aiObserverDone	168	static
/home/dell/Assignment/assignment/demo/Middlewares/ST/AI/SystemPerformance/Src/aiSystemPerformance.c:632:5:aiSystemPerformanceInit	56	static
/home/dell/Assignment/assignment/demo/Middlewares/ST/AI/SystemPerformance/Src/aiSystemPerformance.c:651:5:aiSystemPerformanceProcess	160	static,ignoring_inline_asm
/home/dell/Assignment/assignment/demo/Middlewares/ST/AI/SystemPerformance/Src/aiSystemPerformance.c:728:6:aiSystemPerformanceDeInit	8	static
