Archive member included to satisfy reference by file (symbol)

/opt/st/stm32cubeide_1.13.2/plugins/com.st.stm32cube.ide.mcu.externaltools.gnu-tools-for-stm32.11.3.rel1.linux64_1.1.1.202309131626/tools/bin/../lib/gcc/arm-none-eabi/11.3.1/../../../../arm-none-eabi/lib/thumb/v7e-m+fp/hard/libc_nano.a(libc_a-exit.o)
                              /opt/st/stm32cubeide_1.13.2/plugins/com.st.stm32cube.ide.mcu.externaltools.gnu-tools-for-stm32.11.3.rel1.linux64_1.1.1.202309131626/tools/bin/../lib/gcc/arm-none-eabi/11.3.1/../../../../arm-none-eabi/lib/thumb/v7e-m+fp/hard/crt0.o (exit)
/opt/st/stm32cubeide_1.13.2/plugins/com.st.stm32cube.ide.mcu.externaltools.gnu-tools-for-stm32.11.3.rel1.linux64_1.1.1.202309131626/tools/bin/../lib/gcc/arm-none-eabi/11.3.1/../../../../arm-none-eabi/lib/thumb/v7e-m+fp/hard/libc_nano.a(libc_a-malloc.o)
                              ./Middlewares/STM32_USBD_Library/Class/CDC/usbd_cdc.o (malloc)
/opt/st/stm32cubeide_1.13.2/plugins/com.st.stm32cube.ide.mcu.externaltools.gnu-tools-for-stm32.11.3.rel1.linux64_1.1.1.202309131626/tools/bin/../lib/gcc/arm-none-eabi/11.3.1/../../../../arm-none-eabi/lib/thumb/v7e-m+fp/hard/libc_nano.a(libc_a-mallocr.o)
                              /opt/st/stm32cubeide_1.13.2/plugins/com.st.stm32cube.ide.mcu.externaltools.gnu-tools-for-stm32.11.3.rel1.linux64_1.1.1.202309131626/tools/bin/../lib/gcc/arm-none-eabi/11.3.1/../../../../arm-none-eabi/lib/thumb/v7e-m+fp/hard/libc_nano.a(libc_a-malloc.o) (_malloc_r)
/opt/st/stm32cubeide_1.13.2/plugins/com.st.stm32cube.ide.mcu.externaltools.gnu-tools-for-stm32.11.3.rel1.linux64_1.1.1.202309131626/tools/bin/../lib/gcc/arm-none-eabi/11.3.1/../../../../arm-none-eabi/lib/thumb/v7e-m+fp/hard/libc_nano.a(libc_a-mlock.o)
                              /opt/st/stm32cubeide_1.13.2/plugins/com.st.stm32cube.ide.mcu.externaltools.gnu-tools-for-stm32.11.3.rel1.linux64_1.1.1.202309131626/tools/bin/../lib/gcc/arm-none-eabi/11.3.1/../../../../arm-none-eabi/lib/thumb/v7e-m+fp/hard/libc_nano.a(libc_a-mallocr.o) (__malloc_lock)
/opt/st/stm32cubeide_1.13.2/plugins/com.st.stm32cube.ide.mcu.externaltools.gnu-tools-for-stm32.11.3.rel1.linux64_1.1.1.202309131626/tools/bin/../lib/gcc/arm-none-eabi/11.3.1/../../../../arm-none-eabi/lib/thumb/v7e-m+fp/hard/libc_nano.a(libc_a-findfp.o)
                              /opt/st/stm32cubeide_1.13.2/plugins/com.st.stm32cube.ide.mcu.externaltools.gnu-tools-for-stm32.11.3.rel1.linux64_1.1.1.202309131626/tools/bin/../lib/gcc/arm-none-eabi/11.3.1/../../../../arm-none-eabi/lib/thumb/v7e-m+fp/hard/libc_nano.a(libc_a-exit.o) (__stdio_exit_handler)
/opt/st/stm32cubeide_1.13.2/plugins/com.st.stm32cube.ide.mcu.externaltools.gnu-tools-for-stm32.11.3.rel1.linux64_1.1.1.202309131626/tools/bin/../lib/gcc/arm-none-eabi/11.3.1/../../../../arm-none-eabi/lib/thumb/v7e-m+fp/hard/libc_nano.a(libc_a-fwalk.o)
                              /opt/st/stm32cubeide_1.13.2/plugins/com.st.stm32cube.ide.mcu.externaltools.gnu-tools-for-stm32.11.3.rel1.linux64_1.1.1.202309131626/tools/bin/../lib/gcc/arm-none-eabi/11.3.1/../../../../arm-none-eabi/lib/thumb/v7e-m+fp/hard/libc_nano.a(libc_a-findfp.o) (_fwalk_sglue)
/opt/st/stm32cubeide_1.13.2/plugins/com.st.stm32cube.ide.mcu.externaltools.gnu-tools-for-stm32.11.3.rel1.linux64_1.1.1.202309131626/tools/bin/../lib/gcc/arm-none-eabi/11.3.1/../../../../arm-none-eabi/lib/thumb/v7e-m+fp/hard/libc_nano.a(libc_a-printf.o)
                              ./Middlewares/STM32_USBD_Library/Core/usbd_core.o (printf)
/opt/st/stm32cubeide_1.13.2/plugins/com.st.stm32cube.ide.mcu.externaltools.gnu-tools-for-stm32.11.3.rel1.linux64_1.1.1.202309131626/tools/bin/../lib/gcc/arm-none-eabi/11.3.1/../../../../arm-none-eabi/lib/thumb/v7e-m+fp/hard/libc_nano.a(libc_a-putchar.o)
                              ./Middlewares/STM32_USBD_Library/Core/usbd_core.o (putchar)
/opt/st/stm32cubeide_1.13.2/plugins/com.st.stm32cube.ide.mcu.externaltools.gnu-tools-for-stm32.11.3.rel1.linux64_1.1.1.202309131626/tools/bin/../lib/gcc/arm-none-eabi/11.3.1/../../../../arm-none-eabi/lib/thumb/v7e-m+fp/hard/libc_nano.a(libc_a-snprintf.o)
                              ./Example/User/main.o (snprintf)
/opt/st/stm32cubeide_1.13.2/plugins/com.st.stm32cube.ide.mcu.externaltools.gnu-tools-for-stm32.11.3.rel1.linux64_1.1.1.202309131626/tools/bin/../lib/gcc/arm-none-eabi/11.3.1/../../../../arm-none-eabi/lib/thumb/v7e-m+fp/hard/libc_nano.a(libc_a-stdio.o)
                              /opt/st/stm32cubeide_1.13.2/plugins/com.st.stm32cube.ide.mcu.externaltools.gnu-tools-for-stm32.11.3.rel1.linux64_1.1.1.202309131626/tools/bin/../lib/gcc/arm-none-eabi/11.3.1/../../../../arm-none-eabi/lib/thumb/v7e-m+fp/hard/libc_nano.a(libc_a-findfp.o) (__sread)
/opt/st/stm32cubeide_1.13.2/plugins/com.st.stm32cube.ide.mcu.externaltools.gnu-tools-for-stm32.11.3.rel1.linux64_1.1.1.202309131626/tools/bin/../lib/gcc/arm-none-eabi/11.3.1/../../../../arm-none-eabi/lib/thumb/v7e-m+fp/hard/libc_nano.a(libc_a-memset.o)
[...]
Memory Configuration

Name             Origin             Length             Attributes
FLASH            0x0000000008000000 0x0000000000200000 xr
RAM              0x0000000020000000 0x0000000000030000 xrw
SRAM2            0x0000000010000000 0x0000000000010000 xrw
SRAM3            0x0000000020040000 0x0000000000060000 xrw
*default*        0x0000000000000000 0xffffffffffffffff

Linker script and memory map

LOAD /opt/st/stm32cubeide_1.13.2/plugins/com.st.stm32cube.ide.mcu.externaltools.gnu-tools-for-stm32.11.3.rel1.linux64_1.1.1.202309131626/tools/bin/../lib/gcc/arm-none-eabi/11.3.1/thumb/v7e-m+fp/hard/crti.o
LOAD /opt/st/stm32cubeide_1.13.2/plugins/com.st.stm32cube.ide.mcu.externaltools.gnu-tools-for-stm32.11.3.rel1.linux64_1.1.1.202309131626/tools/bin/../lib/gcc/arm-none-eabi/11.3.1/thumb/v7e-m+fp/hard/crtbegin.o
LOAD /opt/st/stm32cubeide_1.13.2/plugins/com.st.stm32cube.ide.mcu.externaltools.gnu-tools-for-stm32.11.3.rel1.linux64_1.1.1.202309131626/tools/bin/../lib/gcc/arm-none-eabi/11.3.1/../../../../arm-none-eabi/lib/thumb/v7e-m+fp/hard/crt0.o
LOAD ./Drivers/BSP/Components/hts221.o
LOAD ./Drivers/BSP/Components/hts221_reg.o
LOAD ./Drivers/BSP/Components/lis2dw12.o
LOAD ./Drivers/BSP/Components/lis2dw12_reg.o
LOAD ./Drivers/BSP/Components/lis2mdl.o
LOAD ./Drivers/BSP/Components/lis2mdl_reg.o
LOAD ./Drivers/BSP/Components/lis3dhh.o
LOAD ./Drivers/BSP/Components/lis3dhh_reg.o
LOAD ./Drivers/BSP/Components/lps22hh.o
LOAD ./Drivers/BSP/Components/lps22hh_reg.o
LOAD ./Drivers/BSP/Components/lsm6dsox.o
LOAD ./Drivers/BSP/Components/lsm6dsox_reg.o
LOAD ./Drivers/BSP/Components/stts751.o
LOAD ./Drivers/BSP/Components/stts751_reg.o
LOAD ./Drivers/BSP/SensorTileBox/SensorTile.box.o
LOAD ./Drivers/BSP/SensorTileBox/SensorTile.box_bus.o
LOAD ./Drivers/BSP/SensorTileBox/SensorTile.box_env_sensors.o
LOAD ./Drivers/BSP/SensorTileBox/SensorTile.box_env_sensors_ex.o
LOAD ./Drivers/BSP/SensorTileBox/SensorTile.box_motion_sensors.o
LOAD ./Drivers/BSP/SensorTileBox/SensorTile.box_motion_sensors_ex.o
LOAD ./Drivers/STM32L4xx_HAL_Driver/stm32l4xx_hal.o
LOAD ./Drivers/STM32L4xx_HAL_Driver/stm32l4xx_hal_adc.o
LOAD ./Drivers/STM32L4xx_HAL_Driver/stm32l4xx_hal_adc_ex.o
LOAD ./Drivers/STM32L4xx_HAL_Driver/stm32l4xx_hal_cortex.o
LOAD ./Drivers/STM32L4xx_HAL_Driver/stm32l4xx_hal_dma.o
LOAD ./Drivers/STM32L4xx_HAL_Driver/stm32l4xx_hal_gpio.o
LOAD ./Drivers/STM32L4xx_HAL_Driver/stm32l4xx_hal_i2c.o
LOAD ./Drivers/STM32L4xx_HAL_Driver/stm32l4xx_hal_i2c_ex.o
LOAD ./Drivers/STM32L4xx_HAL_Driver/stm32l4xx_hal_pcd.o
LOAD ./Drivers/STM32L4xx_HAL_Driver/stm32l4xx_hal_pcd_ex.o
LOAD ./Drivers/STM32L4xx_HAL_Driver/stm32l4xx_hal_pwr.o
LOAD ./Drivers/STM32L4xx_HAL_Driver/stm32l4xx_hal_pwr_ex.o
LOAD ./Drivers/STM32L4xx_HAL_Driver/stm32l4xx_hal_rcc.o
LOAD ./Drivers/STM32L4xx_HAL_Driver/stm32l4xx_hal_rcc_ex.o
LOAD ./Drivers/STM32L4xx_HAL_Driver/stm32l4xx_hal_rtc.o
LOAD ./Drivers/STM32L4xx_HAL_Driver/stm32l4xx_hal_spi.o
LOAD ./Drivers/STM32L4xx_HAL_Driver/stm32l4xx_hal_tim.o
LOAD ./Drivers/STM32L4xx_HAL_Driver/stm32l4xx_hal_tim_ex.o
LOAD ./Drivers/STM32L4xx_HAL_Driver/stm32l4xx_ll_usb.o
LOAD ./Example/STM32CubeIDE/startup_stm32l4r9xx.o
LOAD ./Example/STM32CubeIDE/syscalls.o
LOAD ./Example/User/cube_hal_l4.o
LOAD ./Example/User/demo_serial.o
LOAD ./Example/User/main.o
LOAD ./Example/User/sensor_commands.o
LOAD ./Example/User/serial_protocol.o
LOAD ./Example/User/stm32l4xx_hal_msp.o
LOAD ./Example/User/stm32l4xx_it.o
LOAD ./Example/User/system_stm32l4xx.o
LOAD ./Example/User/usbd_cdc_interface.o
LOAD ./Example/User/usbd_conf.o
LOAD ./Example/User/usbd_desc.o
LOAD ./Example/User/vcom.o
LOAD ./Middlewares/STM32_USBD_Library/Class/CDC/usbd_cdc.o
LOAD ./Middlewares/STM32_USBD_Library/Core/usbd_core.o
LOAD ./Middlewares/STM32_USBD_Library/Core/usbd_ctlreq.o
LOAD ./Middlewares/STM32_USBD_Library/Core/usbd_ioreq.o
START GROUP
LOAD /opt/st/stm32cubeide_1.13.2/plugins/com.st.stm32cube.ide.mcu.externaltools.gnu-tools-for-stm32.11.3.rel1.linux64_1.1.1.202309131626/tools/bin/../lib/gcc/arm-none-eabi/11.3.1/../../../../arm-none-eabi/lib/thumb/v7e-m+fp/hard/libc_nano.a
LOAD /opt/st/stm32cubeide_1.13.2/plugins/com.st.stm32cube.ide.mcu.externaltools.gnu-tools-for-stm32.11.3.rel1.linux64_1.1.1.202309131626/tools/bin/../lib/gcc/arm-none-eabi/11.3.1/../../../../arm-none-eabi/lib/thumb/v7e-m+fp/hard/libm.a
END GROUP
START GROUP
LOAD /opt/st/stm32cubeide_1.13.2/plugins/com.st.stm32cube.ide.mcu.externaltools.gnu-tools-for-stm32.11.3.rel1.linux64_1.1.1.202309131626/tools/bin/../lib/gcc/arm-none-eabi/11.3.1/thumb/v7e-m+fp/hard/libgcc.a
LOAD /opt/st/stm32cubeide_1.13.2/plugins/com.st.stm32cube.ide.mcu.externaltools.gnu-tools-for-stm32.11.3.rel1.linux64_1.1.1.202309131626/tools/bin/../lib/gcc/arm-none-eabi/11.3.1/../../../../arm-none-eabi/lib/thumb/v7e-m+fp/hard/libc_nano.a
END GROUP
START GROUP
LOAD /opt/st/stm32cubeide_1.13.2/plugins/com.st.stm32cube.ide.mcu.externaltools.gnu-tools-for-stm32.11.3.rel1.linux64_1.1.1.202309131626/tools/bin/../lib/gcc/arm-none-eabi/11.3.1/thumb/v7e-m+fp/hard/libgcc.a
LOAD /opt/st/stm32cubeide_1.13.2/plugins/com.st.stm32cube.ide.mcu.externaltools.gnu-tools-for-stm32.11.3.rel1.linux64_1.1.1.202309131626/tools/bin/../lib/gcc/arm-none-eabi/11.3.1/../../../../arm-none-eabi/lib/thumb/v7e-m+fp/hard/libc_nano.a
LOAD /opt/st/stm32cubeide_1.13.2/plugins/com.st.stm32cube.ide.mcu.externaltools.gnu-tools-for-stm32.11.3.rel1.linux64_1.1.1.202309131626/tools/bin/../lib/gcc/arm-none-eabi/11.3.1/../../../../arm-none-eabi/lib/thumb/v7e-m+fp/hard/libnosys.a
END GROUP
START GROUP
LOAD /opt/st/stm32cubeide_1.13.2/plugins/com.st.stm32cube.ide.mcu.externaltools.gnu-tools-for-stm32.11.3.rel1.linux64_1.1.1.202309131626/tools/bin/../lib/gcc/arm-none-eabi/11.3.1/thumb/v7e-m+fp/hard/libgcc.a
LOAD /opt/st/stm32cubeide_1.13.2/plugins/com.st.stm32cube.ide.mcu.externaltools.gnu-tools-for-stm32.11.3.rel1.linux64_1.1.1.202309131626/tools/bin/../lib/gcc/arm-none-eabi/11.3.1/../../../../arm-none-eabi/lib/thumb/v7e-m+fp/hard/libc_nano.a
LOAD /opt/st/stm32cubeide_1.13.2/plugins/com.st.stm32cube.ide.mcu.externaltools.gnu-tools-for-stm32.11.3.rel1.linux64_1.1.1.202309131626/tools/bin/../lib/gcc/arm-none-eabi/11.3.1/../../../../arm-none-eabi/lib/thumb/v7e-m+fp/hard/libnosys.a
END GROUP
LOAD /opt/st/stm32cubeide_1.13.2/plugins/com.st.stm32cube.ide.mcu.externaltools.gnu-tools-for-stm32.11.3.rel1.linux64_1.1.1.202309131626/tools/bin/../lib/gcc/arm-none-eabi/11.3.1/thumb/v7e-m+fp/hard/crtend.o
LOAD /opt/st/stm32cubeide_1.13.2/plugins/com.st.stm32cube.ide.mcu.externaltools.gnu-tools-for-stm32.11.3.rel1.linux64_1.1.1.202309131626/tools/bin/../lib/gcc/arm-none-eabi/11.3.1/thumb/v7e-m+fp/hard/crtn.o
                0x0000000020030000                _estack = 0x20030000
                0x0000000000001000                _Min_Heap_Size = 0x1000
                0x0000000000008000                _Min_Stack_Size = 0x8000

.isr_vector     0x0000000008000000      0x1c0
                0x0000000008000000                . = ALIGN (0x8)
 *(.isr_vector)
 .isr_vector    0x0000000008000000      0x1bc ./Example/STM32CubeIDE/startup_stm32l4r9xx.o
                0x0000000008000000                g_pfnVectors
                0x00000000080001c0                . = ALIGN (0x8)
 *fill*         0x00000000080001bc        0x4 

.text           0x00000000080001c0    0x19cb0
                0x00000000080001c0                . = ALIGN (0x8)
 *(.text)
 .text          0x00000000080001c0       0x40 /opt/st/stm32cubeide_1.13.2/plugins/com.st.stm32cube.ide.mcu.externaltools.gnu-tools-for-stm32.11.3.rel1.linux64_1.1.1.202309131626/tools/bin/../lib/gcc/arm-none-eabi/11.3.1/thumb/v7e-m+fp/hard/crtbegin.o
 .text          0x0000000008000200       0x10 /opt/st/stm32cubeide_1.13.2/plugins/com.st.stm32cube.ide.mcu.externaltools.gnu-tools-for-stm32.11.3.rel1.linux64_1.1.1.202309131626/tools/bin/../lib/gcc/arm-none-eabi/11.3.1/../../../../arm-none-eabi/lib/thumb/v7e-m+fp/hard/libc_nano.a(libc_a-strlen.o)
                0x0000000008000200                strlen
 .text          0x0000000008000210       0xa0 /opt/st/stm32cubeide_1.13.2/plugins/com.st.stm32cube.ide.mcu.externaltools.gnu-tools-for-stm32.11.3.rel1.linux64_1.1.1.202309131626/tools/bin/../lib/gcc/arm-none-eabi/11.3.1/../../../../arm-none-eabi/lib/thumb/v7e-m+fp/hard/libc_nano.a(libc_a-memchr.o)
                0x0000000008000210                memchr
 .text          0x00000000080002b0      0x378 /opt/st/stm32cubeide_1.13.2/plugins/com.st.stm32cube.ide.mcu.externaltools.gnu-tools-for-stm32.11.3.rel1.linux64_1.1.1.202309131626/tools/bin/../lib/gcc/arm-none-eabi/11.3.1/thumb/v7e-m+fp/hard/libgcc.a(_arm_addsubdf3.o)
                0x00000000080002b0                __aeabi_drsub
                0x00000000080002b8                __aeabi_dsub
                0x00000000080002b8                __subdf3
                0x00000000080002bc                __adddf3
                0x00000000080002bc                __aeabi_dadd
                0x0000000008000534                __aeabi_ui2d
                0x0000000008000534                __floatunsidf
                0x0000000008000554                __floatsidf
                0x0000000008000554                __aeabi_i2d
                0x0000000008000578                __extendsfdf2
                0x0000000008000578                __aeabi_f2d
                0x00000000080005bc                __aeabi_ul2d
                0x00000000080005bc                __floatundidf
                0x00000000080005cc                __floatdidf
                0x00000000080005cc                __aeabi_l2d
 .text          0x0000000008000628      0x424 /opt/st/stm32cubeide_1.13.2/plugins/com.st.stm32cube.ide.mcu.externaltools.gnu-tools-for-stm32.11.3.rel1.linux64_1.1.1.202309131626/tools/bin/../lib/gcc/arm-none-eabi/11.3.1/thumb/v7e-m+fp/hard/libgcc.a(_arm_muldivdf3.o)
                0x0000000008000628                __aeabi_dmul
                0x0000000008000628                __muldf3
                0x000000000800087c                __aeabi_ddiv
                0x000000000800087c                __divdf3
 .text          0x0000000008000a4c      0x110 /opt/st/stm32cubeide_1.13.2/plugins/com.st.stm32cube.ide.mcu.externaltools.gnu-tools-for-stm32.11.3.rel1.linux64_1.1.1.202309131626/tools/bin/../lib/gcc/arm-none-eabi/11.3.1/thumb/v7e-m+fp/hard/libgcc.a(_arm_cmpdf2.o)
                0x0000000008000a4c                __gtdf2
                0x0000000008000a4c                __gedf2
                0x0000000008000a54                __ltdf2
                0x0000000008000a54                __ledf2
                0x0000000008000a5c                __cmpdf2
                0x0000000008000a5c                __eqdf2
                0x0000000008000a5c                __nedf2
                0x0000000008000ad8                __aeabi_cdrcmple
                0x0000000008000ae8                __aeabi_cdcmple
                0x0000000008000ae8                __aeabi_cdcmpeq
                0x0000000008000af8                __aeabi_dcmpeq
                0x0000000008000b0c                __aeabi_dcmplt
                0x0000000008000b20                __aeabi_dcmple
                0x0000000008000b34                __aeabi_dcmpge
                0x0000000008000b48                __aeabi_dcmpgt
 .text          0x0000000008000b5c       0x2c /opt/st/stm32cubeide_1.13.2/plugins/com.st.stm32cube.ide.mcu.externaltools.gnu-tools-for-stm32.11.3.rel1.linux64_1.1.1.202309131626/tools/bin/../lib/gcc/arm-none-eabi/11.3.1/thumb/v7e-m+fp/hard/libgcc.a(_arm_unorddf2.o)
                0x0000000008000b5c                __aeabi_dcmpun
                0x0000000008000b5c                __unorddf2
 .text          0x0000000008000b88       0x50 /opt/st/stm32cubeide_1.13.2/plugins/com.st.stm32cube.ide.mcu.externaltools.gnu-tools-for-stm32.11.3.rel1.linux64_1.1.1.202309131626/tools/bin/../lib/gcc/arm-none-eabi/11.3.1/thumb/v7e-m+fp/hard/libgcc.a(_arm_fixdfsi.o)
                0x0000000008000b88                __fixdfsi
                0x0000000008000b88                __aeabi_d2iz
 .text          0x0000000008000bd8       0x30 /opt/st/stm32cubeide_1.13.2/plugins/com.st.stm32cube.ide.mcu.externaltools.gnu-tools-for-stm32.11.3.rel1.linux64_1.1.1.202309131626/tools/bin/../lib/gcc/arm-none-eabi/11.3.1/thumb/v7e-m+fp/hard/libgcc.a(_aeabi_uldivmod.o)
                0x0000000008000bd8                __aeabi_uldivmod
 .text          0x0000000008000c08      0x2c8 /opt/st/stm32cubeide_1.13.2/plugins/com.st.stm32cube.ide.mcu.externaltools.gnu-tools-for-stm32.11.3.rel1.linux64_1.1.1.202309131626/tools/bin/../lib/gcc/arm-none-eabi/11.3.1/thumb/v7e-m+fp/hard/libgcc.a(_udivmoddi4.o)
                0x0000000008000c08                __udivmoddi4
 .text          0x0000000008000ed0        0x4 /opt/st/stm32cubeide_1.13.2/plugins/com.st.stm32cube.ide.mcu.externaltools.gnu-tools-for-stm32.11.3.rel1.linux64_1.1.1.202309131626/tools/bin/../lib/gcc/arm-none-eabi/11.3.1/thumb/v7e-m+fp/hard/libgcc.a(_dvmd_tls.o)
                0x0000000008000ed0                __aeabi_ldiv0
                0x0000000008000ed0                __aeabi_idiv0
 *(.text*)
 .text.HTS221_RegisterBusIO
                0x0000000008000ed4       0x94 ./Drivers/BSP/Components/hts221.o
                0x0000000008000ed4                HTS221_RegisterBusIO
 .text.HTS221_Init
                0x0000000008000f68       0x36 ./Drivers/BSP/Components/hts221.o
                0x0000000008000f68                HTS221_Init
 .text.HTS221_DeInit
                0x0000000008000f9e       0x48 ./Drivers/BSP/Components/hts221.o
                0x0000000008000f9e                HTS221_DeInit
 .text.HTS221_ReadID
                0x0000000008000fe6       0x2c ./Drivers/BSP/Components/hts221.o
                0x0000000008000fe6                HTS221_ReadID
 *fill*         0x0000000008001012        0x2 
 .text.HTS221_GetCapabilities
                0x0000000008001014       0x48 ./Drivers/BSP/Components/hts221.o
                0x0000000008001014                HTS221_GetCapabilities
 .text.HTS221_HUM_Enable
                0x000000000800105c       0x4a ./Drivers/BSP/Components/hts221.o
                0x000000000800105c                HTS221_HUM_Enable
 .text.HTS221_HUM_Disable
                0x00000000080010a6       0x4a ./Drivers/BSP/Components/hts221.o
                0x00000000080010a6                HTS221_HUM_Disable
 .text.HTS221_HUM_GetOutputDataRate
                0x00000000080010f0       0x1c ./Drivers/BSP/Components/hts221.o
                0x00000000080010f0                HTS221_HUM_GetOutputDataRate
 .text.HTS221_HUM_SetOutputDataRate
                0x000000000800110c       0x20 ./Drivers/BSP/Components/hts221.o
                0x000000000800110c                HTS221_HUM_SetOutputDataRate
 .text.HTS221_HUM_GetHumidity
                0x000000000800112c      0x110 ./Drivers/BSP/Components/hts221.o
                0x000000000800112c                HTS221_HUM_GetHumidity
 .text.HTS221_HUM_Get_DRDY_Status
                0x000000000800123c       0x2c ./Drivers/BSP/Components/hts221.o
                0x000000000800123c                HTS221_HUM_Get_DRDY_Status
 .text.HTS221_TEMP_Enable
                0x0000000008001268       0x4a ./Drivers/BSP/Components/hts221.o
                0x0000000008001268                HTS221_TEMP_Enable
 .text.HTS221_TEMP_Disable
                0x00000000080012b2       0x4a ./Drivers/BSP/Components/hts221.o
                0x00000000080012b2                HTS221_TEMP_Disable
 .text.HTS221_TEMP_GetOutputDataRate
                0x00000000080012fc       0x1c ./Drivers/BSP/Components/hts221.o
                0x00000000080012fc                HTS221_TEMP_GetOutputDataRate
 .text.HTS221_TEMP_SetOutputDataRate
                0x0000000008001318       0x20 ./Drivers/BSP/Components/hts221.o
                0x0000000008001318                HTS221_TEMP_SetOutputDataRate
 .text.HTS221_TEMP_GetTemperature
                0x0000000008001338       0xd4 ./Drivers/BSP/Components/hts221.o
                0x0000000008001338                HTS221_TEMP_GetTemperature
 .text.HTS221_TEMP_Get_DRDY_Status
                0x000000000800140c       0x2c ./Drivers/BSP/Components/hts221.o
                0x000000000800140c                HTS221_TEMP_Get_DRDY_Status
 .text.HTS221_Read_Reg
                0x0000000008001438       0x34 ./Drivers/BSP/Components/hts221.o
                0x0000000008001438                HTS221_Read_Reg
 .text.HTS221_Write_Reg
                0x000000000800146c       0x36 ./Drivers/BSP/Components/hts221.o
                0x000000000800146c                HTS221_Write_Reg
 *fill*         0x00000000080014a2        0x2 
 .text.HTS221_GetOutputDataRate
                0x00000000080014a4       0x88 ./Drivers/BSP/Components/hts221.o
 .text.HTS221_SetOutputDataRate
                0x000000000800152c       0x60 ./Drivers/BSP/Components/hts221.o
 .text.HTS221_Initialize
                0x000000000800158c       0x58 ./Drivers/BSP/Components/hts221.o
 .text.Linear_Interpolation
                0x00000000080015e4       0x72 ./Drivers/BSP/Components/hts221.o
 .text.ReadRegWrap
                0x0000000008001656       0x62 ./Drivers/BSP/Components/hts221.o
 .text.WriteRegWrap
                0x00000000080016b8       0x62 ./Drivers/BSP/Components/hts221.o
 .text.hts221_read_reg
                0x000000000800171a       0x30 ./Drivers/BSP/Components/hts221_reg.o
                0x000000000800171a                hts221_read_reg
 .text.hts221_write_reg
                0x000000000800174a       0x30 ./Drivers/BSP/Components/hts221_reg.o
                0x000000000800174a                hts221_write_reg
 .text.hts221_data_rate_set
                0x000000000800177a       0x4c ./Drivers/BSP/Components/hts221_reg.o
                0x000000000800177a                hts221_data_rate_set
 *fill*         0x00000000080017c6        0x2 
 .text.hts221_data_rate_get
                0x00000000080017c8       0x70 ./Drivers/BSP/Components/hts221_reg.o
                0x00000000080017c8                hts221_data_rate_get
 .text.hts221_block_data_update_set
                0x0000000008001838       0x4c ./Drivers/BSP/Components/hts221_reg.o
                0x0000000008001838                hts221_block_data_update_set
 .text.hts221_temp_data_ready_get
                0x0000000008001884       0x32 ./Drivers/BSP/Components/hts221_reg.o
                0x0000000008001884                hts221_temp_data_ready_get
 .text.hts221_hum_data_ready_get
                0x00000000080018b6       0x32 ./Drivers/BSP/Components/hts221_reg.o
                0x00000000080018b6                hts221_hum_data_ready_get
 .text.hts221_humidity_raw_get
                0x00000000080018e8       0x46 ./Drivers/BSP/Components/hts221_reg.o
                0x00000000080018e8                hts221_humidity_raw_get
 .text.hts221_temperature_raw_get
                0x000000000800192e       0x46 ./Drivers/BSP/Components/hts221_reg.o
                0x000000000800192e                hts221_temperature_raw_get
 .text.hts221_device_id_get
                0x0000000008001974       0x22 ./Drivers/BSP/Components/hts221_reg.o
                0x0000000008001974                hts221_device_id_get
 .text.hts221_power_on_set
                0x0000000008001996       0x4c ./Drivers/BSP/Components/hts221_reg.o
                0x0000000008001996                hts221_power_on_set
 .text.hts221_hum_rh_point_0_get
                0x00000000080019e2       0x3c ./Drivers/BSP/Components/hts221_reg.o
                0x00000000080019e2                hts221_hum_rh_point_0_get
 .text.hts221_hum_rh_point_1_get
                0x0000000008001a1e       0x3c ./Drivers/BSP/Components/hts221_reg.o
                0x0000000008001a1e                hts221_hum_rh_point_1_get
 .text.hts221_temp_deg_point_0_get
                0x0000000008001a5a       0x62 ./Drivers/BSP/Components/hts221_reg.o
                0x0000000008001a5a                hts221_temp_deg_point_0_get
 .text.hts221_temp_deg_point_1_get
                0x0000000008001abc       0x62 ./Drivers/BSP/Components/hts221_reg.o
                0x0000000008001abc                hts221_temp_deg_point_1_get
 .text.hts221_hum_adc_point_0_get
                0x0000000008001b1e       0x48 ./Drivers/BSP/Components/hts221_reg.o
                0x0000000008001b1e                hts221_hum_adc_point_0_get
 .text.hts221_hum_adc_point_1_get
                0x0000000008001b66       0x48 ./Drivers/BSP/Components/hts221_reg.o
                0x0000000008001b66                hts221_hum_adc_point_1_get
 .text.hts221_temp_adc_point_0_get
                0x0000000008001bae       0x48 ./Drivers/BSP/Components/hts221_reg.o
                0x0000000008001bae                hts221_temp_adc_point_0_get
 .text.hts221_temp_adc_point_1_get
                0x0000000008001bf6       0x48 ./Drivers/BSP/Components/hts221_reg.o
                0x0000000008001bf6                hts221_temp_adc_point_1_get
 *fill*         0x0000000008001c3e        0x2 
 .text.LIS2DW12_RegisterBusIO
                0x0000000008001c40       0xd4 ./Drivers/BSP/Components/lis2dw12.o
                0x0000000008001c40                LIS2DW12_RegisterBusIO
 .text.LIS2DW12_Init
                0x0000000008001d14       0xc4 ./Drivers/BSP/Components/lis2dw12.o
                0x0000000008001d14                LIS2DW12_Init
 .text.LIS2DW12_DeInit
                0x0000000008001dd8       0x44 ./Drivers/BSP/Components/lis2dw12.o
                0x0000000008001dd8                LIS2DW12_DeInit
 .text.LIS2DW12_ReadID
                0x0000000008001e1c       0x2c ./Drivers/BSP/Components/lis2dw12.o
                0x0000000008001e1c                LIS2DW12_ReadID
 .text.LIS2DW12_GetCapabilities
                0x0000000008001e48       0x5c ./Drivers/BSP/Components/lis2dw12.o
                0x0000000008001e48                LIS2DW12_GetCapabilities
 .text.LIS2DW12_ACC_Enable
                0x0000000008001ea4       0x52 ./Drivers/BSP/Components/lis2dw12.o
                0x0000000008001ea4                LIS2DW12_ACC_Enable
 .text.LIS2DW12_ACC_Disable
                0x0000000008001ef6       0x40 ./Drivers/BSP/Components/lis2dw12.o
                0x0000000008001ef6                LIS2DW12_ACC_Disable
 *fill*         0x0000000008001f36        0x2 
 .text.LIS2DW12_ACC_GetSensitivity
                0x0000000008001f38      0x150 ./Drivers/BSP/Components/lis2dw12.o
                0x0000000008001f38                LIS2DW12_ACC_GetSensitivity
 .text.LIS2DW12_ACC_GetOutputDataRate
                0x0000000008002088      0x2fc ./Drivers/BSP/Components/lis2dw12.o
                0x0000000008002088                LIS2DW12_ACC_GetOutputDataRate
 .text.LIS2DW12_ACC_SetOutputDataRate
                0x0000000008002384       0x24 ./Drivers/BSP/Components/lis2dw12.o
                0x0000000008002384                LIS2DW12_ACC_SetOutputDataRate
 .text.LIS2DW12_ACC_SetOutputDataRate_With_Mode
                0x00000000080023a8       0x4c ./Drivers/BSP/Components/lis2dw12.o
                0x00000000080023a8                LIS2DW12_ACC_SetOutputDataRate_With_Mode
 .text.LIS2DW12_ACC_GetFullScale
                0x00000000080023f4       0x84 ./Drivers/BSP/Components/lis2dw12.o
                0x00000000080023f4                LIS2DW12_ACC_GetFullScale
 .text.LIS2DW12_ACC_SetFullScale
                0x0000000008002478       0x50 ./Drivers/BSP/Components/lis2dw12.o
                0x0000000008002478                LIS2DW12_ACC_SetFullScale
 .text.LIS2DW12_ACC_GetAxesRaw
                0x00000000080024c8      0x104 ./Drivers/BSP/Components/lis2dw12.o
                0x00000000080024c8                LIS2DW12_ACC_GetAxesRaw
 .text.LIS2DW12_ACC_GetAxes
                0x00000000080025cc       0xaa ./Drivers/BSP/Components/lis2dw12.o
                0x00000000080025cc                LIS2DW12_ACC_GetAxes
 .text.LIS2DW12_Read_Reg
                0x0000000008002676       0x34 ./Drivers/BSP/Components/lis2dw12.o
                0x0000000008002676                LIS2DW12_Read_Reg
 .text.LIS2DW12_Write_Reg
                0x00000000080026aa       0x36 ./Drivers/BSP/Components/lis2dw12.o
                0x00000000080026aa                LIS2DW12_Write_Reg
 .text.LIS2DW12_ACC_Get_DRDY_Status
                0x00000000080026e0       0x2c ./Drivers/BSP/Components/lis2dw12.o
                0x00000000080026e0                LIS2DW12_ACC_Get_DRDY_Status
 .text.LIS2DW12_ACC_SetOutputDataRate_When_Enabled
                0x000000000800270c      0x238 ./Drivers/BSP/Components/lis2dw12.o
 .text.LIS2DW12_ACC_SetOutputDataRate_When_Disabled
                0x0000000008002944      0x124 ./Drivers/BSP/Components/lis2dw12.o
 .text.ReadRegWrap
                0x0000000008002a68       0x36 ./Drivers/BSP/Components/lis2dw12.o
 .text.WriteRegWrap
                0x0000000008002a9e       0x36 ./Drivers/BSP/Components/lis2dw12.o
 .text.lis2dw12_read_reg
                0x0000000008002ad4       0x30 ./Drivers/BSP/Components/lis2dw12_reg.o
                0x0000000008002ad4                lis2dw12_read_reg
 .text.lis2dw12_write_reg
                0x0000000008002b04       0x30 ./Drivers/BSP/Components/lis2dw12_reg.o
                0x0000000008002b04                lis2dw12_write_reg
 .text.lis2dw12_power_mode_set
                0x0000000008002b34       0x9c ./Drivers/BSP/Components/lis2dw12_reg.o
                0x0000000008002b34                lis2dw12_power_mode_set
 .text.lis2dw12_power_mode_get
                0x0000000008002bd0      0x174 ./Drivers/BSP/Components/lis2dw12_reg.o
                0x0000000008002bd0                lis2dw12_power_mode_get
 .text.lis2dw12_data_rate_set
                0x0000000008002d44       0x8a ./Drivers/BSP/Components/lis2dw12_reg.o
                0x0000000008002d44                lis2dw12_data_rate_set
 *fill*         0x0000000008002dce        0x2 
 .text.lis2dw12_data_rate_get
                0x0000000008002dd0      0x194 ./Drivers/BSP/Components/lis2dw12_reg.o
                0x0000000008002dd0                lis2dw12_data_rate_get
 .text.lis2dw12_block_data_update_set
                0x0000000008002f64       0x4c ./Drivers/BSP/Components/lis2dw12_reg.o
                0x0000000008002f64                lis2dw12_block_data_update_set
 .text.lis2dw12_full_scale_set
                0x0000000008002fb0       0x4c ./Drivers/BSP/Components/lis2dw12_reg.o
                0x0000000008002fb0                lis2dw12_full_scale_set
 .text.lis2dw12_full_scale_get
                0x0000000008002ffc       0x70 ./Drivers/BSP/Components/lis2dw12_reg.o
                0x0000000008002ffc                lis2dw12_full_scale_get
 .text.lis2dw12_flag_data_ready_get
                0x000000000800306c       0x32 ./Drivers/BSP/Components/lis2dw12_reg.o
                0x000000000800306c                lis2dw12_flag_data_ready_get
 .text.lis2dw12_acceleration_raw_get
                0x000000000800309e       0x96 ./Drivers/BSP/Components/lis2dw12_reg.o
                0x000000000800309e                lis2dw12_acceleration_raw_get
 .text.lis2dw12_device_id_get
                0x0000000008003134       0x22 ./Drivers/BSP/Components/lis2dw12_reg.o
                0x0000000008003134                lis2dw12_device_id_get
 .text.lis2dw12_auto_increment_set
                0x0000000008003156       0x4c ./Drivers/BSP/Components/lis2dw12_reg.o
                0x0000000008003156                lis2dw12_auto_increment_set
 .text.lis2dw12_fifo_mode_set
                0x00000000080031a2       0x4c ./Drivers/BSP/Components/lis2dw12_reg.o
                0x00000000080031a2                lis2dw12_fifo_mode_set
 *fill*         0x00000000080031ee        0x2 
 .text.LIS2MDL_RegisterBusIO
                0x00000000080031f0      0x100 ./Drivers/BSP/Components/lis2mdl.o
                0x00000000080031f0                LIS2MDL_RegisterBusIO
 .text.LIS2MDL_Init
                0x00000000080032f0      0x10c ./Drivers/BSP/Components/lis2mdl.o
                0x00000000080032f0                LIS2MDL_Init
 .text.LIS2MDL_DeInit
                0x00000000080033fc       0x2c ./Drivers/BSP/Components/lis2mdl.o
                0x00000000080033fc                LIS2MDL_DeInit
 .text.LIS2MDL_ReadID
                0x0000000008003428       0x4c ./Drivers/BSP/Components/lis2mdl.o
                0x0000000008003428                LIS2MDL_ReadID
 .text.LIS2MDL_GetCapabilities
                0x0000000008003474       0x5c ./Drivers/BSP/Components/lis2mdl.o
                0x0000000008003474                LIS2MDL_GetCapabilities
 .text.LIS2MDL_MAG_Enable
                0x00000000080034d0       0x84 ./Drivers/BSP/Components/lis2mdl.o
                0x00000000080034d0                LIS2MDL_MAG_Enable
 .text.LIS2MDL_MAG_Disable
                0x0000000008003554       0x86 ./Drivers/BSP/Components/lis2mdl.o
                0x0000000008003554                LIS2MDL_MAG_Disable
 .text.LIS2MDL_MAG_GetSensitivity
                0x00000000080035da       0x20 ./Drivers/BSP/Components/lis2mdl.o
                0x00000000080035da                LIS2MDL_MAG_GetSensitivity
 *fill*         0x00000000080035fa        0x2 
 .text.LIS2MDL_MAG_GetOutputDataRate
                0x00000000080035fc       0x8c ./Drivers/BSP/Components/lis2mdl.o
                0x00000000080035fc                LIS2MDL_MAG_GetOutputDataRate
 .text.LIS2MDL_MAG_SetOutputDataRate
                0x0000000008003688       0xc8 ./Drivers/BSP/Components/lis2mdl.o
                0x0000000008003688                LIS2MDL_MAG_SetOutputDataRate
 .text.LIS2MDL_MAG_GetFullScale
                0x0000000008003750       0x1e ./Drivers/BSP/Components/lis2mdl.o
                0x0000000008003750                LIS2MDL_MAG_GetFullScale
 .text.LIS2MDL_MAG_SetFullScale
                0x000000000800376e       0x18 ./Drivers/BSP/Components/lis2mdl.o
                0x000000000800376e                LIS2MDL_MAG_SetFullScale
 .text.LIS2MDL_MAG_GetAxesRaw
                0x0000000008003786       0x48 ./Drivers/BSP/Components/lis2mdl.o
                0x0000000008003786                LIS2MDL_MAG_GetAxesRaw
 .text.LIS2MDL_MAG_GetAxes
                0x00000000080037ce      0x114 ./Drivers/BSP/Components/lis2mdl.o
                0x00000000080037ce                LIS2MDL_MAG_GetAxes
 .text.LIS2MDL_Read_Reg
                0x00000000080038e2       0x54 ./Drivers/BSP/Components/lis2mdl.o
                0x00000000080038e2                LIS2MDL_Read_Reg
 .text.LIS2MDL_Write_Reg
                0x0000000008003936       0x56 ./Drivers/BSP/Components/lis2mdl.o
                0x0000000008003936                LIS2MDL_Write_Reg
 .text.LIS2MDL_MAG_Get_DRDY_Status
                0x000000000800398c       0x5e ./Drivers/BSP/Components/lis2mdl.o
                0x000000000800398c                LIS2MDL_MAG_Get_DRDY_Status
 .text.ReadMagRegWrap
                0x00000000080039ea       0x82 ./Drivers/BSP/Components/lis2mdl.o
 .text.WriteMagRegWrap
                0x0000000008003a6c       0x82 ./Drivers/BSP/Components/lis2mdl.o
 .text.LSM6DSOX_SENSORHUB_LIS2MDL_ReadShData
                0x0000000008003aee      0x27e ./Drivers/BSP/Components/lis2mdl.o
 .text.LSM6DSOX_SENSORHUB_LIS2MDL_WriteShData
                0x0000000008003d6c      0x23c ./Drivers/BSP/Components/lis2mdl.o
 .text.lis2mdl_read_reg
                0x0000000008003fa8       0x30 ./Drivers/BSP/Components/lis2mdl_reg.o
                0x0000000008003fa8                lis2mdl_read_reg
 .text.lis2mdl_write_reg
                0x0000000008003fd8       0x30 ./Drivers/BSP/Components/lis2mdl_reg.o
                0x0000000008003fd8                lis2mdl_write_reg
 .text.lis2mdl_operating_mode_set
                0x0000000008004008       0x4c ./Drivers/BSP/Components/lis2mdl_reg.o
                0x0000000008004008                lis2mdl_operating_mode_set
 .text.lis2mdl_data_rate_set
                0x0000000008004054       0x4c ./Drivers/BSP/Components/lis2mdl_reg.o
                0x0000000008004054                lis2mdl_data_rate_set
 .text.lis2mdl_data_rate_get
                0x00000000080040a0       0x70 ./Drivers/BSP/Components/lis2mdl_reg.o
                0x00000000080040a0                lis2mdl_data_rate_get
 .text.lis2mdl_block_data_update_set
                0x0000000008004110       0x4c ./Drivers/BSP/Components/lis2mdl_reg.o
                0x0000000008004110                lis2mdl_block_data_update_set
 .text.lis2mdl_mag_data_ready_get
                0x000000000800415c       0x32 ./Drivers/BSP/Components/lis2mdl_reg.o
                0x000000000800415c                lis2mdl_mag_data_ready_get
 .text.lis2mdl_magnetic_raw_get
                0x000000000800418e       0x96 ./Drivers/BSP/Components/lis2mdl_reg.o
                0x000000000800418e                lis2mdl_magnetic_raw_get
 .text.lis2mdl_device_id_get
                0x0000000008004224       0x22 ./Drivers/BSP/Components/lis2mdl_reg.o
                0x0000000008004224                lis2mdl_device_id_get
 .text.lis2mdl_self_test_set
                0x0000000008004246       0x4c ./Drivers/BSP/Components/lis2mdl_reg.o
                0x0000000008004246                lis2mdl_self_test_set
 .text.lis2mdl_i2c_interface_set
                0x0000000008004292       0x4c ./Drivers/BSP/Components/lis2mdl_reg.o
                0x0000000008004292                lis2mdl_i2c_interface_set
 *fill*         0x00000000080042de        0x2 
 .text.LIS3DHH_RegisterBusIO
                0x00000000080042e0       0x9c ./Drivers/BSP/Components/lis3dhh.o
                0x00000000080042e0                LIS3DHH_RegisterBusIO
 .text.LIS3DHH_Init
                0x000000000800437c       0x84 ./Drivers/BSP/Components/lis3dhh.o
                0x000000000800437c                LIS3DHH_Init
 .text.LIS3DHH_DeInit
                0x0000000008004400       0x34 ./Drivers/BSP/Components/lis3dhh.o
                0x0000000008004400                LIS3DHH_DeInit
 .text.LIS3DHH_ReadID
                0x0000000008004434       0x2c ./Drivers/BSP/Components/lis3dhh.o
                0x0000000008004434                LIS3DHH_ReadID
 .text.LIS3DHH_GetCapabilities
                0x0000000008004460       0x5c ./Drivers/BSP/Components/lis3dhh.o
                0x0000000008004460                LIS3DHH_GetCapabilities
 .text.LIS3DHH_ACC_Enable
                0x00000000080044bc       0x44 ./Drivers/BSP/Components/lis3dhh.o
                0x00000000080044bc                LIS3DHH_ACC_Enable
 .text.LIS3DHH_ACC_Disable
                0x0000000008004500       0x58 ./Drivers/BSP/Components/lis3dhh.o
                0x0000000008004500                LIS3DHH_ACC_Disable
 .text.LIS3DHH_ACC_GetSensitivity
                0x0000000008004558       0x28 ./Drivers/BSP/Components/lis3dhh.o
                0x0000000008004558                LIS3DHH_ACC_GetSensitivity
 .text.LIS3DHH_ACC_GetOutputDataRate
                0x0000000008004580       0x6c ./Drivers/BSP/Components/lis3dhh.o
                0x0000000008004580                LIS3DHH_ACC_GetOutputDataRate
 .text.LIS3DHH_ACC_SetOutputDataRate
                0x00000000080045ec       0x38 ./Drivers/BSP/Components/lis3dhh.o
                0x00000000080045ec                LIS3DHH_ACC_SetOutputDataRate
 .text.LIS3DHH_ACC_GetFullScale
                0x0000000008004624       0x22 ./Drivers/BSP/Components/lis3dhh.o
                0x0000000008004624                LIS3DHH_ACC_GetFullScale
 .text.LIS3DHH_ACC_SetFullScale
                0x0000000008004646       0x18 ./Drivers/BSP/Components/lis3dhh.o
                0x0000000008004646                LIS3DHH_ACC_SetFullScale
 .text.LIS3DHH_ACC_GetAxesRaw
                0x000000000800465e       0x86 ./Drivers/BSP/Components/lis3dhh.o
                0x000000000800465e                LIS3DHH_ACC_GetAxesRaw
 .text.LIS3DHH_ACC_GetAxes
                0x00000000080046e4       0x7a ./Drivers/BSP/Components/lis3dhh.o
                0x00000000080046e4                LIS3DHH_ACC_GetAxes
 .text.LIS3DHH_Read_Reg
                0x000000000800475e       0x34 ./Drivers/BSP/Components/lis3dhh.o
                0x000000000800475e                LIS3DHH_Read_Reg
 .text.LIS3DHH_Write_Reg
                0x0000000008004792       0x36 ./Drivers/BSP/Components/lis3dhh.o
                0x0000000008004792                LIS3DHH_Write_Reg
 .text.LIS3DHH_ACC_Get_DRDY_Status
                0x00000000080047c8       0x2c ./Drivers/BSP/Components/lis3dhh.o
                0x00000000080047c8                LIS3DHH_ACC_Get_DRDY_Status
 .text.LIS3DHH_ACC_SetOutputDataRate_When_Enabled
                0x00000000080047f4       0x60 ./Drivers/BSP/Components/lis3dhh.o
 .text.LIS3DHH_ACC_SetOutputDataRate_When_Disabled
                0x0000000008004854       0x40 ./Drivers/BSP/Components/lis3dhh.o
 .text.ReadRegWrap
                0x0000000008004894       0x36 ./Drivers/BSP/Components/lis3dhh.o
 .text.WriteRegWrap
                0x00000000080048ca       0x36 ./Drivers/BSP/Components/lis3dhh.o
 .text.lis3dhh_read_reg
                0x0000000008004900       0x30 ./Drivers/BSP/Components/lis3dhh_reg.o
                0x0000000008004900                lis3dhh_read_reg
 .text.lis3dhh_write_reg
                0x0000000008004930       0x30 ./Drivers/BSP/Components/lis3dhh_reg.o
                0x0000000008004930                lis3dhh_write_reg
 .text.lis3dhh_from_lsb_to_mg
                0x0000000008004960       0x30 ./Drivers/BSP/Components/lis3dhh_reg.o
                0x0000000008004960                lis3dhh_from_lsb_to_mg
 .text.lis3dhh_block_data_update_set
                0x0000000008004990       0x4c ./Drivers/BSP/Components/lis3dhh_reg.o
                0x0000000008004990                lis3dhh_block_data_update_set
 .text.lis3dhh_data_rate_set
                0x00000000080049dc       0x4c ./Drivers/BSP/Components/lis3dhh_reg.o
                0x00000000080049dc                lis3dhh_data_rate_set
 .text.lis3dhh_data_rate_get
                0x0000000008004a28       0x4e ./Drivers/BSP/Components/lis3dhh_reg.o
                0x0000000008004a28                lis3dhh_data_rate_get
 .text.lis3dhh_acceleration_raw_get
                0x0000000008004a76       0x96 ./Drivers/BSP/Components/lis3dhh_reg.o
                0x0000000008004a76                lis3dhh_acceleration_raw_get
 .text.lis3dhh_xl_data_ready_get
                0x0000000008004b0c       0x32 ./Drivers/BSP/Components/lis3dhh_reg.o
                0x0000000008004b0c                lis3dhh_xl_data_ready_get
 .text.lis3dhh_device_id_get
                0x0000000008004b3e       0x22 ./Drivers/BSP/Components/lis3dhh_reg.o
                0x0000000008004b3e                lis3dhh_device_id_get
 .text.lis3dhh_fifo_mode_set
                0x0000000008004b60       0x4c ./Drivers/BSP/Components/lis3dhh_reg.o
                0x0000000008004b60                lis3dhh_fifo_mode_set
 .text.lis3dhh_auto_add_inc_set
                0x0000000008004bac       0x4c ./Drivers/BSP/Components/lis3dhh_reg.o
                0x0000000008004bac                lis3dhh_auto_add_inc_set
 .text.LPS22HH_RegisterBusIO
                0x0000000008004bf8       0xd4 ./Drivers/BSP/Components/lps22hh.o
                0x0000000008004bf8                LPS22HH_RegisterBusIO
 .text.LPS22HH_Init
                0x0000000008004ccc       0x36 ./Drivers/BSP/Components/lps22hh.o
                0x0000000008004ccc                LPS22HH_Init
 .text.LPS22HH_DeInit
                0x0000000008004d02       0x48 ./Drivers/BSP/Components/lps22hh.o
                0x0000000008004d02                LPS22HH_DeInit
 .text.LPS22HH_ReadID
                0x0000000008004d4a       0x2c ./Drivers/BSP/Components/lps22hh.o
                0x0000000008004d4a                LPS22HH_ReadID
 *fill*         0x0000000008004d76        0x2 
 .text.LPS22HH_GetCapabilities
                0x0000000008004d78       0x48 ./Drivers/BSP/Components/lps22hh.o
                0x0000000008004d78                LPS22HH_GetCapabilities
 .text.LPS22HH_PRESS_Enable
                0x0000000008004dc0       0x48 ./Drivers/BSP/Components/lps22hh.o
                0x0000000008004dc0                LPS22HH_PRESS_Enable
 .text.LPS22HH_PRESS_Disable
                0x0000000008004e08       0x68 ./Drivers/BSP/Components/lps22hh.o
                0x0000000008004e08                LPS22HH_PRESS_Disable
 .text.LPS22HH_PRESS_GetOutputDataRate
                0x0000000008004e70       0x1c ./Drivers/BSP/Components/lps22hh.o
                0x0000000008004e70                LPS22HH_PRESS_GetOutputDataRate
 .text.LPS22HH_PRESS_SetOutputDataRate
                0x0000000008004e8c       0x38 ./Drivers/BSP/Components/lps22hh.o
                0x0000000008004e8c                LPS22HH_PRESS_SetOutputDataRate
 .text.LPS22HH_PRESS_GetPressure
                0x0000000008004ec4       0x50 ./Drivers/BSP/Components/lps22hh.o
                0x0000000008004ec4                LPS22HH_PRESS_GetPressure
 .text.LPS22HH_PRESS_Get_DRDY_Status
                0x0000000008004f14       0x2c ./Drivers/BSP/Components/lps22hh.o
                0x0000000008004f14                LPS22HH_PRESS_Get_DRDY_Status
 .text.LPS22HH_TEMP_Enable
                0x0000000008004f40       0x48 ./Drivers/BSP/Components/lps22hh.o
                0x0000000008004f40                LPS22HH_TEMP_Enable
 .text.LPS22HH_TEMP_Disable
                0x0000000008004f88       0x68 ./Drivers/BSP/Components/lps22hh.o
                0x0000000008004f88                LPS22HH_TEMP_Disable
 .text.LPS22HH_TEMP_GetOutputDataRate
                0x0000000008004ff0       0x1c ./Drivers/BSP/Components/lps22hh.o
                0x0000000008004ff0                LPS22HH_TEMP_GetOutputDataRate
 .text.LPS22HH_TEMP_SetOutputDataRate
                0x000000000800500c       0x38 ./Drivers/BSP/Components/lps22hh.o
                0x000000000800500c                LPS22HH_TEMP_SetOutputDataRate
 .text.LPS22HH_TEMP_GetTemperature
                0x0000000008005044       0x52 ./Drivers/BSP/Components/lps22hh.o
                0x0000000008005044                LPS22HH_TEMP_GetTemperature
 .text.LPS22HH_TEMP_Get_DRDY_Status
                0x0000000008005096       0x2c ./Drivers/BSP/Components/lps22hh.o
                0x0000000008005096                LPS22HH_TEMP_Get_DRDY_Status
 .text.LPS22HH_Read_Reg
                0x00000000080050c2       0x34 ./Drivers/BSP/Components/lps22hh.o
                0x00000000080050c2                LPS22HH_Read_Reg
 .text.LPS22HH_Write_Reg
                0x00000000080050f6       0x36 ./Drivers/BSP/Components/lps22hh.o
                0x00000000080050f6                LPS22HH_Write_Reg
 .text.LPS22HH_GetOutputDataRate
                0x000000000800512c       0xc8 ./Drivers/BSP/Components/lps22hh.o
 .text.LPS22HH_SetOutputDataRate_When_Enabled
                0x00000000080051f4       0xe4 ./Drivers/BSP/Components/lps22hh.o
 .text.LPS22HH_SetOutputDataRate_When_Disabled
                0x00000000080052d8       0xb4 ./Drivers/BSP/Components/lps22hh.o
 .text.LPS22HH_Initialize
                0x000000000800538c       0x92 ./Drivers/BSP/Components/lps22hh.o
 .text.ReadRegWrap
                0x000000000800541e       0x36 ./Drivers/BSP/Components/lps22hh.o
 .text.WriteRegWrap
                0x0000000008005454       0x36 ./Drivers/BSP/Components/lps22hh.o
 .text.lps22hh_read_reg
                0x000000000800548a       0x30 ./Drivers/BSP/Components/lps22hh_reg.o
                0x000000000800548a                lps22hh_read_reg
 .text.lps22hh_write_reg
                0x00000000080054ba       0x30 ./Drivers/BSP/Components/lps22hh_reg.o
                0x00000000080054ba                lps22hh_write_reg
 *fill*         0x00000000080054ea        0x2 
 .text.lps22hh_from_lsb_to_hpa
                0x00000000080054ec       0x30 ./Drivers/BSP/Components/lps22hh_reg.o
                0x00000000080054ec                lps22hh_from_lsb_to_hpa
 .text.lps22hh_from_lsb_to_celsius
                0x000000000800551c       0x34 ./Drivers/BSP/Components/lps22hh_reg.o
                0x000000000800551c                lps22hh_from_lsb_to_celsius
 .text.lps22hh_block_data_update_set
                0x0000000008005550       0x4c ./Drivers/BSP/Components/lps22hh_reg.o
                0x0000000008005550                lps22hh_block_data_update_set
 .text.lps22hh_data_rate_set
                0x000000000800559c       0x9c ./Drivers/BSP/Components/lps22hh_reg.o
                0x000000000800559c                lps22hh_data_rate_set
 .text.lps22hh_data_rate_get
                0x0000000008005638      0x150 ./Drivers/BSP/Components/lps22hh_reg.o
                0x0000000008005638                lps22hh_data_rate_get
 .text.lps22hh_press_flag_data_ready_get
                0x0000000008005788       0x32 ./Drivers/BSP/Components/lps22hh_reg.o
                0x0000000008005788                lps22hh_press_flag_data_ready_get
 .text.lps22hh_temp_flag_data_ready_get
                0x00000000080057ba       0x32 ./Drivers/BSP/Components/lps22hh_reg.o
                0x00000000080057ba                lps22hh_temp_flag_data_ready_get
 .text.lps22hh_pressure_raw_get
                0x00000000080057ec       0x52 ./Drivers/BSP/Components/lps22hh_reg.o
                0x00000000080057ec                lps22hh_pressure_raw_get
 .text.lps22hh_temperature_raw_get
                0x000000000800583e       0x46 ./Drivers/BSP/Components/lps22hh_reg.o
                0x000000000800583e                lps22hh_temperature_raw_get
 .text.lps22hh_device_id_get
                0x0000000008005884       0x22 ./Drivers/BSP/Components/lps22hh_reg.o
                0x0000000008005884                lps22hh_device_id_get
 .text.lps22hh_auto_increment_set
                0x00000000080058a6       0x4c ./Drivers/BSP/Components/lps22hh_reg.o
                0x00000000080058a6                lps22hh_auto_increment_set
 .text.lps22hh_lp_bandwidth_set
                0x00000000080058f2       0x4c ./Drivers/BSP/Components/lps22hh_reg.o
                0x00000000080058f2                lps22hh_lp_bandwidth_set
 .text.lps22hh_i3c_interface_set
                0x000000000800593e       0x5e ./Drivers/BSP/Components/lps22hh_reg.o
                0x000000000800593e                lps22hh_i3c_interface_set
 .text.LSM6DSOX_RegisterBusIO
                0x000000000800599c       0xd4 ./Drivers/BSP/Components/lsm6dsox.o
                0x000000000800599c                LSM6DSOX_RegisterBusIO
 .text.LSM6DSOX_Init
                0x0000000008005a70       0xea ./Drivers/BSP/Components/lsm6dsox.o
                0x0000000008005a70                LSM6DSOX_Init
 .text.LSM6DSOX_DeInit
                0x0000000008005b5a       0x4e ./Drivers/BSP/Components/lsm6dsox.o
                0x0000000008005b5a                LSM6DSOX_DeInit
 .text.LSM6DSOX_ReadID
                0x0000000008005ba8       0x2c ./Drivers/BSP/Components/lsm6dsox.o
                0x0000000008005ba8                LSM6DSOX_ReadID
 .text.LSM6DSOX_GetCapabilities
                0x0000000008005bd4       0x5c ./Drivers/BSP/Components/lsm6dsox.o
                0x0000000008005bd4                LSM6DSOX_GetCapabilities
 .text.LSM6DSOX_ACC_Enable
                0x0000000008005c30       0x48 ./Drivers/BSP/Components/lsm6dsox.o
                0x0000000008005c30                LSM6DSOX_ACC_Enable
 .text.LSM6DSOX_ACC_Disable
                0x0000000008005c78       0x5e ./Drivers/BSP/Components/lsm6dsox.o
                0x0000000008005c78                LSM6DSOX_ACC_Disable
 *fill*         0x0000000008005cd6        0x2 
 .text.LSM6DSOX_ACC_GetSensitivity
                0x0000000008005cd8       0x8c ./Drivers/BSP/Components/lsm6dsox.o
                0x0000000008005cd8                LSM6DSOX_ACC_GetSensitivity
 .text.LSM6DSOX_ACC_GetOutputDataRate
                0x0000000008005d64      0x108 ./Drivers/BSP/Components/lsm6dsox.o
                0x0000000008005d64                LSM6DSOX_ACC_GetOutputDataRate
 .text.LSM6DSOX_ACC_SetOutputDataRate
                0x0000000008005e6c       0x22 ./Drivers/BSP/Components/lsm6dsox.o
                0x0000000008005e6c                LSM6DSOX_ACC_SetOutputDataRate
 *fill*         0x0000000008005e8e        0x2 
 .text.LSM6DSOX_ACC_SetOutputDataRate_With_Mode
                0x0000000008005e90      0x330 ./Drivers/BSP/Components/lsm6dsox.o
                0x0000000008005e90                LSM6DSOX_ACC_SetOutputDataRate_With_Mode
 .text.LSM6DSOX_ACC_GetFullScale
                0x00000000080061c0       0x7c ./Drivers/BSP/Components/lsm6dsox.o
                0x00000000080061c0                LSM6DSOX_ACC_GetFullScale
 .text.LSM6DSOX_ACC_SetFullScale
                0x000000000800623c       0x50 ./Drivers/BSP/Components/lsm6dsox.o
                0x000000000800623c                LSM6DSOX_ACC_SetFullScale
 .text.LSM6DSOX_ACC_GetAxesRaw
                0x000000000800628c       0x48 ./Drivers/BSP/Components/lsm6dsox.o
                0x000000000800628c                LSM6DSOX_ACC_GetAxesRaw
 .text.LSM6DSOX_ACC_GetAxes
                0x00000000080062d4       0xae ./Drivers/BSP/Components/lsm6dsox.o
                0x00000000080062d4                LSM6DSOX_ACC_GetAxes
 .text.LSM6DSOX_GYRO_Enable
                0x0000000008006382       0x48 ./Drivers/BSP/Components/lsm6dsox.o
                0x0000000008006382                LSM6DSOX_GYRO_Enable
 .text.LSM6DSOX_GYRO_Disable
                0x00000000080063ca       0x5e ./Drivers/BSP/Components/lsm6dsox.o
                0x00000000080063ca                LSM6DSOX_GYRO_Disable
 .text.LSM6DSOX_GYRO_GetSensitivity
                0x0000000008006428       0xa4 ./Drivers/BSP/Components/lsm6dsox.o
                0x0000000008006428                LSM6DSOX_GYRO_GetSensitivity
 .text.LSM6DSOX_GYRO_GetOutputDataRate
                0x00000000080064cc       0xf8 ./Drivers/BSP/Components/lsm6dsox.o
                0x00000000080064cc                LSM6DSOX_GYRO_GetOutputDataRate
 .text.LSM6DSOX_GYRO_SetOutputDataRate
                0x00000000080065c4       0x22 ./Drivers/BSP/Components/lsm6dsox.o
                0x00000000080065c4                LSM6DSOX_GYRO_SetOutputDataRate
 *fill*         0x00000000080065e6        0x2 
 .text.LSM6DSOX_GYRO_SetOutputDataRate_With_Mode
                0x00000000080065e8      0x11c ./Drivers/BSP/Components/lsm6dsox.o
                0x00000000080065e8                LSM6DSOX_GYRO_SetOutputDataRate_With_Mode
 .text.LSM6DSOX_GYRO_GetFullScale
                0x0000000008006704       0x94 ./Drivers/BSP/Components/lsm6dsox.o
                0x0000000008006704                LSM6DSOX_GYRO_GetFullScale
 .text.LSM6DSOX_GYRO_SetFullScale
                0x0000000008006798       0x5e ./Drivers/BSP/Components/lsm6dsox.o
                0x0000000008006798                LSM6DSOX_GYRO_SetFullScale
 .text.LSM6DSOX_GYRO_GetAxesRaw
                0x00000000080067f6       0x48 ./Drivers/BSP/Components/lsm6dsox.o
                0x00000000080067f6                LSM6DSOX_GYRO_GetAxesRaw
 .text.LSM6DSOX_GYRO_GetAxes
                0x000000000800683e       0xa8 ./Drivers/BSP/Components/lsm6dsox.o
                0x000000000800683e                LSM6DSOX_GYRO_GetAxes
 .text.LSM6DSOX_Read_Reg
                0x00000000080068e6       0x34 ./Drivers/BSP/Components/lsm6dsox.o
                0x00000000080068e6                LSM6DSOX_Read_Reg
 .text.LSM6DSOX_Write_Reg
                0x000000000800691a       0x36 ./Drivers/BSP/Components/lsm6dsox.o
                0x000000000800691a                LSM6DSOX_Write_Reg
 .text.LSM6DSOX_ACC_Get_DRDY_Status
                0x0000000008006950       0x2c ./Drivers/BSP/Components/lsm6dsox.o
                0x0000000008006950                LSM6DSOX_ACC_Get_DRDY_Status
 .text.LSM6DSOX_GYRO_Get_DRDY_Status
                0x000000000800697c       0x2c ./Drivers/BSP/Components/lsm6dsox.o
                0x000000000800697c                LSM6DSOX_GYRO_Get_DRDY_Status
 .text.LSM6DSOX_ACC_SetOutputDataRate_When_Enabled
                0x00000000080069a8      0x130 ./Drivers/BSP/Components/lsm6dsox.o
 .text.LSM6DSOX_ACC_SetOutputDataRate_When_Disabled
                0x0000000008006ad8      0x120 ./Drivers/BSP/Components/lsm6dsox.o
 .text.LSM6DSOX_GYRO_SetOutputDataRate_When_Enabled
                0x0000000008006bf8      0x118 ./Drivers/BSP/Components/lsm6dsox.o
 .text.LSM6DSOX_GYRO_SetOutputDataRate_When_Disabled
                0x0000000008006d10      0x104 ./Drivers/BSP/Components/lsm6dsox.o
 .text.ReadRegWrap
                0x0000000008006e14       0x36 ./Drivers/BSP/Components/lsm6dsox.o
 .text.WriteRegWrap
                0x0000000008006e4a       0x36 ./Drivers/BSP/Components/lsm6dsox.o
 .text.lsm6dsox_read_reg
                0x0000000008006e80       0x30 ./Drivers/BSP/Components/lsm6dsox_reg.o
                0x0000000008006e80                lsm6dsox_read_reg
 .text.lsm6dsox_write_reg
                0x0000000008006eb0       0x30 ./Drivers/BSP/Components/lsm6dsox_reg.o
                0x0000000008006eb0                lsm6dsox_write_reg
 .text.lsm6dsox_xl_full_scale_set
                0x0000000008006ee0       0x4c ./Drivers/BSP/Components/lsm6dsox_reg.o
                0x0000000008006ee0                lsm6dsox_xl_full_scale_set
 .text.lsm6dsox_xl_full_scale_get
                0x0000000008006f2c       0x70 ./Drivers/BSP/Components/lsm6dsox_reg.o
                0x0000000008006f2c                lsm6dsox_xl_full_scale_get
 .text.lsm6dsox_xl_data_rate_set
                0x0000000008006f9c      0x2e0 ./Drivers/BSP/Components/lsm6dsox_reg.o
                0x0000000008006f9c                lsm6dsox_xl_data_rate_set
 .text.lsm6dsox_xl_data_rate_get
                0x000000000800727c       0xd0 ./Drivers/BSP/Components/lsm6dsox_reg.o
                0x000000000800727c                lsm6dsox_xl_data_rate_get
 .text.lsm6dsox_gy_full_scale_set
                0x000000000800734c       0x4c ./Drivers/BSP/Components/lsm6dsox_reg.o
                0x000000000800734c                lsm6dsox_gy_full_scale_set
 .text.lsm6dsox_gy_full_scale_get
                0x0000000008007398       0x84 ./Drivers/BSP/Components/lsm6dsox_reg.o
                0x0000000008007398                lsm6dsox_gy_full_scale_get
 .text.lsm6dsox_gy_data_rate_set
                0x000000000800741c      0x2e4 ./Drivers/BSP/Components/lsm6dsox_reg.o
                0x000000000800741c                lsm6dsox_gy_data_rate_set
 .text.lsm6dsox_gy_data_rate_get
                0x0000000008007700       0xc4 ./Drivers/BSP/Components/lsm6dsox_reg.o
                0x0000000008007700                lsm6dsox_gy_data_rate_get
 .text.lsm6dsox_block_data_update_set
                0x00000000080077c4       0x4c ./Drivers/BSP/Components/lsm6dsox_reg.o
                0x00000000080077c4                lsm6dsox_block_data_update_set
 .text.lsm6dsox_xl_flag_data_ready_get
                0x0000000008007810       0x32 ./Drivers/BSP/Components/lsm6dsox_reg.o
                0x0000000008007810                lsm6dsox_xl_flag_data_ready_get
 .text.lsm6dsox_gy_flag_data_ready_get
                0x0000000008007842       0x32 ./Drivers/BSP/Components/lsm6dsox_reg.o
                0x0000000008007842                lsm6dsox_gy_flag_data_ready_get
 .text.lsm6dsox_angular_rate_raw_get
                0x0000000008007874       0x96 ./Drivers/BSP/Components/lsm6dsox_reg.o
                0x0000000008007874                lsm6dsox_angular_rate_raw_get
 .text.lsm6dsox_acceleration_raw_get
                0x000000000800790a       0x96 ./Drivers/BSP/Components/lsm6dsox_reg.o
                0x000000000800790a                lsm6dsox_acceleration_raw_get
 .text.lsm6dsox_mem_bank_set
                0x00000000080079a0       0x4c ./Drivers/BSP/Components/lsm6dsox_reg.o
                0x00000000080079a0                lsm6dsox_mem_bank_set
 .text.lsm6dsox_device_id_get
                0x00000000080079ec       0x22 ./Drivers/BSP/Components/lsm6dsox_reg.o
                0x00000000080079ec                lsm6dsox_device_id_get
 .text.lsm6dsox_auto_increment_set
                0x0000000008007a0e       0x4c ./Drivers/BSP/Components/lsm6dsox_reg.o
                0x0000000008007a0e                lsm6dsox_auto_increment_set
 .text.lsm6dsox_i3c_disable_set
                0x0000000008007a5a       0x8c ./Drivers/BSP/Components/lsm6dsox_reg.o
                0x0000000008007a5a                lsm6dsox_i3c_disable_set
 .text.lsm6dsox_fifo_mode_set
                0x0000000008007ae6       0x4c ./Drivers/BSP/Components/lsm6dsox_reg.o
                0x0000000008007ae6                lsm6dsox_fifo_mode_set
 .text.lsm6dsox_fsm_enable_get
                0x0000000008007b32       0x42 ./Drivers/BSP/Components/lsm6dsox_reg.o
                0x0000000008007b32                lsm6dsox_fsm_enable_get
 .text.lsm6dsox_fsm_data_rate_get
                0x0000000008007b74       0x90 ./Drivers/BSP/Components/lsm6dsox_reg.o
                0x0000000008007b74                lsm6dsox_fsm_data_rate_get
 .text.lsm6dsox_mlc_data_rate_get
                0x0000000008007c04       0x90 ./Drivers/BSP/Components/lsm6dsox_reg.o
                0x0000000008007c04                lsm6dsox_mlc_data_rate_get
 .text.lsm6dsox_embedded_sens_get
                0x0000000008007c94       0xc6 ./Drivers/BSP/Components/lsm6dsox_reg.o
                0x0000000008007c94                lsm6dsox_embedded_sens_get
 *fill*         0x0000000008007d5a        0x2 
 .text.STTS751_RegisterBusIO
                0x0000000008007d5c       0x94 ./Drivers/BSP/Components/stts751.o
                0x0000000008007d5c                STTS751_RegisterBusIO
 .text.STTS751_Init
                0x0000000008007df0       0x74 ./Drivers/BSP/Components/stts751.o
                0x0000000008007df0                STTS751_Init
 .text.STTS751_DeInit
                0x0000000008007e64       0x36 ./Drivers/BSP/Components/stts751.o
                0x0000000008007e64                STTS751_DeInit
 .text.STTS751_ReadID
                0x0000000008007e9a       0x36 ./Drivers/BSP/Components/stts751.o
                0x0000000008007e9a                STTS751_ReadID
 .text.STTS751_GetCapabilities
                0x0000000008007ed0       0x48 ./Drivers/BSP/Components/stts751.o
                0x0000000008007ed0                STTS751_GetCapabilities
 .text.STTS751_TEMP_Enable
                0x0000000008007f18       0x44 ./Drivers/BSP/Components/stts751.o
                0x0000000008007f18                STTS751_TEMP_Enable
 .text.STTS751_TEMP_Disable
                0x0000000008007f5c       0x58 ./Drivers/BSP/Components/stts751.o
                0x0000000008007f5c                STTS751_TEMP_Disable
 .text.STTS751_TEMP_GetOutputDataRate
                0x0000000008007fb4       0xf4 ./Drivers/BSP/Components/stts751.o
                0x0000000008007fb4                STTS751_TEMP_GetOutputDataRate
 .text.STTS751_TEMP_SetOutputDataRate
                0x00000000080080a8      0x184 ./Drivers/BSP/Components/stts751.o
                0x00000000080080a8                STTS751_TEMP_SetOutputDataRate
 .text.STTS751_TEMP_GetTemperature
                0x000000000800822c       0x44 ./Drivers/BSP/Components/stts751.o
                0x000000000800822c                STTS751_TEMP_GetTemperature
 .text.STTS751_TEMP_Get_DRDY_Status
                0x0000000008008270       0x44 ./Drivers/BSP/Components/stts751.o
                0x0000000008008270                STTS751_TEMP_Get_DRDY_Status
 .text.STTS751_Read_Reg
                0x00000000080082b4       0x34 ./Drivers/BSP/Components/stts751.o
                0x00000000080082b4                STTS751_Read_Reg
 .text.STTS751_Write_Reg
                0x00000000080082e8       0x36 ./Drivers/BSP/Components/stts751.o
                0x00000000080082e8                STTS751_Write_Reg
 .text.ReadRegWrap
                0x000000000800831e       0x6e ./Drivers/BSP/Components/stts751.o
 .text.WriteRegWrap
                0x000000000800838c       0x6e ./Drivers/BSP/Components/stts751.o
 .text.stts751_read_reg
                0x00000000080083fa       0x30 ./Drivers/BSP/Components/stts751_reg.o
                0x00000000080083fa                stts751_read_reg
 .text.stts751_write_reg
                0x000000000800842a       0x30 ./Drivers/BSP/Components/stts751_reg.o
                0x000000000800842a                stts751_write_reg
 *fill*         0x000000000800845a        0x2 
 .text.stts751_from_lsb_to_celsius
                0x000000000800845c       0x34 ./Drivers/BSP/Components/stts751_reg.o
                0x000000000800845c                stts751_from_lsb_to_celsius
 .text.stts751_temp_data_rate_set
                0x0000000008008490       0xac ./Drivers/BSP/Components/stts751_reg.o
                0x0000000008008490                stts751_temp_data_rate_set
 .text.stts751_temp_data_rate_get
                0x000000000800853c      0x100 ./Drivers/BSP/Components/stts751_reg.o
                0x000000000800853c                stts751_temp_data_rate_get
 .text.stts751_resolution_set
                0x000000000800863c       0x4c ./Drivers/BSP/Components/stts751_reg.o
                0x000000000800863c                stts751_resolution_set
 .text.stts751_resolution_get
                0x0000000008008688       0x70 ./Drivers/BSP/Components/stts751_reg.o
                0x0000000008008688                stts751_resolution_get
 .text.stts751_flag_busy_get
                0x00000000080086f8       0x32 ./Drivers/BSP/Components/stts751_reg.o
                0x00000000080086f8                stts751_flag_busy_get
 .text.stts751_temperature_raw_get
                0x000000000800872a       0x5e ./Drivers/BSP/Components/stts751_reg.o
                0x000000000800872a                stts751_temperature_raw_get
 .text.stts751_pin_event_route_set
                0x0000000008008788       0x4c ./Drivers/BSP/Components/stts751_reg.o
                0x0000000008008788                stts751_pin_event_route_set
 .text.stts751_device_id_get
                0x00000000080087d4       0x4e ./Drivers/BSP/Components/stts751_reg.o
                0x00000000080087d4                stts751_device_id_get
 *fill*         0x0000000008008822        0x2 
 .text.BSP_LED_Init
                0x0000000008008824       0xcc ./Drivers/BSP/SensorTileBox/SensorTile.box.o
                0x0000000008008824                BSP_LED_Init
 .text.BSP_LED_On
                0x00000000080088f0       0x58 ./Drivers/BSP/SensorTileBox/SensorTile.box.o
                0x00000000080088f0                BSP_LED_On
 .text.BSP_LED_Off
                0x0000000008008948       0x58 ./Drivers/BSP/SensorTileBox/SensorTile.box.o
                0x0000000008008948                BSP_LED_Off
 .text.BSP_LED_Toggle
                0x00000000080089a0       0x34 ./Drivers/BSP/SensorTileBox/SensorTile.box.o
                0x00000000080089a0                BSP_LED_Toggle
 .text.BSP_PB_Init
                0x00000000080089d4       0xdc ./Drivers/BSP/SensorTileBox/SensorTile.box.o
                0x00000000080089d4                BSP_PB_Init
 .text.BSP_I2C1_Init
                0x0000000008008ab0       0x64 ./Drivers/BSP/SensorTileBox/SensorTile.box_bus.o
                0x0000000008008ab0                BSP_I2C1_Init
 .text.BSP_I2C1_DeInit
                0x0000000008008b14       0x30 ./Drivers/BSP/SensorTileBox/SensorTile.box_bus.o
                0x0000000008008b14                BSP_I2C1_DeInit
 .text.BSP_I2C1_WriteReg
                0x0000000008008b44       0x54 ./Drivers/BSP/SensorTileBox/SensorTile.box_bus.o
                0x0000000008008b44                BSP_I2C1_WriteReg
 .text.BSP_I2C1_ReadReg
                0x0000000008008b98       0x50 ./Drivers/BSP/SensorTileBox/SensorTile.box_bus.o
                0x0000000008008b98                BSP_I2C1_ReadReg
 .text.BSP_I2C3_Init
                0x0000000008008be8       0x64 ./Drivers/BSP/SensorTileBox/SensorTile.box_bus.o
                0x0000000008008be8                BSP_I2C3_Init
 .text.BSP_I2C3_DeInit
                0x0000000008008c4c       0x30 ./Drivers/BSP/SensorTileBox/SensorTile.box_bus.o
                0x0000000008008c4c                BSP_I2C3_DeInit
 .text.BSP_I2C3_WriteReg
                0x0000000008008c7c       0x54 ./Drivers/BSP/SensorTileBox/SensorTile.box_bus.o
                0x0000000008008c7c                BSP_I2C3_WriteReg
 .text.BSP_I2C3_ReadReg
                0x0000000008008cd0       0x50 ./Drivers/BSP/SensorTileBox/SensorTile.box_bus.o
                0x0000000008008cd0                BSP_I2C3_ReadReg
 .text.BSP_SPI1_Init
                0x0000000008008d20       0x48 ./Drivers/BSP/SensorTileBox/SensorTile.box_bus.o
                0x0000000008008d20                BSP_SPI1_Init
 .text.BSP_SPI1_DeInit
                0x0000000008008d68       0x30 ./Drivers/BSP/SensorTileBox/SensorTile.box_bus.o
                0x0000000008008d68                BSP_SPI1_DeInit
 .text.BSP_SPI1_Send
                0x0000000008008d98       0x38 ./Drivers/BSP/SensorTileBox/SensorTile.box_bus.o
                0x0000000008008d98                BSP_SPI1_Send
 .text.BSP_SPI1_Recv
                0x0000000008008dd0       0x38 ./Drivers/BSP/SensorTileBox/SensorTile.box_bus.o
                0x0000000008008dd0                BSP_SPI1_Recv
 .text.BSP_SPI3_Init
                0x0000000008008e08       0x48 ./Drivers/BSP/SensorTileBox/SensorTile.box_bus.o
                0x0000000008008e08                BSP_SPI3_Init
 .text.BSP_SPI3_DeInit
                0x0000000008008e50       0x30 ./Drivers/BSP/SensorTileBox/SensorTile.box_bus.o
                0x0000000008008e50                BSP_SPI3_DeInit
 .text.BSP_SPI3_Send
                0x0000000008008e80       0x38 ./Drivers/BSP/SensorTileBox/SensorTile.box_bus.o
                0x0000000008008e80                BSP_SPI3_Send
 .text.BSP_GetTick
                0x0000000008008eb8        0xe ./Drivers/BSP/SensorTileBox/SensorTile.box_bus.o
                0x0000000008008eb8                BSP_GetTick
 *fill*         0x0000000008008ec6        0x2 
 .text.MX_SPI1_Init
                0x0000000008008ec8       0x84 ./Drivers/BSP/SensorTileBox/SensorTile.box_bus.o
                0x0000000008008ec8                MX_SPI1_Init
 .text.SPI1_MspInit
                0x0000000008008f4c       0x6c ./Drivers/BSP/SensorTileBox/SensorTile.box_bus.o
 .text.SPI1_MspDeInit
                0x0000000008008fb8       0x30 ./Drivers/BSP/SensorTileBox/SensorTile.box_bus.o
 .text.MX_SPI3_Init
                0x0000000008008fe8       0xa8 ./Drivers/BSP/SensorTileBox/SensorTile.box_bus.o
                0x0000000008008fe8                MX_SPI3_Init
 .text.SPI3_MspInit
                0x0000000008009090       0x68 ./Drivers/BSP/SensorTileBox/SensorTile.box_bus.o
 .text.SPI3_MspDeInit
                0x00000000080090f8       0x2c ./Drivers/BSP/SensorTileBox/SensorTile.box_bus.o
 .text.MX_I2C1_Init
                0x0000000008009124       0x88 ./Drivers/BSP/SensorTileBox/SensorTile.box_bus.o
                0x0000000008009124                MX_I2C1_Init
 .text.I2C1_MspInit
                0x00000000080091ac       0x68 ./Drivers/BSP/SensorTileBox/SensorTile.box_bus.o
 .text.I2C1_MspDeInit
                0x0000000008009214       0x2c ./Drivers/BSP/SensorTileBox/SensorTile.box_bus.o
 .text.MX_I2C3_Init
                0x0000000008009240       0x88 ./Drivers/BSP/SensorTileBox/SensorTile.box_bus.o
                0x0000000008009240                MX_I2C3_Init
 .text.I2C3_MspInit
                0x00000000080092c8       0x88 ./Drivers/BSP/SensorTileBox/SensorTile.box_bus.o
 .text.I2C3_MspDeInit
                0x0000000008009350       0x30 ./Drivers/BSP/SensorTileBox/SensorTile.box_bus.o
 .text.BSP_ENV_SENSOR_Init
                0x0000000008009380      0x1f8 ./Drivers/BSP/SensorTileBox/SensorTile.box_env_sensors.o
                0x0000000008009380                BSP_ENV_SENSOR_Init
 .text.BSP_ENV_SENSOR_Enable
                0x0000000008009578       0x84 ./Drivers/BSP/SensorTileBox/SensorTile.box_env_sensors.o
                0x0000000008009578                BSP_ENV_SENSOR_Enable
 .text.BSP_ENV_SENSOR_Disable
                0x00000000080095fc       0x84 ./Drivers/BSP/SensorTileBox/SensorTile.box_env_sensors.o
                0x00000000080095fc                BSP_ENV_SENSOR_Disable
 .text.BSP_ENV_SENSOR_GetOutputDataRate
                0x0000000008009680       0x88 ./Drivers/BSP/SensorTileBox/SensorTile.box_env_sensors.o
                0x0000000008009680                BSP_ENV_SENSOR_GetOutputDataRate
 .text.BSP_ENV_SENSOR_SetOutputDataRate
                0x0000000008009708       0x8c ./Drivers/BSP/SensorTileBox/SensorTile.box_env_sensors.o
                0x0000000008009708                BSP_ENV_SENSOR_SetOutputDataRate
 .text.BSP_ENV_SENSOR_GetValue
                0x0000000008009794       0x88 ./Drivers/BSP/SensorTileBox/SensorTile.box_env_sensors.o
                0x0000000008009794                BSP_ENV_SENSOR_GetValue
 .text.HTS221_0_Probe
                0x000000000800981c      0x154 ./Drivers/BSP/SensorTileBox/SensorTile.box_env_sensors.o
 .text.LPS22HH_0_Probe
                0x0000000008009970      0x158 ./Drivers/BSP/SensorTileBox/SensorTile.box_env_sensors.o
 .text.STTS751_0_Probe
                0x0000000008009ac8      0x114 ./Drivers/BSP/SensorTileBox/SensorTile.box_env_sensors.o
 .text.BSP_ENV_SENSOR_Get_DRDY_Status
                0x0000000008009bdc      0x13c ./Drivers/BSP/SensorTileBox/SensorTile.box_env_sensors_ex.o
                0x0000000008009bdc                BSP_ENV_SENSOR_Get_DRDY_Status
 .text.BSP_ENV_SENSOR_Read_Register
                0x0000000008009d18       0xb0 ./Drivers/BSP/SensorTileBox/SensorTile.box_env_sensors_ex.o
                0x0000000008009d18                BSP_ENV_SENSOR_Read_Register
 .text.BSP_ENV_SENSOR_Write_Register
                0x0000000008009dc8       0xb0 ./Drivers/BSP/SensorTileBox/SensorTile.box_env_sensors_ex.o
                0x0000000008009dc8                BSP_ENV_SENSOR_Write_Register
 .text.BSP_MOTION_SENSOR_Init
                0x0000000008009e78      0x264 ./Drivers/BSP/SensorTileBox/SensorTile.box_motion_sensors.o
                0x0000000008009e78                BSP_MOTION_SENSOR_Init
 .text.BSP_MOTION_SENSOR_Enable
                0x000000000800a0dc       0x84 ./Drivers/BSP/SensorTileBox/SensorTile.box_motion_sensors.o
                0x000000000800a0dc                BSP_MOTION_SENSOR_Enable
 .text.BSP_MOTION_SENSOR_Disable
                0x000000000800a160       0x84 ./Drivers/BSP/SensorTileBox/SensorTile.box_motion_sensors.o
                0x000000000800a160                BSP_MOTION_SENSOR_Disable
 .text.BSP_MOTION_SENSOR_GetAxes
                0x000000000800a1e4       0x88 ./Drivers/BSP/SensorTileBox/SensorTile.box_motion_sensors.o
                0x000000000800a1e4                BSP_MOTION_SENSOR_GetAxes
 .text.BSP_MOTION_SENSOR_GetOutputDataRate
                0x000000000800a26c       0x88 ./Drivers/BSP/SensorTileBox/SensorTile.box_motion_sensors.o
                0x000000000800a26c                BSP_MOTION_SENSOR_GetOutputDataRate
 .text.BSP_MOTION_SENSOR_GetFullScale
                0x000000000800a2f4       0x88 ./Drivers/BSP/SensorTileBox/SensorTile.box_motion_sensors.o
                0x000000000800a2f4                BSP_MOTION_SENSOR_GetFullScale
 .text.BSP_MOTION_SENSOR_SetOutputDataRate
                0x000000000800a37c       0x8c ./Drivers/BSP/SensorTileBox/SensorTile.box_motion_sensors.o
                0x000000000800a37c                BSP_MOTION_SENSOR_SetOutputDataRate
 .text.BSP_MOTION_SENSOR_SetFullScale
                0x000000000800a408       0x88 ./Drivers/BSP/SensorTileBox/SensorTile.box_motion_sensors.o
                0x000000000800a408                BSP_MOTION_SENSOR_SetFullScale
 .text.LIS2DW12_0_Probe
                0x000000000800a490      0x114 ./Drivers/BSP/SensorTileBox/SensorTile.box_motion_sensors.o
 .text.BSP_LIS2DW12_Init
                0x000000000800a5a4       0x70 ./Drivers/BSP/SensorTileBox/SensorTile.box_motion_sensors.o
 .text.BSP_LIS2DW12_DeInit
                0x000000000800a614       0x24 ./Drivers/BSP/SensorTileBox/SensorTile.box_motion_sensors.o
 .text.BSP_LIS2DW12_WriteReg
                0x000000000800a638       0x78 ./Drivers/BSP/SensorTileBox/SensorTile.box_motion_sensors.o
 .text.BSP_LIS2DW12_ReadReg
                0x000000000800a6b0       0x80 ./Drivers/BSP/SensorTileBox/SensorTile.box_motion_sensors.o
 .text.LIS2MDL_0_Probe
                0x000000000800a730      0x118 ./Drivers/BSP/SensorTileBox/SensorTile.box_motion_sensors.o
 .text.BSP_LIS2MDL_Init
                0x000000000800a848       0x70 ./Drivers/BSP/SensorTileBox/SensorTile.box_motion_sensors.o
 .text.BSP_LIS2MDL_DeInit
                0x000000000800a8b8       0x24 ./Drivers/BSP/SensorTileBox/SensorTile.box_motion_sensors.o
 .text.BSP_LIS2MDL_WriteReg
                0x000000000800a8dc       0x76 ./Drivers/BSP/SensorTileBox/SensorTile.box_motion_sensors.o
 *fill*         0x000000000800a952        0x2 
 .text.BSP_LIS2MDL_ReadReg
                0x000000000800a954       0xb4 ./Drivers/BSP/SensorTileBox/SensorTile.box_motion_sensors.o
 .text.LIS2MDL_SPI_Read_nBytes
                0x000000000800aa08       0xae ./Drivers/BSP/SensorTileBox/SensorTile.box_motion_sensors.o
 .text.LIS2MDL_SPI_Read
                0x000000000800aab6       0x76 ./Drivers/BSP/SensorTileBox/SensorTile.box_motion_sensors.o
 .text.LIS2MDL_SPI_Write
                0x000000000800ab2c       0x54 ./Drivers/BSP/SensorTileBox/SensorTile.box_motion_sensors.o
 .text.LIS3DHH_0_Probe
                0x000000000800ab80      0x118 ./Drivers/BSP/SensorTileBox/SensorTile.box_motion_sensors.o
 .text.BSP_LIS3DHH_Init
                0x000000000800ac98       0x70 ./Drivers/BSP/SensorTileBox/SensorTile.box_motion_sensors.o
 .text.BSP_LIS3DHH_DeInit
                0x000000000800ad08       0x24 ./Drivers/BSP/SensorTileBox/SensorTile.box_motion_sensors.o
 .text.BSP_LIS3DHH_WriteReg
                0x000000000800ad2c       0x78 ./Drivers/BSP/SensorTileBox/SensorTile.box_motion_sensors.o
 .text.BSP_LIS3DHH_ReadReg
                0x000000000800ada4       0x80 ./Drivers/BSP/SensorTileBox/SensorTile.box_motion_sensors.o
 .text.LSM6DSOX_0_Probe
                0x000000000800ae24      0x158 ./Drivers/BSP/SensorTileBox/SensorTile.box_motion_sensors.o
 .text.BSP_LSM6DSOX_Init
                0x000000000800af7c       0x70 ./Drivers/BSP/SensorTileBox/SensorTile.box_motion_sensors.o
 .text.BSP_LSM6DSOX_DeInit
                0x000000000800afec       0x24 ./Drivers/BSP/SensorTileBox/SensorTile.box_motion_sensors.o
 .text.BSP_LSM6DSOX_WriteReg
                0x000000000800b010       0x78 ./Drivers/BSP/SensorTileBox/SensorTile.box_motion_sensors.o
 .text.BSP_LSM6DSOX_ReadReg
                0x000000000800b088       0x80 ./Drivers/BSP/SensorTileBox/SensorTile.box_motion_sensors.o
 .text.BSP_MOTION_SENSOR_Get_DRDY_Status
                0x000000000800b108      0x148 ./Drivers/BSP/SensorTileBox/SensorTile.box_motion_sensors_ex.o
                0x000000000800b108                BSP_MOTION_SENSOR_Get_DRDY_Status
 .text.BSP_MOTION_SENSOR_Read_Register
                0x000000000800b250       0xdc ./Drivers/BSP/SensorTileBox/SensorTile.box_motion_sensors_ex.o
                0x000000000800b250                BSP_MOTION_SENSOR_Read_Register
 .text.BSP_MOTION_SENSOR_Write_Register
                0x000000000800b32c       0xdc ./Drivers/BSP/SensorTileBox/SensorTile.box_motion_sensors_ex.o
                0x000000000800b32c                BSP_MOTION_SENSOR_Write_Register
 .text.HAL_Init
                0x000000000800b408       0x30 ./Drivers/STM32L4xx_HAL_Driver/stm32l4xx_hal.o
                0x000000000800b408                HAL_Init
 .text.HAL_MspInit
                0x000000000800b438        0xe ./Drivers/STM32L4xx_HAL_Driver/stm32l4xx_hal.o
                0x000000000800b438                HAL_MspInit
 *fill*         0x000000000800b446        0x2 
 .text.HAL_InitTick
                0x000000000800b448       0x78 ./Drivers/STM32L4xx_HAL_Driver/stm32l4xx_hal.o
                0x000000000800b448                HAL_InitTick
 .text.HAL_IncTick
                0x000000000800b4c0       0x28 ./Drivers/STM32L4xx_HAL_Driver/stm32l4xx_hal.o
                0x000000000800b4c0                HAL_IncTick
 .text.HAL_GetTick
                0x000000000800b4e8       0x18 ./Drivers/STM32L4xx_HAL_Driver/stm32l4xx_hal.o
                0x000000000800b4e8                HAL_GetTick
 .text.HAL_Delay
                0x000000000800b500       0x48 ./Drivers/STM32L4xx_HAL_Driver/stm32l4xx_hal.o
                0x000000000800b500                HAL_Delay
 .text.__NVIC_SetPriorityGrouping
                0x000000000800b548       0x48 ./Drivers/STM32L4xx_HAL_Driver/stm32l4xx_hal_cortex.o
 .text.__NVIC_GetPriorityGrouping
                0x000000000800b590       0x1c ./Drivers/STM32L4xx_HAL_Driver/stm32l4xx_hal_cortex.o
 .text.__NVIC_EnableIRQ
                0x000000000800b5ac       0x3c ./Drivers/STM32L4xx_HAL_Driver/stm32l4xx_hal_cortex.o
 .text.__NVIC_SetPriority
                0x000000000800b5e8       0x54 ./Drivers/STM32L4xx_HAL_Driver/stm32l4xx_hal_cortex.o
 .text.NVIC_EncodePriority
                0x000000000800b63c       0x66 ./Drivers/STM32L4xx_HAL_Driver/stm32l4xx_hal_cortex.o
 *fill*         0x000000000800b6a2        0x2 
 .text.SysTick_Config
                0x000000000800b6a4       0x44 ./Drivers/STM32L4xx_HAL_Driver/stm32l4xx_hal_cortex.o
 .text.HAL_NVIC_SetPriorityGrouping
                0x000000000800b6e8       0x16 ./Drivers/STM32L4xx_HAL_Driver/stm32l4xx_hal_cortex.o
                0x000000000800b6e8                HAL_NVIC_SetPriorityGrouping
 .text.HAL_NVIC_SetPriority
                0x000000000800b6fe       0x38 ./Drivers/STM32L4xx_HAL_Driver/stm32l4xx_hal_cortex.o
                0x000000000800b6fe                HAL_NVIC_SetPriority
 .text.HAL_NVIC_EnableIRQ
                0x000000000800b736       0x1c ./Drivers/STM32L4xx_HAL_Driver/stm32l4xx_hal_cortex.o
                0x000000000800b736                HAL_NVIC_EnableIRQ
 .text.HAL_SYSTICK_Config
                0x000000000800b752       0x18 ./Drivers/STM32L4xx_HAL_Driver/stm32l4xx_hal_cortex.o
                0x000000000800b752                HAL_SYSTICK_Config
 *fill*         0x000000000800b76a        0x2 
 .text.HAL_GPIO_Init
                0x000000000800b76c      0x324 ./Drivers/STM32L4xx_HAL_Driver/stm32l4xx_hal_gpio.o
                0x000000000800b76c                HAL_GPIO_Init
 .text.HAL_GPIO_DeInit
                0x000000000800ba90      0x1e4 ./Drivers/STM32L4xx_HAL_Driver/stm32l4xx_hal_gpio.o
                0x000000000800ba90                HAL_GPIO_DeInit
 .text.HAL_GPIO_ReadPin
                0x000000000800bc74       0x30 ./Drivers/STM32L4xx_HAL_Driver/stm32l4xx_hal_gpio.o
                0x000000000800bc74                HAL_GPIO_ReadPin
 .text.HAL_GPIO_WritePin
                0x000000000800bca4       0x30 ./Drivers/STM32L4xx_HAL_Driver/stm32l4xx_hal_gpio.o
                0x000000000800bca4                HAL_GPIO_WritePin
 .text.HAL_GPIO_TogglePin
                0x000000000800bcd4       0x34 ./Drivers/STM32L4xx_HAL_Driver/stm32l4xx_hal_gpio.o
                0x000000000800bcd4                HAL_GPIO_TogglePin
 .text.HAL_GPIO_EXTI_IRQHandler
                0x000000000800bd08       0x30 ./Drivers/STM32L4xx_HAL_Driver/stm32l4xx_hal_gpio.o
                0x000000000800bd08                HAL_GPIO_EXTI_IRQHandler
 .text.HAL_I2C_Init
                0x000000000800bd38      0x11e ./Drivers/STM32L4xx_HAL_Driver/stm32l4xx_hal_i2c.o
                0x000000000800bd38                HAL_I2C_Init
 .text.HAL_I2C_DeInit
                0x000000000800be56       0x5e ./Drivers/STM32L4xx_HAL_Driver/stm32l4xx_hal_i2c.o
                0x000000000800be56                HAL_I2C_DeInit
 .text.HAL_I2C_MspInit
                0x000000000800beb4       0x14 ./Drivers/STM32L4xx_HAL_Driver/stm32l4xx_hal_i2c.o
                0x000000000800beb4                HAL_I2C_MspInit
 .text.HAL_I2C_MspDeInit
                0x000000000800bec8       0x14 ./Drivers/STM32L4xx_HAL_Driver/stm32l4xx_hal_i2c.o
                0x000000000800bec8                HAL_I2C_MspDeInit
 .text.HAL_I2C_Mem_Write
                0x000000000800bedc      0x228 ./Drivers/STM32L4xx_HAL_Driver/stm32l4xx_hal_i2c.o
                0x000000000800bedc                HAL_I2C_Mem_Write
 .text.HAL_I2C_Mem_Read
                0x000000000800c104      0x234 ./Drivers/STM32L4xx_HAL_Driver/stm32l4xx_hal_i2c.o
                0x000000000800c104                HAL_I2C_Mem_Read
 .text.HAL_I2C_GetState
                0x000000000800c338       0x1c ./Drivers/STM32L4xx_HAL_Driver/stm32l4xx_hal_i2c.o
                0x000000000800c338                HAL_I2C_GetState
 .text.I2C_RequestMemoryWrite
                0x000000000800c354       0xa8 ./Drivers/STM32L4xx_HAL_Driver/stm32l4xx_hal_i2c.o
 .text.I2C_RequestMemoryRead
                0x000000000800c3fc       0xa8 ./Drivers/STM32L4xx_HAL_Driver/stm32l4xx_hal_i2c.o
 .text.I2C_Flush_TXDR
                0x000000000800c4a4       0x48 ./Drivers/STM32L4xx_HAL_Driver/stm32l4xx_hal_i2c.o
 .text.I2C_WaitOnFlagUntilTimeout
                0x000000000800c4ec       0x80 ./Drivers/STM32L4xx_HAL_Driver/stm32l4xx_hal_i2c.o
 .text.I2C_WaitOnTXISFlagUntilTimeout
                0x000000000800c56c       0x80 ./Drivers/STM32L4xx_HAL_Driver/stm32l4xx_hal_i2c.o
 .text.I2C_WaitOnSTOPFlagUntilTimeout
                0x000000000800c5ec       0x78 ./Drivers/STM32L4xx_HAL_Driver/stm32l4xx_hal_i2c.o
 .text.I2C_IsErrorOccurred
                0x000000000800c664      0x1d8 ./Drivers/STM32L4xx_HAL_Driver/stm32l4xx_hal_i2c.o
 .text.I2C_TransferConfig
                0x000000000800c83c       0x64 ./Drivers/STM32L4xx_HAL_Driver/stm32l4xx_hal_i2c.o
 .text.HAL_I2CEx_ConfigAnalogFilter
                0x000000000800c8a0       0x96 ./Drivers/STM32L4xx_HAL_Driver/stm32l4xx_hal_i2c_ex.o
                0x000000000800c8a0                HAL_I2CEx_ConfigAnalogFilter
 .text.HAL_I2CEx_ConfigDigitalFilter
                0x000000000800c936       0x98 ./Drivers/STM32L4xx_HAL_Driver/stm32l4xx_hal_i2c_ex.o
                0x000000000800c936                HAL_I2CEx_ConfigDigitalFilter
 .text.HAL_PCD_Init
                0x000000000800c9ce      0x248 ./Drivers/STM32L4xx_HAL_Driver/stm32l4xx_hal_pcd.o
                0x000000000800c9ce                HAL_PCD_Init
 .text.HAL_PCD_Start
                0x000000000800cc16       0x5e ./Drivers/STM32L4xx_HAL_Driver/stm32l4xx_hal_pcd.o
                0x000000000800cc16                HAL_PCD_Start
 .text.HAL_PCD_IRQHandler
                0x000000000800cc74      0x732 ./Drivers/STM32L4xx_HAL_Driver/stm32l4xx_hal_pcd.o
                0x000000000800cc74                HAL_PCD_IRQHandler
 .text.HAL_PCD_SetAddress
                0x000000000800d3a6       0x4a ./Drivers/STM32L4xx_HAL_Driver/stm32l4xx_hal_pcd.o
                0x000000000800d3a6                HAL_PCD_SetAddress
 .text.HAL_PCD_EP_Open
                0x000000000800d3f0       0xd0 ./Drivers/STM32L4xx_HAL_Driver/stm32l4xx_hal_pcd.o
                0x000000000800d3f0                HAL_PCD_EP_Open
 .text.HAL_PCD_EP_Close
                0x000000000800d4c0       0x94 ./Drivers/STM32L4xx_HAL_Driver/stm32l4xx_hal_pcd.o
                0x000000000800d4c0                HAL_PCD_EP_Close
 .text.HAL_PCD_EP_Receive
                0x000000000800d554       0x7c ./Drivers/STM32L4xx_HAL_Driver/stm32l4xx_hal_pcd.o
                0x000000000800d554                HAL_PCD_EP_Receive
 .text.HAL_PCD_EP_GetRxCount
                0x000000000800d5d0       0x30 ./Drivers/STM32L4xx_HAL_Driver/stm32l4xx_hal_pcd.o
                0x000000000800d5d0                HAL_PCD_EP_GetRxCount
 .text.HAL_PCD_EP_Transmit
                0x000000000800d600       0x7a ./Drivers/STM32L4xx_HAL_Driver/stm32l4xx_hal_pcd.o
                0x000000000800d600                HAL_PCD_EP_Transmit
 .text.HAL_PCD_EP_SetStall
                0x000000000800d67a       0xc4 ./Drivers/STM32L4xx_HAL_Driver/stm32l4xx_hal_pcd.o
                0x000000000800d67a                HAL_PCD_EP_SetStall
 .text.HAL_PCD_EP_ClrStall
                0x000000000800d73e       0xac ./Drivers/STM32L4xx_HAL_Driver/stm32l4xx_hal_pcd.o
                0x000000000800d73e                HAL_PCD_EP_ClrStall
 .text.PCD_WriteEmptyTxFifo
                0x000000000800d7ea      0x110 ./Drivers/STM32L4xx_HAL_Driver/stm32l4xx_hal_pcd.o
 *fill*         0x000000000800d8fa        0x2 
 .text.PCD_EP_OutXfrComplete_int
                0x000000000800d8fc       0x9c ./Drivers/STM32L4xx_HAL_Driver/stm32l4xx_hal_pcd.o
 .text.PCD_EP_OutSetupPacket_int
                0x000000000800d998       0x68 ./Drivers/STM32L4xx_HAL_Driver/stm32l4xx_hal_pcd.o
 .text.HAL_PCDEx_SetTxFiFo
                0x000000000800da00       0x8e ./Drivers/STM32L4xx_HAL_Driver/stm32l4xx_hal_pcd_ex.o
                0x000000000800da00                HAL_PCDEx_SetTxFiFo
 .text.HAL_PCDEx_SetRxFiFo
                0x000000000800da8e       0x22 ./Drivers/STM32L4xx_HAL_Driver/stm32l4xx_hal_pcd_ex.o
                0x000000000800da8e                HAL_PCDEx_SetRxFiFo
 .text.HAL_PCDEx_ActivateLPM
                0x000000000800dab0       0x48 ./Drivers/STM32L4xx_HAL_Driver/stm32l4xx_hal_pcd_ex.o
                0x000000000800dab0                HAL_PCDEx_ActivateLPM
 .text.HAL_PCDEx_LPM_Callback
                0x000000000800daf8       0x18 ./Drivers/STM32L4xx_HAL_Driver/stm32l4xx_hal_pcd_ex.o
                0x000000000800daf8                HAL_PCDEx_LPM_Callback
 .text.HAL_PWR_EnableBkUpAccess
                0x000000000800db10       0x20 ./Drivers/STM32L4xx_HAL_Driver/stm32l4xx_hal_pwr.o
                0x000000000800db10                HAL_PWR_EnableBkUpAccess
 .text.HAL_PWR_DisableBkUpAccess
                0x000000000800db30       0x20 ./Drivers/STM32L4xx_HAL_Driver/stm32l4xx_hal_pwr.o
                0x000000000800db30                HAL_PWR_DisableBkUpAccess
 .text.HAL_PWREx_GetVoltageRange
                0x000000000800db50       0x40 ./Drivers/STM32L4xx_HAL_Driver/stm32l4xx_hal_pwr_ex.o
                0x000000000800db50                HAL_PWREx_GetVoltageRange
 .text.HAL_PWREx_EnableVddUSB
                0x000000000800db90       0x20 ./Drivers/STM32L4xx_HAL_Driver/stm32l4xx_hal_pwr_ex.o
                0x000000000800db90                HAL_PWREx_EnableVddUSB
 .text.HAL_PWREx_EnableVddIO2
                0x000000000800dbb0       0x20 ./Drivers/STM32L4xx_HAL_Driver/stm32l4xx_hal_pwr_ex.o
                0x000000000800dbb0                HAL_PWREx_EnableVddIO2
 .text.HAL_RCC_OscConfig
                0x000000000800dbd0      0x84c ./Drivers/STM32L4xx_HAL_Driver/stm32l4xx_hal_rcc.o
                0x000000000800dbd0                HAL_RCC_OscConfig
 .text.HAL_RCC_ClockConfig
                0x000000000800e41c      0x258 ./Drivers/STM32L4xx_HAL_Driver/stm32l4xx_hal_rcc.o
                0x000000000800e41c                HAL_RCC_ClockConfig
 .text.HAL_RCC_GetSysClockFreq
                0x000000000800e674      0x114 ./Drivers/STM32L4xx_HAL_Driver/stm32l4xx_hal_rcc.o
                0x000000000800e674                HAL_RCC_GetSysClockFreq
 .text.HAL_RCC_GetHCLKFreq
                0x000000000800e788       0x18 ./Drivers/STM32L4xx_HAL_Driver/stm32l4xx_hal_rcc.o
                0x000000000800e788                HAL_RCC_GetHCLKFreq
 .text.RCC_SetFlashLatencyFromMSIRange
                0x000000000800e7a0       0xb4 ./Drivers/STM32L4xx_HAL_Driver/stm32l4xx_hal_rcc.o
 .text.RCC_GetSysClockFreqFromPLLSource
                0x000000000800e854       0xcc ./Drivers/STM32L4xx_HAL_Driver/stm32l4xx_hal_rcc.o
 .text.HAL_RCCEx_PeriphCLKConfig
                0x000000000800e920      0x720 ./Drivers/STM32L4xx_HAL_Driver/stm32l4xx_hal_rcc_ex.o
                0x000000000800e920                HAL_RCCEx_PeriphCLKConfig
 .text.HAL_RCCEx_DisableLSECSS
                0x000000000800f040       0x30 ./Drivers/STM32L4xx_HAL_Driver/stm32l4xx_hal_rcc_ex.o
                0x000000000800f040                HAL_RCCEx_DisableLSECSS
 .text.HAL_RCCEx_EnableMSIPLLMode
                0x000000000800f070       0x20 ./Drivers/STM32L4xx_HAL_Driver/stm32l4xx_hal_rcc_ex.o
                0x000000000800f070                HAL_RCCEx_EnableMSIPLLMode
 .text.RCCEx_PLLSAI1_Config
                0x000000000800f090      0x1e8 ./Drivers/STM32L4xx_HAL_Driver/stm32l4xx_hal_rcc_ex.o
 .text.RCCEx_PLLSAI2_Config
                0x000000000800f278      0x1e8 ./Drivers/STM32L4xx_HAL_Driver/stm32l4xx_hal_rcc_ex.o
 .text.HAL_RTC_Init
                0x000000000800f460       0xf6 ./Drivers/STM32L4xx_HAL_Driver/stm32l4xx_hal_rtc.o
                0x000000000800f460                HAL_RTC_Init
 .text.HAL_RTC_SetTime
                0x000000000800f556      0x13a ./Drivers/STM32L4xx_HAL_Driver/stm32l4xx_hal_rtc.o
                0x000000000800f556                HAL_RTC_SetTime
 .text.HAL_RTC_SetDate
                0x000000000800f690      0x10e ./Drivers/STM32L4xx_HAL_Driver/stm32l4xx_hal_rtc.o
                0x000000000800f690                HAL_RTC_SetDate
 .text.HAL_RTC_WaitForSynchro
                0x000000000800f79e       0x4c ./Drivers/STM32L4xx_HAL_Driver/stm32l4xx_hal_rtc.o
                0x000000000800f79e                HAL_RTC_WaitForSynchro
 .text.RTC_EnterInitMode
                0x000000000800f7ea       0x66 ./Drivers/STM32L4xx_HAL_Driver/stm32l4xx_hal_rtc.o
                0x000000000800f7ea                RTC_EnterInitMode
 .text.RTC_ExitInitMode
                0x000000000800f850       0x7c ./Drivers/STM32L4xx_HAL_Driver/stm32l4xx_hal_rtc.o
                0x000000000800f850                RTC_ExitInitMode
 .text.RTC_ByteToBcd2
                0x000000000800f8cc       0x40 ./Drivers/STM32L4xx_HAL_Driver/stm32l4xx_hal_rtc.o
                0x000000000800f8cc                RTC_ByteToBcd2
 .text.HAL_SPI_Init
                0x000000000800f90c      0x198 ./Drivers/STM32L4xx_HAL_Driver/stm32l4xx_hal_spi.o
                0x000000000800f90c                HAL_SPI_Init
 .text.HAL_SPI_DeInit
                0x000000000800faa4       0x50 ./Drivers/STM32L4xx_HAL_Driver/stm32l4xx_hal_spi.o
                0x000000000800faa4                HAL_SPI_DeInit
 .text.HAL_SPI_MspInit
                0x000000000800faf4       0x14 ./Drivers/STM32L4xx_HAL_Driver/stm32l4xx_hal_spi.o
                0x000000000800faf4                HAL_SPI_MspInit
 .text.HAL_SPI_MspDeInit
                0x000000000800fb08       0x14 ./Drivers/STM32L4xx_HAL_Driver/stm32l4xx_hal_spi.o
                0x000000000800fb08                HAL_SPI_MspDeInit
 .text.HAL_SPI_Transmit
                0x000000000800fb1c      0x320 ./Drivers/STM32L4xx_HAL_Driver/stm32l4xx_hal_spi.o
                0x000000000800fb1c                HAL_SPI_Transmit
 .text.HAL_SPI_Receive
                0x000000000800fe3c      0x3d2 ./Drivers/STM32L4xx_HAL_Driver/stm32l4xx_hal_spi.o
                0x000000000800fe3c                HAL_SPI_Receive
 .text.HAL_SPI_TransmitReceive
                0x000000000801020e      0x5c8 ./Drivers/STM32L4xx_HAL_Driver/stm32l4xx_hal_spi.o
                0x000000000801020e                HAL_SPI_TransmitReceive
 .text.HAL_SPI_GetState
                0x00000000080107d6       0x1c ./Drivers/STM32L4xx_HAL_Driver/stm32l4xx_hal_spi.o
                0x00000000080107d6                HAL_SPI_GetState
 *fill*         0x00000000080107f2        0x2 
 .text.SPI_WaitFlagStateUntilTimeout
                0x00000000080107f4      0x110 ./Drivers/STM32L4xx_HAL_Driver/stm32l4xx_hal_spi.o
 .text.SPI_WaitFifoStateUntilTimeout
                0x0000000008010904      0x12c ./Drivers/STM32L4xx_HAL_Driver/stm32l4xx_hal_spi.o
 .text.SPI_EndRxTransaction
                0x0000000008010a30       0xb0 ./Drivers/STM32L4xx_HAL_Driver/stm32l4xx_hal_spi.o
 .text.SPI_EndRxTxTransaction
                0x0000000008010ae0       0x8c ./Drivers/STM32L4xx_HAL_Driver/stm32l4xx_hal_spi.o
 .text.HAL_TIM_Base_Init
                0x0000000008010b6c       0xae ./Drivers/STM32L4xx_HAL_Driver/stm32l4xx_hal_tim.o
                0x0000000008010b6c                HAL_TIM_Base_Init
 .text.HAL_TIM_Base_MspInit
                0x0000000008010c1a       0x14 ./Drivers/STM32L4xx_HAL_Driver/stm32l4xx_hal_tim.o
                0x0000000008010c1a                HAL_TIM_Base_MspInit
 *fill*         0x0000000008010c2e        0x2 
 .text.HAL_TIM_Base_Start_IT
                0x0000000008010c30       0xe0 ./Drivers/STM32L4xx_HAL_Driver/stm32l4xx_hal_tim.o
                0x0000000008010c30                HAL_TIM_Base_Start_IT
 .text.HAL_TIM_IRQHandler
                0x0000000008010d10      0x23e ./Drivers/STM32L4xx_HAL_Driver/stm32l4xx_hal_tim.o
                0x0000000008010d10                HAL_TIM_IRQHandler
 .text.HAL_TIM_OC_DelayElapsedCallback
                0x0000000008010f4e       0x14 ./Drivers/STM32L4xx_HAL_Driver/stm32l4xx_hal_tim.o
                0x0000000008010f4e                HAL_TIM_OC_DelayElapsedCallback
 .text.HAL_TIM_IC_CaptureCallback
                0x0000000008010f62       0x14 ./Drivers/STM32L4xx_HAL_Driver/stm32l4xx_hal_tim.o
                0x0000000008010f62                HAL_TIM_IC_CaptureCallback
 .text.HAL_TIM_PWM_PulseFinishedCallback
                0x0000000008010f76       0x14 ./Drivers/STM32L4xx_HAL_Driver/stm32l4xx_hal_tim.o
                0x0000000008010f76                HAL_TIM_PWM_PulseFinishedCallback
 .text.HAL_TIM_TriggerCallback
                0x0000000008010f8a       0x14 ./Drivers/STM32L4xx_HAL_Driver/stm32l4xx_hal_tim.o
                0x0000000008010f8a                HAL_TIM_TriggerCallback
 *fill*         0x0000000008010f9e        0x2 
 .text.TIM_Base_SetConfig
                0x0000000008010fa0      0x134 ./Drivers/STM32L4xx_HAL_Driver/stm32l4xx_hal_tim.o
                0x0000000008010fa0                TIM_Base_SetConfig
 .text.HAL_TIMEx_CommutCallback
                0x00000000080110d4       0x14 ./Drivers/STM32L4xx_HAL_Driver/stm32l4xx_hal_tim_ex.o
                0x00000000080110d4                HAL_TIMEx_CommutCallback
 .text.HAL_TIMEx_BreakCallback
                0x00000000080110e8       0x14 ./Drivers/STM32L4xx_HAL_Driver/stm32l4xx_hal_tim_ex.o
                0x00000000080110e8                HAL_TIMEx_BreakCallback
 .text.HAL_TIMEx_Break2Callback
                0x00000000080110fc       0x14 ./Drivers/STM32L4xx_HAL_Driver/stm32l4xx_hal_tim_ex.o
                0x00000000080110fc                HAL_TIMEx_Break2Callback
 .text.USB_CoreInit
                0x0000000008011110       0x58 ./Drivers/STM32L4xx_HAL_Driver/stm32l4xx_ll_usb.o
                0x0000000008011110                USB_CoreInit
 .text.USB_SetTurnaroundTime
                0x0000000008011168      0x138 ./Drivers/STM32L4xx_HAL_Driver/stm32l4xx_ll_usb.o
                0x0000000008011168                USB_SetTurnaroundTime
 .text.USB_EnableGlobalInt
                0x00000000080112a0       0x22 ./Drivers/STM32L4xx_HAL_Driver/stm32l4xx_ll_usb.o
                0x00000000080112a0                USB_EnableGlobalInt
 .text.USB_DisableGlobalInt
                0x00000000080112c2       0x22 ./Drivers/STM32L4xx_HAL_Driver/stm32l4xx_ll_usb.o
                0x00000000080112c2                USB_DisableGlobalInt