/home/dell/Assignment/assignment/demo/Drivers/BSP/Components/lis3dhh/lis3dhh.c:85:9:LIS3DHH_RegisterBusIO	24	static
/home/dell/Assignment/assignment/demo/Drivers/BSP/Components/lis3dhh/lis3dhh.c:125:9:LIS3DHH_Init	16	static
/home/dell/Assignment/assignment/demo/Drivers/BSP/Components/lis3dhh/lis3dhh.c:165:9:LIS3DHH_DeInit	16	static
/home/dell/Assignment/assignment/demo/Drivers/BSP/Components/lis3dhh/lis3dhh.c:187:9:LIS3DHH_ReadID	16	static
/home/dell/Assignment/assignment/demo/Drivers/BSP/Components/lis3dhh/lis3dhh.c:203:9:LIS3DHH_GetCapabilities	16	static
/home/dell/Assignment/assignment/demo/Drivers/BSP/Components/lis3dhh/lis3dhh.c:226:9:LIS3DHH_ACC_Enable	16	static
/home/dell/Assignment/assignment/demo/Drivers/BSP/Components/lis3dhh/lis3dhh.c:250:9:LIS3DHH_ACC_Disable	16	static
/home/dell/Assignment/assignment/demo/Drivers/BSP/Components/lis3dhh/lis3dhh.c:281:9:LIS3DHH_ACC_GetSensitivity	24	static
/home/dell/Assignment/assignment/demo/Drivers/BSP/Components/lis3dhh/lis3dhh.c:297:9:LIS3DHH_ACC_GetOutputDataRate	24	static
/home/dell/Assignment/assignment/demo/Drivers/BSP/Components/lis3dhh/lis3dhh.c:334:9:LIS3DHH_ACC_SetOutputDataRate	16	static
/home/dell/Assignment/assignment/demo/Drivers/BSP/Components/lis3dhh/lis3dhh.c:353:9:LIS3DHH_ACC_GetFullScale	24	static
/home/dell/Assignment/assignment/demo/Drivers/BSP/Components/lis3dhh/lis3dhh.c:368:9:LIS3DHH_ACC_SetFullScale	16	static
/home/dell/Assignment/assignment/demo/Drivers/BSP/Components/lis3dhh/lis3dhh.c:379:9:LIS3DHH_ACC_GetAxesRaw	32	static
/home/dell/Assignment/assignment/demo/Drivers/BSP/Components/lis3dhh/lis3dhh.c:423:9:LIS3DHH_ACC_GetAxes	24	static
/home/dell/Assignment/assignment/demo/Drivers/BSP/Components/lis3dhh/lis3dhh.c:448:9:LIS3DHH_Read_Reg	24	static
/home/dell/Assignment/assignment/demo/Drivers/BSP/Components/lis3dhh/lis3dhh.c:465:9:LIS3DHH_Write_Reg	16	static
/home/dell/Assignment/assignment/demo/Drivers/BSP/Components/lis3dhh/lis3dhh.c:480:9:LIS3DHH_ACC_Enable_DRDY_Interrupt	16	static
/home/dell/Assignment/assignment/demo/Drivers/BSP/Components/lis3dhh/lis3dhh.c:498:9:LIS3DHH_ACC_Set_Filter_Mode	16	static
/home/dell/Assignment/assignment/demo/Drivers/BSP/Components/lis3dhh/lis3dhh.c:515:9:LIS3DHH_ACC_Get_DRDY_Status	16	static
/home/dell/Assignment/assignment/demo/Drivers/BSP/Components/lis3dhh/lis3dhh.c:531:9:LIS3DHH_FIFO_Get_Num_Samples	24	static
/home/dell/Assignment/assignment/demo/Drivers/BSP/Components/lis3dhh/lis3dhh.c:558:9:LIS3DHH_FIFO_Set_Mode	24	static
/home/dell/Assignment/assignment/demo/Drivers/BSP/Components/lis3dhh/lis3dhh.c:601:16:LIS3DHH_ACC_SetOutputDataRate_When_Enabled	24	static
/home/dell/Assignment/assignment/demo/Drivers/BSP/Components/lis3dhh/lis3dhh.c:631:16:LIS3DHH_ACC_SetOutputDataRate_When_Disabled	16	static
/home/dell/Assignment/assignment/demo/Drivers/BSP/Components/lis3dhh/lis3dhh.c:654:16:ReadRegWrap	40	static
/home/dell/Assignment/assignment/demo/Drivers/BSP/Components/lis3dhh/lis3dhh.c:669:16:WriteRegWrap	40	static
