/home/dell/Assignment/assignment/demo/Drivers/BSP/Components/lis3dhh/lis3dhh_reg.c:48:9:lis3dhh_read_reg	40	static
/home/dell/Assignment/assignment/demo/Drivers/BSP/Components/lis3dhh/lis3dhh_reg.c:69:9:lis3dhh_write_reg	40	static
/home/dell/Assignment/assignment/demo/Drivers/BSP/Components/lis3dhh/lis3dhh_reg.c:92:9:lis3dhh_from_lsb_to_mg	16	static
/home/dell/Assignment/assignment/demo/Drivers/BSP/Components/lis3dhh/lis3dhh_reg.c:97:9:lis3dhh_from_lsb_to_celsius	16	static
/home/dell/Assignment/assignment/demo/Drivers/BSP/Components/lis3dhh/lis3dhh_reg.c:123:9:lis3dhh_block_data_update_set	24	static
/home/dell/Assignment/assignment/demo/Drivers/BSP/Components/lis3dhh/lis3dhh_reg.c:147:9:lis3dhh_block_data_update_get	24	static
/home/dell/Assignment/assignment/demo/Drivers/BSP/Components/lis3dhh/lis3dhh_reg.c:166:9:lis3dhh_data_rate_set	24	static
/home/dell/Assignment/assignment/demo/Drivers/BSP/Components/lis3dhh/lis3dhh_reg.c:191:9:lis3dhh_data_rate_get	24	static
/home/dell/Assignment/assignment/demo/Drivers/BSP/Components/lis3dhh/lis3dhh_reg.c:225:9:lis3dhh_temperature_raw_get	24	static
/home/dell/Assignment/assignment/demo/Drivers/BSP/Components/lis3dhh/lis3dhh_reg.c:245:9:lis3dhh_acceleration_raw_get	32	static
/home/dell/Assignment/assignment/demo/Drivers/BSP/Components/lis3dhh/lis3dhh_reg.c:269:9:lis3dhh_xl_data_ready_get	24	static
/home/dell/Assignment/assignment/demo/Drivers/BSP/Components/lis3dhh/lis3dhh_reg.c:288:9:lis3dhh_xl_data_ovr_get	24	static
/home/dell/Assignment/assignment/demo/Drivers/BSP/Components/lis3dhh/lis3dhh_reg.c:319:9:lis3dhh_device_id_get	24	static
/home/dell/Assignment/assignment/demo/Drivers/BSP/Components/lis3dhh/lis3dhh_reg.c:336:9:lis3dhh_reset_set	24	static
/home/dell/Assignment/assignment/demo/Drivers/BSP/Components/lis3dhh/lis3dhh_reg.c:360:9:lis3dhh_reset_get	24	static
/home/dell/Assignment/assignment/demo/Drivers/BSP/Components/lis3dhh/lis3dhh_reg.c:379:9:lis3dhh_boot_set	24	static
/home/dell/Assignment/assignment/demo/Drivers/BSP/Components/lis3dhh/lis3dhh_reg.c:403:9:lis3dhh_boot_get	24	static
/home/dell/Assignment/assignment/demo/Drivers/BSP/Components/lis3dhh/lis3dhh_reg.c:422:9:lis3dhh_self_test_set	24	static
/home/dell/Assignment/assignment/demo/Drivers/BSP/Components/lis3dhh/lis3dhh_reg.c:446:9:lis3dhh_self_test_get	24	static
/home/dell/Assignment/assignment/demo/Drivers/BSP/Components/lis3dhh/lis3dhh_reg.c:483:9:lis3dhh_filter_config_set	24	static
/home/dell/Assignment/assignment/demo/Drivers/BSP/Components/lis3dhh/lis3dhh_reg.c:508:9:lis3dhh_filter_config_get	24	static
/home/dell/Assignment/assignment/demo/Drivers/BSP/Components/lis3dhh/lis3dhh_reg.c:550:9:lis3dhh_status_get	24	static
/home/dell/Assignment/assignment/demo/Drivers/BSP/Components/lis3dhh/lis3dhh_reg.c:579:9:lis3dhh_drdy_notification_mode_set	24	static
/home/dell/Assignment/assignment/demo/Drivers/BSP/Components/lis3dhh/lis3dhh_reg.c:604:9:lis3dhh_drdy_notification_mode_get	24	static
/home/dell/Assignment/assignment/demo/Drivers/BSP/Components/lis3dhh/lis3dhh_reg.c:639:9:lis3dhh_int1_mode_set	24	static
/home/dell/Assignment/assignment/demo/Drivers/BSP/Components/lis3dhh/lis3dhh_reg.c:665:9:lis3dhh_int1_mode_get	24	static
/home/dell/Assignment/assignment/demo/Drivers/BSP/Components/lis3dhh/lis3dhh_reg.c:699:9:lis3dhh_fifo_threshold_on_int1_set	24	static
/home/dell/Assignment/assignment/demo/Drivers/BSP/Components/lis3dhh/lis3dhh_reg.c:724:9:lis3dhh_fifo_threshold_on_int1_get	24	static
/home/dell/Assignment/assignment/demo/Drivers/BSP/Components/lis3dhh/lis3dhh_reg.c:744:9:lis3dhh_fifo_full_on_int1_set	24	static
/home/dell/Assignment/assignment/demo/Drivers/BSP/Components/lis3dhh/lis3dhh_reg.c:768:9:lis3dhh_fifo_full_on_int1_get	24	static
/home/dell/Assignment/assignment/demo/Drivers/BSP/Components/lis3dhh/lis3dhh_reg.c:787:9:lis3dhh_fifo_ovr_on_int1_set	24	static
/home/dell/Assignment/assignment/demo/Drivers/BSP/Components/lis3dhh/lis3dhh_reg.c:811:9:lis3dhh_fifo_ovr_on_int1_get	24	static
/home/dell/Assignment/assignment/demo/Drivers/BSP/Components/lis3dhh/lis3dhh_reg.c:830:9:lis3dhh_boot_on_int1_set	24	static
/home/dell/Assignment/assignment/demo/Drivers/BSP/Components/lis3dhh/lis3dhh_reg.c:854:9:lis3dhh_boot_on_int1_get	24	static
/home/dell/Assignment/assignment/demo/Drivers/BSP/Components/lis3dhh/lis3dhh_reg.c:873:9:lis3dhh_drdy_on_int1_set	24	static
/home/dell/Assignment/assignment/demo/Drivers/BSP/Components/lis3dhh/lis3dhh_reg.c:897:9:lis3dhh_drdy_on_int1_get	24	static
/home/dell/Assignment/assignment/demo/Drivers/BSP/Components/lis3dhh/lis3dhh_reg.c:916:9:lis3dhh_fifo_threshold_on_int2_set	24	static
/home/dell/Assignment/assignment/demo/Drivers/BSP/Components/lis3dhh/lis3dhh_reg.c:941:9:lis3dhh_fifo_threshold_on_int2_get	24	static
/home/dell/Assignment/assignment/demo/Drivers/BSP/Components/lis3dhh/lis3dhh_reg.c:961:9:lis3dhh_fifo_full_on_int2_set	24	static
/home/dell/Assignment/assignment/demo/Drivers/BSP/Components/lis3dhh/lis3dhh_reg.c:985:9:lis3dhh_fifo_full_on_int2_get	24	static
/home/dell/Assignment/assignment/demo/Drivers/BSP/Components/lis3dhh/lis3dhh_reg.c:1004:9:lis3dhh_fifo_ovr_on_int2_set	24	static
/home/dell/Assignment/assignment/demo/Drivers/BSP/Components/lis3dhh/lis3dhh_reg.c:1028:9:lis3dhh_fifo_ovr_on_int2_get	24	static
/home/dell/Assignment/assignment/demo/Drivers/BSP/Components/lis3dhh/lis3dhh_reg.c:1047:9:lis3dhh_boot_on_int2_set	24	static
/home/dell/Assignment/assignment/demo/Drivers/BSP/Components/lis3dhh/lis3dhh_reg.c:1071:9:lis3dhh_boot_on_int2_get	24	static
/home/dell/Assignment/assignment/demo/Drivers/BSP/Components/lis3dhh/lis3dhh_reg.c:1090:9:lis3dhh_drdy_on_int2_set	24	static
/home/dell/Assignment/assignment/demo/Drivers/BSP/Components/lis3dhh/lis3dhh_reg.c:1114:9:lis3dhh_drdy_on_int2_get	24	static
/home/dell/Assignment/assignment/demo/Drivers/BSP/Components/lis3dhh/lis3dhh_reg.c:1133:9:lis3dhh_pin_mode_set	24	static
/home/dell/Assignment/assignment/demo/Drivers/BSP/Components/lis3dhh/lis3dhh_reg.c:1157:9:lis3dhh_pin_mode_get	24	static
/home/dell/Assignment/assignment/demo/Drivers/BSP/Components/lis3dhh/lis3dhh_reg.c:1211:9:lis3dhh_fifo_set	24	static
/home/dell/Assignment/assignment/demo/Drivers/BSP/Components/lis3dhh/lis3dhh_reg.c:1235:9:lis3dhh_fifo_get	24	static
/home/dell/Assignment/assignment/demo/Drivers/BSP/Components/lis3dhh/lis3dhh_reg.c:1257:9:lis3dhh_fifo_block_spi_hs_set	24	static
/home/dell/Assignment/assignment/demo/Drivers/BSP/Components/lis3dhh/lis3dhh_reg.c:1284:9:lis3dhh_fifo_block_spi_hs_get	24	static
/home/dell/Assignment/assignment/demo/Drivers/BSP/Components/lis3dhh/lis3dhh_reg.c:1303:9:lis3dhh_fifo_watermark_set	24	static
/home/dell/Assignment/assignment/demo/Drivers/BSP/Components/lis3dhh/lis3dhh_reg.c:1327:9:lis3dhh_fifo_watermark_get	24	static
/home/dell/Assignment/assignment/demo/Drivers/BSP/Components/lis3dhh/lis3dhh_reg.c:1346:9:lis3dhh_fifo_mode_set	24	static
/home/dell/Assignment/assignment/demo/Drivers/BSP/Components/lis3dhh/lis3dhh_reg.c:1370:9:lis3dhh_fifo_mode_get	24	static
/home/dell/Assignment/assignment/demo/Drivers/BSP/Components/lis3dhh/lis3dhh_reg.c:1415:9:lis3dhh_fifo_status_get	24	static
/home/dell/Assignment/assignment/demo/Drivers/BSP/Components/lis3dhh/lis3dhh_reg.c:1433:9:lis3dhh_fifo_full_flag_get	24	static
/home/dell/Assignment/assignment/demo/Drivers/BSP/Components/lis3dhh/lis3dhh_reg.c:1452:9:lis3dhh_fifo_ovr_flag_get	24	static
/home/dell/Assignment/assignment/demo/Drivers/BSP/Components/lis3dhh/lis3dhh_reg.c:1471:9:lis3dhh_fifo_fth_flag_get	24	static
/home/dell/Assignment/assignment/demo/Drivers/BSP/Components/lis3dhh/lis3dhh_reg.c:1504:9:lis3dhh_auto_add_inc_set	24	static
/home/dell/Assignment/assignment/demo/Drivers/BSP/Components/lis3dhh/lis3dhh_reg.c:1529:9:lis3dhh_auto_add_inc_get	24	static
