/home/dell/Assignment/assignment/Assignment/demo_1/Drivers/STM32L4xx_HAL_Driver/Src/stm32l4xx_hal_rcc.c:1794:26:RCC_SetFlashLatencyFromMSIRange	24	static
/home/dell/Assignment/assignment/Assignment/demo_1/Drivers/STM32L4xx_HAL_Driver/Src/stm32l4xx_hal_rcc.c:265:19:HAL_RCC_DeInit	24	static
/home/dell/Assignment/assignment/Assignment/demo_1/Drivers/STM32L4xx_HAL_Driver/Src/stm32l4xx_hal_rcc.c:1346:6:HAL_RCC_MCOConfig	40	static
/home/dell/Assignment/assignment/Assignment/demo_1/Drivers/STM32L4xx_HAL_Driver/Src/stm32l4xx_hal_rcc.c:1405:10:HAL_RCC_GetSysClockFreq	4	static
/home/dell/Assignment/assignment/Assignment/demo_1/Drivers/STM32L4xx_HAL_Driver/Src/stm32l4xx_hal_rcc.c:403:19:HAL_RCC_OscConfig	40	static
/home/dell/Assignment/assignment/Assignment/demo_1/Drivers/STM32L4xx_HAL_Driver/Src/stm32l4xx_hal_rcc.c:1110:19:HAL_RCC_ClockConfig	32	static
/home/dell/Assignment/assignment/Assignment/demo_1/Drivers/STM32L4xx_HAL_Driver/Src/stm32l4xx_hal_rcc.c:1493:10:HAL_RCC_GetHCLKFreq	0	static
/home/dell/Assignment/assignment/Assignment/demo_1/Drivers/STM32L4xx_HAL_Driver/Src/stm32l4xx_hal_rcc.c:1504:10:HAL_RCC_GetPCLK1Freq	0	static
/home/dell/Assignment/assignment/Assignment/demo_1/Drivers/STM32L4xx_HAL_Driver/Src/stm32l4xx_hal_rcc.c:1516:10:HAL_RCC_GetPCLK2Freq	0	static
/home/dell/Assignment/assignment/Assignment/demo_1/Drivers/STM32L4xx_HAL_Driver/Src/stm32l4xx_hal_rcc.c:1529:6:HAL_RCC_GetOscConfig	0	static
/home/dell/Assignment/assignment/Assignment/demo_1/Drivers/STM32L4xx_HAL_Driver/Src/stm32l4xx_hal_rcc.c:1688:6:HAL_RCC_GetClockConfig	4	static
/home/dell/Assignment/assignment/Assignment/demo_1/Drivers/STM32L4xx_HAL_Driver/Src/stm32l4xx_hal_rcc.c:1723:6:HAL_RCC_EnableCSS	0	static
/home/dell/Assignment/assignment/Assignment/demo_1/Drivers/STM32L4xx_HAL_Driver/Src/stm32l4xx_hal_rcc.c:1750:13:HAL_RCC_CSSCallback	0	static
/home/dell/Assignment/assignment/Assignment/demo_1/Drivers/STM32L4xx_HAL_Driver/Src/stm32l4xx_hal_rcc.c:1733:6:HAL_RCC_NMI_IRQHandler	8	static
/home/dell/Assignment/assignment/Assignment/demo_1/Drivers/STM32L4xx_HAL_Driver/Src/stm32l4xx_hal_rcc.c:1764:10:HAL_RCC_GetResetSource	0	static
