/home/dell/Assignment/assignment/Assignment/demo_1/Projects/STM32L4R9ZI-SensorTile.box/Applications/BLEMLC/Src/BLE_Implementation.c:473:13:FromHexToUCF	12	static
/home/dell/Assignment/assignment/Assignment/demo_1/Projects/STM32L4R9ZI-SensorTile.box/Applications/BLEMLC/Src/BLE_Implementation.c:1210:13:ExtExtConfigUidCommandCallback	0	static
/home/dell/Assignment/assignment/Assignment/demo_1/Projects/STM32L4R9ZI-SensorTile.box/Applications/BLEMLC/Src/BLE_Implementation.c:1281:13:ExtConfigVersionFwCommandCallback	24	static
/home/dell/Assignment/assignment/Assignment/demo_1/Projects/STM32L4R9ZI-SensorTile.box/Applications/BLEMLC/Src/BLE_Implementation.c:1266:13:ExtConfigHelpCommandCallback	0	static
/home/dell/Assignment/assignment/Assignment/demo_1/Projects/STM32L4R9ZI-SensorTile.box/Applications/BLEMLC/Src/BLE_Implementation.c:1221:13:ExtConfigInfoCommandCallback	96	static
/home/dell/Assignment/assignment/Assignment/demo_1/Projects/STM32L4R9ZI-SensorTile.box/Applications/BLEMLC/Src/BLE_Implementation.c:1033:13:NotifyEventInertial	16	static
/home/dell/Assignment/assignment/Assignment/demo_1/Projects/STM32L4R9ZI-SensorTile.box/Applications/BLEMLC/Src/BLE_Implementation.c:890:13:DisconnectionCompletedFunction	16	static
/home/dell/Assignment/assignment/Assignment/demo_1/Projects/STM32L4R9ZI-SensorTile.box/Applications/BLEMLC/Src/BLE_Implementation.c:1019:13:NotifyEventBattery	24	static
/home/dell/Assignment/assignment/Assignment/demo_1/Projects/STM32L4R9ZI-SensorTile.box/Applications/BLEMLC/Src/BLE_Implementation.c:925:13:ConnectionCompletedFunction	16	static
/home/dell/Assignment/assignment/Assignment/demo_1/Projects/STM32L4R9ZI-SensorTile.box/Applications/BLEMLC/Src/BLE_Implementation.c:457:15:counted_free	0	static
/home/dell/Assignment/assignment/Assignment/demo_1/Projects/STM32L4R9ZI-SensorTile.box/Applications/BLEMLC/Src/BLE_Implementation.c:447:16:counted_malloc	8	static
/home/dell/Assignment/assignment/Assignment/demo_1/Projects/STM32L4R9ZI-SensorTile.box/Applications/BLEMLC/Src/BLE_Implementation.c:374:17:Decompress	1312	static
/home/dell/Assignment/assignment/Assignment/demo_1/Projects/STM32L4R9ZI-SensorTile.box/Applications/BLEMLC/Src/BLE_Implementation.c:948:6:MachineLearningCoreReadRequest	40	static
/home/dell/Assignment/assignment/Assignment/demo_1/Projects/STM32L4R9ZI-SensorTile.box/Applications/BLEMLC/Src/BLE_Implementation.c:997:6:ActivityRecognitionReadRequest	48	static
/home/dell/Assignment/assignment/Assignment/demo_1/Projects/STM32L4R9ZI-SensorTile.box/Applications/BLEMLC/Src/BLE_Implementation.c:969:6:FiniteStateMachineReadRequest	40	static
/home/dell/Assignment/assignment/Assignment/demo_1/Projects/STM32L4R9ZI-SensorTile.box/Applications/BLEMLC/Src/BLE_Implementation.c:1071:13:NotifyEventMachineLearningCore	16	static
/home/dell/Assignment/assignment/Assignment/demo_1/Projects/STM32L4R9ZI-SensorTile.box/Applications/BLEMLC/Src/BLE_Implementation.c:1047:13:NotifyEventActRec	16	static
/home/dell/Assignment/assignment/Assignment/demo_1/Projects/STM32L4R9ZI-SensorTile.box/Applications/BLEMLC/Src/BLE_Implementation.c:1096:13:NotifyEventFiniteStateMachine	16	static
/home/dell/Assignment/assignment/Assignment/demo_1/Projects/STM32L4R9ZI-SensorTile.box/Applications/BLEMLC/Src/BLE_Implementation.c:498:17:DebugConsoleParsing	136	static
/home/dell/Assignment/assignment/Assignment/demo_1/Projects/STM32L4R9ZI-SensorTile.box/Applications/BLEMLC/Src/BLE_Implementation.c:109:6:BluetoothInit	56	static
/home/dell/Assignment/assignment/Assignment/demo_1/Projects/STM32L4R9ZI-SensorTile.box/Applications/BLEMLC/Src/BLE_Implementation.c:245:6:BLE_InitCustomService	16	static
/home/dell/Assignment/assignment/Assignment/demo_1/Projects/STM32L4R9ZI-SensorTile.box/Applications/BLEMLC/Src/BLE_Implementation.c:343:6:BLE_SetCustomAdvertiseData	0	static
