/home/dell/Assignment/assignment/Assignment/demo_1/Projects/STM32L4R9ZI-SensorTile.box/Applications/BLEMLC/Src/main.c:171:5:dwtCyclesToTime1	32	static
/home/dell/Assignment/assignment/Assignment/demo_1/Projects/STM32L4R9ZI-SensorTile.box/Applications/BLEMLC/Src/main.c:867:6:Error_Handler	8	static
/home/dell/Assignment/assignment/Assignment/demo_1/Projects/STM32L4R9ZI-SensorTile.box/Applications/BLEMLC/Src/main.c:195:6:main	80472	static,ignoring_inline_asm
/home/dell/Assignment/assignment/Assignment/demo_1/Projects/STM32L4R9ZI-SensorTile.box/Applications/BLEMLC/Src/main.c:880:6:HAL_GPIO_EXTI_Callback	8	static
/home/dell/Assignment/assignment/Assignment/demo_1/Projects/STM32L4R9ZI-SensorTile.box/Applications/BLEMLC/Src/main.c:903:6:HAL_TIM_OC_DelayElapsedCallback	16	static
