/home/dell/Assignment/assignment/Assignment/demo_1/Projects/STM32L4R9ZI-SensorTile.box/Applications/BLEMLC/Src/usbd_conf.c:42:6:HAL_PCD_SetupStageCallback	0	static
/home/dell/Assignment/assignment/Assignment/demo_1/Projects/STM32L4R9ZI-SensorTile.box/Applications/BLEMLC/Src/usbd_conf.c:53:6:HAL_PCD_DataOutStageCallback	0	static
/home/dell/Assignment/assignment/Assignment/demo_1/Projects/STM32L4R9ZI-SensorTile.box/Applications/BLEMLC/Src/usbd_conf.c:64:6:HAL_PCD_DataInStageCallback	0	static
/home/dell/Assignment/assignment/Assignment/demo_1/Projects/STM32L4R9ZI-SensorTile.box/Applications/BLEMLC/Src/usbd_conf.c:74:6:HAL_PCD_SOFCallback	0	static
/home/dell/Assignment/assignment/Assignment/demo_1/Projects/STM32L4R9ZI-SensorTile.box/Applications/BLEMLC/Src/usbd_conf.c:84:6:HAL_PCD_ResetCallback	8	static
/home/dell/Assignment/assignment/Assignment/demo_1/Projects/STM32L4R9ZI-SensorTile.box/Applications/BLEMLC/Src/usbd_conf.c:98:6:HAL_PCD_SuspendCallback	0	static
/home/dell/Assignment/assignment/Assignment/demo_1/Projects/STM32L4R9ZI-SensorTile.box/Applications/BLEMLC/Src/usbd_conf.c:108:6:HAL_PCD_ResumeCallback	0	static
/home/dell/Assignment/assignment/Assignment/demo_1/Projects/STM32L4R9ZI-SensorTile.box/Applications/BLEMLC/Src/usbd_conf.c:119:6:HAL_PCD_ISOOUTIncompleteCallback	0	static
/home/dell/Assignment/assignment/Assignment/demo_1/Projects/STM32L4R9ZI-SensorTile.box/Applications/BLEMLC/Src/usbd_conf.c:130:6:HAL_PCD_ISOINIncompleteCallback	0	static
/home/dell/Assignment/assignment/Assignment/demo_1/Projects/STM32L4R9ZI-SensorTile.box/Applications/BLEMLC/Src/usbd_conf.c:140:6:HAL_PCD_ConnectCallback	0	static
/home/dell/Assignment/assignment/Assignment/demo_1/Projects/STM32L4R9ZI-SensorTile.box/Applications/BLEMLC/Src/usbd_conf.c:150:6:HAL_PCD_DisconnectCallback	0	static
/home/dell/Assignment/assignment/Assignment/demo_1/Projects/STM32L4R9ZI-SensorTile.box/Applications/BLEMLC/Src/usbd_conf.c:165:20:USBD_LL_Init	16	static
/home/dell/Assignment/assignment/Assignment/demo_1/Projects/STM32L4R9ZI-SensorTile.box/Applications/BLEMLC/Src/usbd_conf.c:198:20:USBD_LL_DeInit	8	static
/home/dell/Assignment/assignment/Assignment/demo_1/Projects/STM32L4R9ZI-SensorTile.box/Applications/BLEMLC/Src/usbd_conf.c:209:20:USBD_LL_Start	8	static
/home/dell/Assignment/assignment/Assignment/demo_1/Projects/STM32L4R9ZI-SensorTile.box/Applications/BLEMLC/Src/usbd_conf.c:220:20:USBD_LL_Stop	8	static
/home/dell/Assignment/assignment/Assignment/demo_1/Projects/STM32L4R9ZI-SensorTile.box/Applications/BLEMLC/Src/usbd_conf.c:234:20:USBD_LL_OpenEP	8	static
/home/dell/Assignment/assignment/Assignment/demo_1/Projects/STM32L4R9ZI-SensorTile.box/Applications/BLEMLC/Src/usbd_conf.c:253:20:USBD_LL_CloseEP	8	static
/home/dell/Assignment/assignment/Assignment/demo_1/Projects/STM32L4R9ZI-SensorTile.box/Applications/BLEMLC/Src/usbd_conf.c:265:20:USBD_LL_FlushEP	8	static
/home/dell/Assignment/assignment/Assignment/demo_1/Projects/STM32L4R9ZI-SensorTile.box/Applications/BLEMLC/Src/usbd_conf.c:277:20:USBD_LL_StallEP	8	static
/home/dell/Assignment/assignment/Assignment/demo_1/Projects/STM32L4R9ZI-SensorTile.box/Applications/BLEMLC/Src/usbd_conf.c:289:20:USBD_LL_ClearStallEP	8	static
/home/dell/Assignment/assignment/Assignment/demo_1/Projects/STM32L4R9ZI-SensorTile.box/Applications/BLEMLC/Src/usbd_conf.c:301:9:USBD_LL_IsStallEP	0	static
/home/dell/Assignment/assignment/Assignment/demo_1/Projects/STM32L4R9ZI-SensorTile.box/Applications/BLEMLC/Src/usbd_conf.c:318:20:USBD_LL_SetUSBAddress	8	static
/home/dell/Assignment/assignment/Assignment/demo_1/Projects/STM32L4R9ZI-SensorTile.box/Applications/BLEMLC/Src/usbd_conf.c:332:20:USBD_LL_Transmit	8	static
/home/dell/Assignment/assignment/Assignment/demo_1/Projects/STM32L4R9ZI-SensorTile.box/Applications/BLEMLC/Src/usbd_conf.c:349:20:USBD_LL_PrepareReceive	8	static
/home/dell/Assignment/assignment/Assignment/demo_1/Projects/STM32L4R9ZI-SensorTile.box/Applications/BLEMLC/Src/usbd_conf.c:364:10:USBD_LL_GetRxDataSize	0	static
/home/dell/Assignment/assignment/Assignment/demo_1/Projects/STM32L4R9ZI-SensorTile.box/Applications/BLEMLC/Src/usbd_conf.c:374:6:USBD_LL_Delay	0	static
