/home/dell/Assignment/assignment/Assignment/demo_1/Middlewares/Third_Party/parson/parson.c:199:15:read_file	24	static
/home/dell/Assignment/assignment/Assignment/demo_1/Middlewares/Third_Party/parson/parson.c:720:20:json_array_resize	24	static
/home/dell/Assignment/assignment/Assignment/demo_1/Middlewares/Third_Party/parson/parson.c:529:15:json_object_get_cell_ix	56	static
/home/dell/Assignment/assignment/Assignment/demo_1/Middlewares/Third_Party/parson/parson.c:596:21:json_object_getn_value	32	static
/home/dell/Assignment/assignment/Assignment/demo_1/Middlewares/Third_Party/parson/parson.c:232:13:remove_comments	32	static
/home/dell/Assignment/assignment/Assignment/demo_1/Middlewares/Third_Party/parson/parson.c:293:20:parse_utf16_hex	8	static
/home/dell/Assignment/assignment/Assignment/demo_1/Middlewares/Third_Party/parson/parson.c:887:15:get_quoted_string.constprop	56	static
/home/dell/Assignment/assignment/Assignment/demo_1/Middlewares/Third_Party/parson/parson.c:1312:12:append_indent	8	static
/home/dell/Assignment/assignment/Assignment/demo_1/Middlewares/Third_Party/parson/parson.c:1245:12:json_serialize_string	36	static
/home/dell/Assignment/assignment/Assignment/demo_1/Middlewares/Third_Party/parson/parson.c:1102:12:json_serialize_to_buffer_r	56	static
/home/dell/Assignment/assignment/Assignment/demo_1/Middlewares/Third_Party/parson/parson.c:2447:12:json_serialize_to_buffer_r_float_format.constprop	64	static
/home/dell/Assignment/assignment/Assignment/demo_1/Middlewares/Third_Party/parson/parson.c:1378:14:json_object_get_value	16	static
/home/dell/Assignment/assignment/Assignment/demo_1/Middlewares/Third_Party/parson/parson.c:1385:14:json_object_get_string	16	static
/home/dell/Assignment/assignment/Assignment/demo_1/Middlewares/Third_Party/parson/parson.c:1389:8:json_object_get_string_len	16	static
/home/dell/Assignment/assignment/Assignment/demo_1/Middlewares/Third_Party/parson/parson.c:1393:8:json_object_get_number	16	static
/home/dell/Assignment/assignment/Assignment/demo_1/Middlewares/Third_Party/parson/parson.c:1397:15:json_object_get_object	16	static
/home/dell/Assignment/assignment/Assignment/demo_1/Middlewares/Third_Party/parson/parson.c:1401:14:json_object_get_array	16	static
/home/dell/Assignment/assignment/Assignment/demo_1/Middlewares/Third_Party/parson/parson.c:1405:5:json_object_get_boolean	16	static
/home/dell/Assignment/assignment/Assignment/demo_1/Middlewares/Third_Party/parson/parson.c:1409:14:json_object_dotget_value	16	static
/home/dell/Assignment/assignment/Assignment/demo_1/Middlewares/Third_Party/parson/parson.c:1418:14:json_object_dotget_string	8	static
/home/dell/Assignment/assignment/Assignment/demo_1/Middlewares/Third_Party/parson/parson.c:1422:8:json_object_dotget_string_len	8	static
/home/dell/Assignment/assignment/Assignment/demo_1/Middlewares/Third_Party/parson/parson.c:1426:8:json_object_dotget_number	8	static
/home/dell/Assignment/assignment/Assignment/demo_1/Middlewares/Third_Party/parson/parson.c:1430:15:json_object_dotget_object	8	static
/home/dell/Assignment/assignment/Assignment/demo_1/Middlewares/Third_Party/parson/parson.c:1434:14:json_object_dotget_array	8	static
/home/dell/Assignment/assignment/Assignment/demo_1/Middlewares/Third_Party/parson/parson.c:1438:5:json_object_dotget_boolean	8	static
/home/dell/Assignment/assignment/Assignment/demo_1/Middlewares/Third_Party/parson/parson.c:1442:8:json_object_get_count	0	static
/home/dell/Assignment/assignment/Assignment/demo_1/Middlewares/Third_Party/parson/parson.c:1446:14:json_object_get_name	0	static
/home/dell/Assignment/assignment/Assignment/demo_1/Middlewares/Third_Party/parson/parson.c:1453:14:json_object_get_value_at	0	static
/home/dell/Assignment/assignment/Assignment/demo_1/Middlewares/Third_Party/parson/parson.c:1460:13:json_object_get_wrapping_value	0	static
/home/dell/Assignment/assignment/Assignment/demo_1/Middlewares/Third_Party/parson/parson.c:1467:5:json_object_has_value	16	static
/home/dell/Assignment/assignment/Assignment/demo_1/Middlewares/Third_Party/parson/parson.c:1471:5:json_object_has_value_of_type	16	static
/home/dell/Assignment/assignment/Assignment/demo_1/Middlewares/Third_Party/parson/parson.c:1476:5:json_object_dothas_value	8	static
/home/dell/Assignment/assignment/Assignment/demo_1/Middlewares/Third_Party/parson/parson.c:1480:5:json_object_dothas_value_of_type	8	static
/home/dell/Assignment/assignment/Assignment/demo_1/Middlewares/Third_Party/parson/parson.c:1486:14:json_array_get_value	0	static
/home/dell/Assignment/assignment/Assignment/demo_1/Middlewares/Third_Party/parson/parson.c:1493:14:json_array_get_string	0	static
/home/dell/Assignment/assignment/Assignment/demo_1/Middlewares/Third_Party/parson/parson.c:1497:8:json_array_get_string_len	0	static
/home/dell/Assignment/assignment/Assignment/demo_1/Middlewares/Third_Party/parson/parson.c:1501:8:json_array_get_number	0	static
/home/dell/Assignment/assignment/Assignment/demo_1/Middlewares/Third_Party/parson/parson.c:1505:15:json_array_get_object	0	static
/home/dell/Assignment/assignment/Assignment/demo_1/Middlewares/Third_Party/parson/parson.c:1509:14:json_array_get_array	0	static
/home/dell/Assignment/assignment/Assignment/demo_1/Middlewares/Third_Party/parson/parson.c:1513:5:json_array_get_boolean	0	static
/home/dell/Assignment/assignment/Assignment/demo_1/Middlewares/Third_Party/parson/parson.c:1517:8:json_array_get_count	0	static
/home/dell/Assignment/assignment/Assignment/demo_1/Middlewares/Third_Party/parson/parson.c:1521:14:json_array_get_wrapping_value	0	static
/home/dell/Assignment/assignment/Assignment/demo_1/Middlewares/Third_Party/parson/parson.c:1529:17:json_value_get_type	0	static
/home/dell/Assignment/assignment/Assignment/demo_1/Middlewares/Third_Party/parson/parson.c:1533:15:json_value_get_object	0	static
/home/dell/Assignment/assignment/Assignment/demo_1/Middlewares/Third_Party/parson/parson.c:1537:14:json_value_get_array	0	static
/home/dell/Assignment/assignment/Assignment/demo_1/Middlewares/Third_Party/parson/parson.c:1545:14:json_value_get_string	0	static
/home/dell/Assignment/assignment/Assignment/demo_1/Middlewares/Third_Party/parson/parson.c:1550:8:json_value_get_string_len	0	static
/home/dell/Assignment/assignment/Assignment/demo_1/Middlewares/Third_Party/parson/parson.c:1555:8:json_value_get_number	0	static
/home/dell/Assignment/assignment/Assignment/demo_1/Middlewares/Third_Party/parson/parson.c:1559:5:json_value_get_boolean	0	static
/home/dell/Assignment/assignment/Assignment/demo_1/Middlewares/Third_Party/parson/parson.c:1563:14:json_value_get_parent	0	static
/home/dell/Assignment/assignment/Assignment/demo_1/Middlewares/Third_Party/parson/parson.c:1567:6:json_value_free	24	static
/home/dell/Assignment/assignment/Assignment/demo_1/Middlewares/Third_Party/parson/parson.c:471:13:json_object_deinit	24	static
/home/dell/Assignment/assignment/Assignment/demo_1/Middlewares/Third_Party/parson/parson.c:499:20:json_object_grow_and_rehash	64	static
/home/dell/Assignment/assignment/Assignment/demo_1/Middlewares/Third_Party/parson/parson.c:560:20:json_object_add	40	static
/home/dell/Assignment/assignment/Assignment/demo_1/Middlewares/Third_Party/parson/parson.c:614:20:json_object_remove_internal	64	static
/home/dell/Assignment/assignment/Assignment/demo_1/Middlewares/Third_Party/parson/parson.c:674:20:json_object_dotremove_internal	24	static
/home/dell/Assignment/assignment/Assignment/demo_1/Middlewares/Third_Party/parson/parson.c:1584:14:json_value_init_object	24	static
/home/dell/Assignment/assignment/Assignment/demo_1/Middlewares/Third_Party/parson/parson.c:1599:14:json_value_init_array	24	static
/home/dell/Assignment/assignment/Assignment/demo_1/Middlewares/Third_Party/parson/parson.c:898:21:parse_value.part.0	48	static
/home/dell/Assignment/assignment/Assignment/demo_1/Middlewares/Third_Party/parson/parson.c:1351:14:json_parse_string	16	static
/home/dell/Assignment/assignment/Assignment/demo_1/Middlewares/Third_Party/parson/parson.c:1361:14:json_parse_string_with_comments	32	static
/home/dell/Assignment/assignment/Assignment/demo_1/Middlewares/Third_Party/parson/parson.c:1340:14:json_parse_file_with_comments	8	static
/home/dell/Assignment/assignment/Assignment/demo_1/Middlewares/Third_Party/parson/parson.c:1329:14:json_parse_file	16	static
/home/dell/Assignment/assignment/Assignment/demo_1/Middlewares/Third_Party/parson/parson.c:1621:14:json_value_init_string_with_len	24	static
/home/dell/Assignment/assignment/Assignment/demo_1/Middlewares/Third_Party/parson/parson.c:1614:14:json_value_init_string	8	static
/home/dell/Assignment/assignment/Assignment/demo_1/Middlewares/Third_Party/parson/parson.c:1641:14:json_value_init_number	24	static
/home/dell/Assignment/assignment/Assignment/demo_1/Middlewares/Third_Party/parson/parson.c:1656:14:json_value_init_boolean	8	static
/home/dell/Assignment/assignment/Assignment/demo_1/Middlewares/Third_Party/parson/parson.c:1667:14:json_value_init_null	8	static
/home/dell/Assignment/assignment/Assignment/demo_1/Middlewares/Third_Party/parson/parson.c:1677:14:json_value_deep_copy	40	static
/home/dell/Assignment/assignment/Assignment/demo_1/Middlewares/Third_Party/parson/parson.c:1767:8:json_serialization_size	80	static
/home/dell/Assignment/assignment/Assignment/demo_1/Middlewares/Third_Party/parson/parson.c:1773:13:json_serialize_to_buffer	88	static
/home/dell/Assignment/assignment/Assignment/demo_1/Middlewares/Third_Party/parson/parson.c:1808:8:json_serialize_to_string	96	static
/home/dell/Assignment/assignment/Assignment/demo_1/Middlewares/Third_Party/parson/parson.c:1786:13:json_serialize_to_file	16	static
/home/dell/Assignment/assignment/Assignment/demo_1/Middlewares/Third_Party/parson/parson.c:1827:8:json_serialization_size_pretty	80	static
/home/dell/Assignment/assignment/Assignment/demo_1/Middlewares/Third_Party/parson/parson.c:1833:13:json_serialize_to_buffer_pretty	88	static
/home/dell/Assignment/assignment/Assignment/demo_1/Middlewares/Third_Party/parson/parson.c:1868:8:json_serialize_to_string_pretty	96	static
/home/dell/Assignment/assignment/Assignment/demo_1/Middlewares/Third_Party/parson/parson.c:1846:13:json_serialize_to_file_pretty	16	static
/home/dell/Assignment/assignment/Assignment/demo_1/Middlewares/Third_Party/parson/parson.c:1887:6:json_free_serialized_string	0	static
/home/dell/Assignment/assignment/Assignment/demo_1/Middlewares/Third_Party/parson/parson.c:1891:13:json_array_remove	16	static
/home/dell/Assignment/assignment/Assignment/demo_1/Middlewares/Third_Party/parson/parson.c:1903:13:json_array_replace_value	24	static
/home/dell/Assignment/assignment/Assignment/demo_1/Middlewares/Third_Party/parson/parson.c:1913:13:json_array_replace_string	24	static
/home/dell/Assignment/assignment/Assignment/demo_1/Middlewares/Third_Party/parson/parson.c:1925:13:json_array_replace_string_with_len	24	static
/home/dell/Assignment/assignment/Assignment/demo_1/Middlewares/Third_Party/parson/parson.c:1937:13:json_array_replace_number	32	static
/home/dell/Assignment/assignment/Assignment/demo_1/Middlewares/Third_Party/parson/parson.c:1949:13:json_array_replace_boolean	24	static
/home/dell/Assignment/assignment/Assignment/demo_1/Middlewares/Third_Party/parson/parson.c:1961:13:json_array_replace_null	24	static
/home/dell/Assignment/assignment/Assignment/demo_1/Middlewares/Third_Party/parson/parson.c:1973:13:json_array_clear	16	static
/home/dell/Assignment/assignment/Assignment/demo_1/Middlewares/Third_Party/parson/parson.c:1985:13:json_array_append_value	16	static
/home/dell/Assignment/assignment/Assignment/demo_1/Middlewares/Third_Party/parson/parson.c:1992:13:json_array_append_string	16	static
/home/dell/Assignment/assignment/Assignment/demo_1/Middlewares/Third_Party/parson/parson.c:2004:13:json_array_append_string_with_len	16	static
/home/dell/Assignment/assignment/Assignment/demo_1/Middlewares/Third_Party/parson/parson.c:2016:13:json_array_append_number	24	static
/home/dell/Assignment/assignment/Assignment/demo_1/Middlewares/Third_Party/parson/parson.c:2028:13:json_array_append_boolean	16	static
/home/dell/Assignment/assignment/Assignment/demo_1/Middlewares/Third_Party/parson/parson.c:2040:13:json_array_append_null	16	static
/home/dell/Assignment/assignment/Assignment/demo_1/Middlewares/Third_Party/parson/parson.c:2052:13:json_object_set_value	56	static
/home/dell/Assignment/assignment/Assignment/demo_1/Middlewares/Third_Party/parson/parson.c:2095:13:json_object_set_string	16	static
/home/dell/Assignment/assignment/Assignment/demo_1/Middlewares/Third_Party/parson/parson.c:2104:13:json_object_set_string_with_len	16	static
/home/dell/Assignment/assignment/Assignment/demo_1/Middlewares/Third_Party/parson/parson.c:2113:13:json_object_set_number	32	static
/home/dell/Assignment/assignment/Assignment/demo_1/Middlewares/Third_Party/parson/parson.c:2122:13:json_object_set_boolean	24	static
/home/dell/Assignment/assignment/Assignment/demo_1/Middlewares/Third_Party/parson/parson.c:2131:13:json_object_set_null	24	static
/home/dell/Assignment/assignment/Assignment/demo_1/Middlewares/Third_Party/parson/parson.c:2140:13:json_object_dotset_value	40	static
/home/dell/Assignment/assignment/Assignment/demo_1/Middlewares/Third_Party/parson/parson.c:2191:13:json_object_dotset_string	16	static
/home/dell/Assignment/assignment/Assignment/demo_1/Middlewares/Third_Party/parson/parson.c:2203:13:json_object_dotset_string_with_len	16	static
/home/dell/Assignment/assignment/Assignment/demo_1/Middlewares/Third_Party/parson/parson.c:2215:13:json_object_dotset_number	32	static
/home/dell/Assignment/assignment/Assignment/demo_1/Middlewares/Third_Party/parson/parson.c:2227:13:json_object_dotset_boolean	24	static
/home/dell/Assignment/assignment/Assignment/demo_1/Middlewares/Third_Party/parson/parson.c:2239:13:json_object_dotset_null	16	static
/home/dell/Assignment/assignment/Assignment/demo_1/Middlewares/Third_Party/parson/parson.c:2251:13:json_object_remove	0	static
/home/dell/Assignment/assignment/Assignment/demo_1/Middlewares/Third_Party/parson/parson.c:2255:13:json_object_dotremove	0	static
/home/dell/Assignment/assignment/Assignment/demo_1/Middlewares/Third_Party/parson/parson.c:2259:13:json_object_clear	16	static
/home/dell/Assignment/assignment/Assignment/demo_1/Middlewares/Third_Party/parson/parson.c:2272:13:json_validate	40	static
/home/dell/Assignment/assignment/Assignment/demo_1/Middlewares/Third_Party/parson/parson.c:2332:5:json_value_equals	32	static
/home/dell/Assignment/assignment/Assignment/demo_1/Middlewares/Third_Party/parson/parson.c:2397:17:json_type	0	static
/home/dell/Assignment/assignment/Assignment/demo_1/Middlewares/Third_Party/parson/parson.c:2401:15:json_object	0	static
/home/dell/Assignment/assignment/Assignment/demo_1/Middlewares/Third_Party/parson/parson.c:2405:14:json_array	0	static
/home/dell/Assignment/assignment/Assignment/demo_1/Middlewares/Third_Party/parson/parson.c:2409:14:json_string	0	static
/home/dell/Assignment/assignment/Assignment/demo_1/Middlewares/Third_Party/parson/parson.c:2413:8:json_string_len	0	static
/home/dell/Assignment/assignment/Assignment/demo_1/Middlewares/Third_Party/parson/parson.c:2417:8:json_number	0	static
/home/dell/Assignment/assignment/Assignment/demo_1/Middlewares/Third_Party/parson/parson.c:2421:5:json_boolean	0	static
/home/dell/Assignment/assignment/Assignment/demo_1/Middlewares/Third_Party/parson/parson.c:2425:6:json_set_allocation_functions	0	static
/home/dell/Assignment/assignment/Assignment/demo_1/Middlewares/Third_Party/parson/parson.c:2430:6:json_set_escape_slashes	0	static
/home/dell/Assignment/assignment/Assignment/demo_1/Middlewares/Third_Party/parson/parson.c:2434:6:json_set_float_serialization_format	24	static
/home/dell/Assignment/assignment/Assignment/demo_1/Middlewares/Third_Party/parson/parson.c:2589:8:json_serialization_size_format	80	static
/home/dell/Assignment/assignment/Assignment/demo_1/Middlewares/Third_Party/parson/parson.c:2595:13:json_serialize_to_buffer_format	96	static
