/home/dell/Assignment/assignment/demo/Projects/STM32L4R9ZI-SensorTile.box/Applications/DataLogExtended/Src/main.c:140:5:main	22
/home/dell/Assignment/assignment/demo/Projects/STM32L4R9ZI-SensorTile.box/Applications/DataLogExtended/Src/main.c:299:13:GPIO_Init	1
/home/dell/Assignment/assignment/demo/Projects/STM32L4R9ZI-SensorTile.box/Applications/DataLogExtended/Src/main.c:358:13:Initialize_All_Sensors	1
/home/dell/Assignment/assignment/demo/Projects/STM32L4R9ZI-SensorTile.box/Applications/DataLogExtended/Src/main.c:373:13:Enable_Disable_Sensors	7
/home/dell/Assignment/assignment/demo/Projects/STM32L4R9ZI-SensorTile.box/Applications/DataLogExtended/Src/main.c:437:13:Float_To_Int	2
/home/dell/Assignment/assignment/demo/Projects/STM32L4R9ZI-SensorTile.box/Applications/DataLogExtended/Src/main.c:459:13:Time_Handler	3
/home/dell/Assignment/assignment/demo/Projects/STM32L4R9ZI-SensorTile.box/Applications/DataLogExtended/Src/main.c:487:13:Press_Sensor_Handler	5
/home/dell/Assignment/assignment/demo/Projects/STM32L4R9ZI-SensorTile.box/Applications/DataLogExtended/Src/main.c:524:13:Temp_Sensor_Handler	11
/home/dell/Assignment/assignment/demo/Projects/STM32L4R9ZI-SensorTile.box/Applications/DataLogExtended/Src/main.c:595:13:Hum_Sensor_Handler	5
/home/dell/Assignment/assignment/demo/Projects/STM32L4R9ZI-SensorTile.box/Applications/DataLogExtended/Src/main.c:632:13:Accelero_Sensor_Handler	5
/home/dell/Assignment/assignment/demo/Projects/STM32L4R9ZI-SensorTile.box/Applications/DataLogExtended/Src/main.c:674:13:Gyro_Sensor_Handler	5
/home/dell/Assignment/assignment/demo/Projects/STM32L4R9ZI-SensorTile.box/Applications/DataLogExtended/Src/main.c:716:13:Magneto_Sensor_Handler	5
/home/dell/Assignment/assignment/demo/Projects/STM32L4R9ZI-SensorTile.box/Applications/DataLogExtended/Src/main.c:757:13:Sensors_Interrupt_Handler	16
/home/dell/Assignment/assignment/demo/Projects/STM32L4R9ZI-SensorTile.box/Applications/DataLogExtended/Src/main.c:814:13:MLC_Handler	6
/home/dell/Assignment/assignment/demo/Projects/STM32L4R9ZI-SensorTile.box/Applications/DataLogExtended/Src/main.c:873:13:FSM_Handler	6
/home/dell/Assignment/assignment/demo/Projects/STM32L4R9ZI-SensorTile.box/Applications/DataLogExtended/Src/main.c:948:13:RTC_Config	2
/home/dell/Assignment/assignment/demo/Projects/STM32L4R9ZI-SensorTile.box/Applications/DataLogExtended/Src/main.c:980:13:RTC_TimeStampConfig	3
/home/dell/Assignment/assignment/demo/Projects/STM32L4R9ZI-SensorTile.box/Applications/DataLogExtended/Src/main.c:1021:6:RTC_TimeRegulate	2
/home/dell/Assignment/assignment/demo/Projects/STM32L4R9ZI-SensorTile.box/Applications/DataLogExtended/Src/main.c:1046:6:HAL_GPIO_EXTI_Callback	7
/home/dell/Assignment/assignment/demo/Projects/STM32L4R9ZI-SensorTile.box/Applications/DataLogExtended/Src/main.c:1093:6:HAL_TIM_PeriodElapsedCallback	1
/home/dell/Assignment/assignment/demo/Projects/STM32L4R9ZI-SensorTile.box/Applications/DataLogExtended/Src/main.c:1103:6:Error_Handler	1
/home/dell/Assignment/assignment/demo/Projects/STM32L4R9ZI-SensorTile.box/Applications/DataLogExtended/Src/main.c:1113:17:DWT_Delay_Init	2
/home/dell/Assignment/assignment/demo/Projects/STM32L4R9ZI-SensorTile.box/Applications/DataLogExtended/Src/main.c:1149:10:DWT_GetTickUS	1
