/home/dell/Assignment/assignment/demo/Projects/STM32L4R9ZI-SensorTile.box/Applications/DataLogExtended/Src/main.c:140:5:main	528	static
/home/dell/Assignment/assignment/demo/Projects/STM32L4R9ZI-SensorTile.box/Applications/DataLogExtended/Src/main.c:299:13:GPIO_Init	48	static
/home/dell/Assignment/assignment/demo/Projects/STM32L4R9ZI-SensorTile.box/Applications/DataLogExtended/Src/main.c:358:13:Initialize_All_Sensors	8	static
/home/dell/Assignment/assignment/demo/Projects/STM32L4R9ZI-SensorTile.box/Applications/DataLogExtended/Src/main.c:373:13:Enable_Disable_Sensors	8	static
/home/dell/Assignment/assignment/demo/Projects/STM32L4R9ZI-SensorTile.box/Applications/DataLogExtended/Src/main.c:437:13:Float_To_Int	32	static
/home/dell/Assignment/assignment/demo/Projects/STM32L4R9ZI-SensorTile.box/Applications/DataLogExtended/Src/main.c:459:13:Time_Handler	24	static
/home/dell/Assignment/assignment/demo/Projects/STM32L4R9ZI-SensorTile.box/Applications/DataLogExtended/Src/main.c:487:13:Press_Sensor_Handler	48	static
/home/dell/Assignment/assignment/demo/Projects/STM32L4R9ZI-SensorTile.box/Applications/DataLogExtended/Src/main.c:524:13:Temp_Sensor_Handler	48	static
/home/dell/Assignment/assignment/demo/Projects/STM32L4R9ZI-SensorTile.box/Applications/DataLogExtended/Src/main.c:595:13:Hum_Sensor_Handler	48	static
/home/dell/Assignment/assignment/demo/Projects/STM32L4R9ZI-SensorTile.box/Applications/DataLogExtended/Src/main.c:632:13:Accelero_Sensor_Handler	64	static
/home/dell/Assignment/assignment/demo/Projects/STM32L4R9ZI-SensorTile.box/Applications/DataLogExtended/Src/main.c:674:13:Gyro_Sensor_Handler	64	static
/home/dell/Assignment/assignment/demo/Projects/STM32L4R9ZI-SensorTile.box/Applications/DataLogExtended/Src/main.c:716:13:Magneto_Sensor_Handler	56	static
/home/dell/Assignment/assignment/demo/Projects/STM32L4R9ZI-SensorTile.box/Applications/DataLogExtended/Src/main.c:757:13:Sensors_Interrupt_Handler	24	static
/home/dell/Assignment/assignment/demo/Projects/STM32L4R9ZI-SensorTile.box/Applications/DataLogExtended/Src/main.c:814:13:MLC_Handler	32	static
/home/dell/Assignment/assignment/demo/Projects/STM32L4R9ZI-SensorTile.box/Applications/DataLogExtended/Src/main.c:873:13:FSM_Handler	48	static
/home/dell/Assignment/assignment/demo/Projects/STM32L4R9ZI-SensorTile.box/Applications/DataLogExtended/Src/main.c:948:13:RTC_Config	8	static
/home/dell/Assignment/assignment/demo/Projects/STM32L4R9ZI-SensorTile.box/Applications/DataLogExtended/Src/main.c:980:13:RTC_TimeStampConfig	32	static
/home/dell/Assignment/assignment/demo/Projects/STM32L4R9ZI-SensorTile.box/Applications/DataLogExtended/Src/main.c:1021:6:RTC_TimeRegulate	40	static
/home/dell/Assignment/assignment/demo/Projects/STM32L4R9ZI-SensorTile.box/Applications/DataLogExtended/Src/main.c:1046:6:HAL_GPIO_EXTI_Callback	24	static
/home/dell/Assignment/assignment/demo/Projects/STM32L4R9ZI-SensorTile.box/Applications/DataLogExtended/Src/main.c:1093:6:HAL_TIM_PeriodElapsedCallback	16	static
/home/dell/Assignment/assignment/demo/Projects/STM32L4R9ZI-SensorTile.box/Applications/DataLogExtended/Src/main.c:1103:6:Error_Handler	4	static
/home/dell/Assignment/assignment/demo/Projects/STM32L4R9ZI-SensorTile.box/Applications/DataLogExtended/Src/main.c:1113:17:DWT_Delay_Init	8	static
/home/dell/Assignment/assignment/demo/Projects/STM32L4R9ZI-SensorTile.box/Applications/DataLogExtended/Src/main.c:1149:10:DWT_GetTickUS	40	static
