/home/dell/Assignment/assignment/demo/Projects/STM32L4R9ZI-SensorTile.box/Applications/DataLogExtended/Src/usbd_cdc_interface.c:94:15:CDC_Itf_Init	16	static
/home/dell/Assignment/assignment/demo/Projects/STM32L4R9ZI-SensorTile.box/Applications/DataLogExtended/Src/usbd_cdc_interface.c:129:15:CDC_Itf_DeInit	4	static
/home/dell/Assignment/assignment/demo/Projects/STM32L4R9ZI-SensorTile.box/Applications/DataLogExtended/Src/usbd_cdc_interface.c:142:15:CDC_Itf_Control	16	static
/home/dell/Assignment/assignment/demo/Projects/STM32L4R9ZI-SensorTile.box/Applications/DataLogExtended/Src/usbd_cdc_interface.c:207:9:CDC_Fill_Buffer	32	static
/home/dell/Assignment/assignment/demo/Projects/STM32L4R9ZI-SensorTile.box/Applications/DataLogExtended/Src/usbd_cdc_interface.c:236:9:CDC_Next_Packet_Rx	8	static
/home/dell/Assignment/assignment/demo/Projects/STM32L4R9ZI-SensorTile.box/Applications/DataLogExtended/Src/usbd_cdc_interface.c:253:6:CDC_TIM_PeriodElapsedCallback	24	static
/home/dell/Assignment/assignment/demo/Projects/STM32L4R9ZI-SensorTile.box/Applications/DataLogExtended/Src/usbd_cdc_interface.c:291:15:CDC_Itf_Receive	16	static
/home/dell/Assignment/assignment/demo/Projects/STM32L4R9ZI-SensorTile.box/Applications/DataLogExtended/Src/usbd_cdc_interface.c:304:13:CDC_TIM_Config	8	static
