/home/dell/Assignment/assignment/demo/Projects/STM32L4R9ZI-SensorTile.box/Applications/DataLogExtended/Src/usbd_conf.c:48:6:HAL_PCD_SetupStageCallback	16	static
/home/dell/Assignment/assignment/demo/Projects/STM32L4R9ZI-SensorTile.box/Applications/DataLogExtended/Src/usbd_conf.c:59:6:HAL_PCD_DataOutStageCallback	16	static
/home/dell/Assignment/assignment/demo/Projects/STM32L4R9ZI-SensorTile.box/Applications/DataLogExtended/Src/usbd_conf.c:70:6:HAL_PCD_DataInStageCallback	16	static
/home/dell/Assignment/assignment/demo/Projects/STM32L4R9ZI-SensorTile.box/Applications/DataLogExtended/Src/usbd_conf.c:80:6:HAL_PCD_SOFCallback	16	static
/home/dell/Assignment/assignment/demo/Projects/STM32L4R9ZI-SensorTile.box/Applications/DataLogExtended/Src/usbd_conf.c:90:6:HAL_PCD_ResetCallback	16	static
/home/dell/Assignment/assignment/demo/Projects/STM32L4R9ZI-SensorTile.box/Applications/DataLogExtended/Src/usbd_conf.c:104:6:HAL_PCD_SuspendCallback	16	static
/home/dell/Assignment/assignment/demo/Projects/STM32L4R9ZI-SensorTile.box/Applications/DataLogExtended/Src/usbd_conf.c:114:6:HAL_PCD_ResumeCallback	16	static
/home/dell/Assignment/assignment/demo/Projects/STM32L4R9ZI-SensorTile.box/Applications/DataLogExtended/Src/usbd_conf.c:125:6:HAL_PCD_ISOOUTIncompleteCallback	16	static
/home/dell/Assignment/assignment/demo/Projects/STM32L4R9ZI-SensorTile.box/Applications/DataLogExtended/Src/usbd_conf.c:136:6:HAL_PCD_ISOINIncompleteCallback	16	static
/home/dell/Assignment/assignment/demo/Projects/STM32L4R9ZI-SensorTile.box/Applications/DataLogExtended/Src/usbd_conf.c:146:6:HAL_PCD_ConnectCallback	16	static
/home/dell/Assignment/assignment/demo/Projects/STM32L4R9ZI-SensorTile.box/Applications/DataLogExtended/Src/usbd_conf.c:156:6:HAL_PCD_DisconnectCallback	16	static
/home/dell/Assignment/assignment/demo/Projects/STM32L4R9ZI-SensorTile.box/Applications/DataLogExtended/Src/usbd_conf.c:170:20:USBD_LL_Init	16	static
/home/dell/Assignment/assignment/demo/Projects/STM32L4R9ZI-SensorTile.box/Applications/DataLogExtended/Src/usbd_conf.c:203:20:USBD_LL_DeInit	16	static
/home/dell/Assignment/assignment/demo/Projects/STM32L4R9ZI-SensorTile.box/Applications/DataLogExtended/Src/usbd_conf.c:214:20:USBD_LL_Start	16	static
/home/dell/Assignment/assignment/demo/Projects/STM32L4R9ZI-SensorTile.box/Applications/DataLogExtended/Src/usbd_conf.c:225:20:USBD_LL_Stop	16	static
/home/dell/Assignment/assignment/demo/Projects/STM32L4R9ZI-SensorTile.box/Applications/DataLogExtended/Src/usbd_conf.c:239:20:USBD_LL_OpenEP	16	static
/home/dell/Assignment/assignment/demo/Projects/STM32L4R9ZI-SensorTile.box/Applications/DataLogExtended/Src/usbd_conf.c:258:20:USBD_LL_CloseEP	16	static
/home/dell/Assignment/assignment/demo/Projects/STM32L4R9ZI-SensorTile.box/Applications/DataLogExtended/Src/usbd_conf.c:270:20:USBD_LL_FlushEP	16	static
/home/dell/Assignment/assignment/demo/Projects/STM32L4R9ZI-SensorTile.box/Applications/DataLogExtended/Src/usbd_conf.c:282:20:USBD_LL_StallEP	16	static
/home/dell/Assignment/assignment/demo/Projects/STM32L4R9ZI-SensorTile.box/Applications/DataLogExtended/Src/usbd_conf.c:294:20:USBD_LL_ClearStallEP	16	static
/home/dell/Assignment/assignment/demo/Projects/STM32L4R9ZI-SensorTile.box/Applications/DataLogExtended/Src/usbd_conf.c:306:9:USBD_LL_IsStallEP	24	static
/home/dell/Assignment/assignment/demo/Projects/STM32L4R9ZI-SensorTile.box/Applications/DataLogExtended/Src/usbd_conf.c:326:20:USBD_LL_SetUSBAddress	16	static
/home/dell/Assignment/assignment/demo/Projects/STM32L4R9ZI-SensorTile.box/Applications/DataLogExtended/Src/usbd_conf.c:340:20:USBD_LL_Transmit	24	static
/home/dell/Assignment/assignment/demo/Projects/STM32L4R9ZI-SensorTile.box/Applications/DataLogExtended/Src/usbd_conf.c:357:20:USBD_LL_PrepareReceive	24	static
/home/dell/Assignment/assignment/demo/Projects/STM32L4R9ZI-SensorTile.box/Applications/DataLogExtended/Src/usbd_conf.c:372:10:USBD_LL_GetRxDataSize	16	static
/home/dell/Assignment/assignment/demo/Projects/STM32L4R9ZI-SensorTile.box/Applications/DataLogExtended/Src/usbd_conf.c:382:6:USBD_LL_Delay	16	static
