/home/dell/Assignment/assignment/demo/Drivers/BSP/SensorTile.box/SensorTile.box_bus.c:98:9:BSP_I2C1_Init	16	static
/home/dell/Assignment/assignment/demo/Drivers/BSP/SensorTile.box/SensorTile.box_bus.c:143:9:BSP_I2C1_DeInit	16	static
/home/dell/Assignment/assignment/demo/Drivers/BSP/SensorTile.box/SensorTile.box_bus.c:163:9:BSP_I2C1_IsReady	8	static
/home/dell/Assignment/assignment/demo/Drivers/BSP/SensorTile.box/SensorTile.box_bus.c:175:9:BSP_I2C1_WriteReg	48	static
/home/dell/Assignment/assignment/demo/Drivers/BSP/SensorTile.box/SensorTile.box_bus.c:195:10:BSP_I2C1_ReadReg	48	static
/home/dell/Assignment/assignment/demo/Drivers/BSP/SensorTile.box/SensorTile.box_bus.c:216:9:BSP_I2C1_WriteReg16	48	static
/home/dell/Assignment/assignment/demo/Drivers/BSP/SensorTile.box/SensorTile.box_bus.c:236:10:BSP_I2C1_ReadReg16	48	static
/home/dell/Assignment/assignment/demo/Drivers/BSP/SensorTile.box/SensorTile.box_bus.c:257:9:BSP_I2C1_Send	32	static
/home/dell/Assignment/assignment/demo/Drivers/BSP/SensorTile.box/SensorTile.box_bus.c:275:9:BSP_I2C1_Recv	32	static
/home/dell/Assignment/assignment/demo/Drivers/BSP/SensorTile.box/SensorTile.box_bus.c:294:9:BSP_I2C1_SendRecv	32	static
/home/dell/Assignment/assignment/demo/Drivers/BSP/SensorTile.box/SensorTile.box_bus.c:315:9:BSP_I2C3_Init	16	static
/home/dell/Assignment/assignment/demo/Drivers/BSP/SensorTile.box/SensorTile.box_bus.c:360:9:BSP_I2C3_DeInit	16	static
/home/dell/Assignment/assignment/demo/Drivers/BSP/SensorTile.box/SensorTile.box_bus.c:380:9:BSP_I2C3_IsReady	8	static
/home/dell/Assignment/assignment/demo/Drivers/BSP/SensorTile.box/SensorTile.box_bus.c:392:9:BSP_I2C3_WriteReg	48	static
/home/dell/Assignment/assignment/demo/Drivers/BSP/SensorTile.box/SensorTile.box_bus.c:412:10:BSP_I2C3_ReadReg	48	static
/home/dell/Assignment/assignment/demo/Drivers/BSP/SensorTile.box/SensorTile.box_bus.c:433:9:BSP_I2C3_WriteReg16	48	static
/home/dell/Assignment/assignment/demo/Drivers/BSP/SensorTile.box/SensorTile.box_bus.c:453:10:BSP_I2C3_ReadReg16	48	static
/home/dell/Assignment/assignment/demo/Drivers/BSP/SensorTile.box/SensorTile.box_bus.c:474:9:BSP_I2C3_Send	32	static
/home/dell/Assignment/assignment/demo/Drivers/BSP/SensorTile.box/SensorTile.box_bus.c:492:9:BSP_I2C3_Recv	32	static
/home/dell/Assignment/assignment/demo/Drivers/BSP/SensorTile.box/SensorTile.box_bus.c:511:9:BSP_I2C3_SendRecv	32	static
/home/dell/Assignment/assignment/demo/Drivers/BSP/SensorTile.box/SensorTile.box_bus.c:536:9:BSP_SPI1_Init	16	static
/home/dell/Assignment/assignment/demo/Drivers/BSP/SensorTile.box/SensorTile.box_bus.c:571:9:BSP_SPI1_DeInit	16	static
/home/dell/Assignment/assignment/demo/Drivers/BSP/SensorTile.box/SensorTile.box_bus.c:592:9:BSP_SPI1_Send	24	static
/home/dell/Assignment/assignment/demo/Drivers/BSP/SensorTile.box/SensorTile.box_bus.c:609:10:BSP_SPI1_Recv	24	static
/home/dell/Assignment/assignment/demo/Drivers/BSP/SensorTile.box/SensorTile.box_bus.c:626:9:BSP_SPI1_SendRecv	40	static
/home/dell/Assignment/assignment/demo/Drivers/BSP/SensorTile.box/SensorTile.box_bus.c:642:9:BSP_SPI2_Init	16	static
/home/dell/Assignment/assignment/demo/Drivers/BSP/SensorTile.box/SensorTile.box_bus.c:679:9:BSP_SPI2_DeInit	16	static
/home/dell/Assignment/assignment/demo/Drivers/BSP/SensorTile.box/SensorTile.box_bus.c:700:9:BSP_SPI2_Send	24	static
/home/dell/Assignment/assignment/demo/Drivers/BSP/SensorTile.box/SensorTile.box_bus.c:717:9:BSP_SPI2_Recv	24	static
/home/dell/Assignment/assignment/demo/Drivers/BSP/SensorTile.box/SensorTile.box_bus.c:734:9:BSP_SPI2_SendRecv	40	static
/home/dell/Assignment/assignment/demo/Drivers/BSP/SensorTile.box/SensorTile.box_bus.c:749:9:BSP_SPI3_Init	16	static
/home/dell/Assignment/assignment/demo/Drivers/BSP/SensorTile.box/SensorTile.box_bus.c:784:9:BSP_SPI3_DeInit	16	static
/home/dell/Assignment/assignment/demo/Drivers/BSP/SensorTile.box/SensorTile.box_bus.c:805:9:BSP_SPI3_Send	24	static
/home/dell/Assignment/assignment/demo/Drivers/BSP/SensorTile.box/SensorTile.box_bus.c:822:10:BSP_SPI3_Recv	24	static
/home/dell/Assignment/assignment/demo/Drivers/BSP/SensorTile.box/SensorTile.box_bus.c:839:9:BSP_SPI3_SendRecv	40	static
/home/dell/Assignment/assignment/demo/Drivers/BSP/SensorTile.box/SensorTile.box_bus.c:1118:9:BSP_GetTick	8	static
/home/dell/Assignment/assignment/demo/Drivers/BSP/SensorTile.box/SensorTile.box_bus.c:1123:26:MX_SPI1_Init	24	static
/home/dell/Assignment/assignment/demo/Drivers/BSP/SensorTile.box/SensorTile.box_bus.c:1148:13:SPI1_MspInit	48	static
/home/dell/Assignment/assignment/demo/Drivers/BSP/SensorTile.box/SensorTile.box_bus.c:1168:13:SPI1_MspDeInit	16	static
/home/dell/Assignment/assignment/demo/Drivers/BSP/SensorTile.box/SensorTile.box_bus.c:1182:26:MX_SPI2_Init	24	static
/home/dell/Assignment/assignment/demo/Drivers/BSP/SensorTile.box/SensorTile.box_bus.c:1207:13:SPI2_MspInit	48	static
/home/dell/Assignment/assignment/demo/Drivers/BSP/SensorTile.box/SensorTile.box_bus.c:1237:13:SPI2_MspDeInit	16	static
/home/dell/Assignment/assignment/demo/Drivers/BSP/SensorTile.box/SensorTile.box_bus.c:1253:26:MX_SPI3_Init	24	static
/home/dell/Assignment/assignment/demo/Drivers/BSP/SensorTile.box/SensorTile.box_bus.c:1281:13:SPI3_MspInit	48	static
/home/dell/Assignment/assignment/demo/Drivers/BSP/SensorTile.box/SensorTile.box_bus.c:1300:13:SPI3_MspDeInit	16	static
/home/dell/Assignment/assignment/demo/Drivers/BSP/SensorTile.box/SensorTile.box_bus.c:1313:26:MX_I2C1_Init	24	static
/home/dell/Assignment/assignment/demo/Drivers/BSP/SensorTile.box/SensorTile.box_bus.c:1343:13:I2C1_MspInit	48	static
/home/dell/Assignment/assignment/demo/Drivers/BSP/SensorTile.box/SensorTile.box_bus.c:1363:13:I2C1_MspDeInit	16	static
/home/dell/Assignment/assignment/demo/Drivers/BSP/SensorTile.box/SensorTile.box_bus.c:1378:26:MX_I2C3_Init	24	static
/home/dell/Assignment/assignment/demo/Drivers/BSP/SensorTile.box/SensorTile.box_bus.c:1408:13:I2C3_MspInit	48	static
/home/dell/Assignment/assignment/demo/Drivers/BSP/SensorTile.box/SensorTile.box_bus.c:1433:13:I2C3_MspDeInit	16	static
