/home/dell/Assignment/assignment/demo/Drivers/BSP/SensorTile.box/SensorTile.box_motion_sensors.c:108:10:BSP_MOTION_SENSOR_Init	64	static
/home/dell/Assignment/assignment/demo/Drivers/BSP/SensorTile.box/SensorTile.box_motion_sensors.c:248:9:BSP_MOTION_SENSOR_DeInit	24	static
/home/dell/Assignment/assignment/demo/Drivers/BSP/SensorTile.box/SensorTile.box_motion_sensors.c:274:9:BSP_MOTION_SENSOR_GetCapabilities	24	static
/home/dell/Assignment/assignment/demo/Drivers/BSP/SensorTile.box/SensorTile.box_motion_sensors.c:300:9:BSP_MOTION_SENSOR_ReadID	24	static
/home/dell/Assignment/assignment/demo/Drivers/BSP/SensorTile.box/SensorTile.box_motion_sensors.c:329:9:BSP_MOTION_SENSOR_Enable	24	static
/home/dell/Assignment/assignment/demo/Drivers/BSP/SensorTile.box/SensorTile.box_motion_sensors.c:368:9:BSP_MOTION_SENSOR_Disable	24	static
/home/dell/Assignment/assignment/demo/Drivers/BSP/SensorTile.box/SensorTile.box_motion_sensors.c:408:9:BSP_MOTION_SENSOR_GetAxes	32	static
/home/dell/Assignment/assignment/demo/Drivers/BSP/SensorTile.box/SensorTile.box_motion_sensors.c:448:9:BSP_MOTION_SENSOR_GetAxesRaw	32	static
/home/dell/Assignment/assignment/demo/Drivers/BSP/SensorTile.box/SensorTile.box_motion_sensors.c:488:9:BSP_MOTION_SENSOR_GetSensitivity	32	static
/home/dell/Assignment/assignment/demo/Drivers/BSP/SensorTile.box/SensorTile.box_motion_sensors.c:529:9:BSP_MOTION_SENSOR_GetOutputDataRate	32	static
/home/dell/Assignment/assignment/demo/Drivers/BSP/SensorTile.box/SensorTile.box_motion_sensors.c:569:9:BSP_MOTION_SENSOR_GetFullScale	32	static
/home/dell/Assignment/assignment/demo/Drivers/BSP/SensorTile.box/SensorTile.box_motion_sensors.c:609:9:BSP_MOTION_SENSOR_SetOutputDataRate	32	static
/home/dell/Assignment/assignment/demo/Drivers/BSP/SensorTile.box/SensorTile.box_motion_sensors.c:649:9:BSP_MOTION_SENSOR_SetFullScale	32	static
/home/dell/Assignment/assignment/demo/Drivers/BSP/SensorTile.box/SensorTile.box_motion_sensors.c:684:16:LIS2DW12_0_Probe	88	static
/home/dell/Assignment/assignment/demo/Drivers/BSP/SensorTile.box/SensorTile.box_motion_sensors.c:742:16:BSP_LIS2DW12_Init	40	static
/home/dell/Assignment/assignment/demo/Drivers/BSP/SensorTile.box/SensorTile.box_motion_sensors.c:765:16:BSP_LIS2DW12_DeInit	16	static
/home/dell/Assignment/assignment/demo/Drivers/BSP/SensorTile.box/SensorTile.box_motion_sensors.c:777:16:BSP_LIS2DW12_WriteReg	32	static
/home/dell/Assignment/assignment/demo/Drivers/BSP/SensorTile.box/SensorTile.box_motion_sensors.c:801:16:BSP_LIS2DW12_ReadReg	32	static
/home/dell/Assignment/assignment/demo/Drivers/BSP/SensorTile.box/SensorTile.box_motion_sensors.c:833:16:LIS2MDL_0_Probe	88	static
/home/dell/Assignment/assignment/demo/Drivers/BSP/SensorTile.box/SensorTile.box_motion_sensors.c:894:16:BSP_LIS2MDL_Init	40	static
/home/dell/Assignment/assignment/demo/Drivers/BSP/SensorTile.box/SensorTile.box_motion_sensors.c:920:16:BSP_LIS2MDL_DeInit	16	static
/home/dell/Assignment/assignment/demo/Drivers/BSP/SensorTile.box/SensorTile.box_motion_sensors.c:932:16:BSP_LIS2MDL_WriteReg	32	static
/home/dell/Assignment/assignment/demo/Drivers/BSP/SensorTile.box/SensorTile.box_motion_sensors.c:956:16:BSP_LIS2MDL_ReadReg	32	static
/home/dell/Assignment/assignment/demo/Drivers/BSP/SensorTile.box/SensorTile.box_motion_sensors.c:989:6:LIS2MDL_SPI_Read_nBytes	24	static,ignoring_inline_asm
/home/dell/Assignment/assignment/demo/Drivers/BSP/SensorTile.box/SensorTile.box_motion_sensors.c:1030:6:LIS2MDL_SPI_Read	16	static,ignoring_inline_asm
/home/dell/Assignment/assignment/demo/Drivers/BSP/SensorTile.box/SensorTile.box_motion_sensors.c:1056:6:LIS2MDL_SPI_Write	16	static
/home/dell/Assignment/assignment/demo/Drivers/BSP/SensorTile.box/SensorTile.box_motion_sensors.c:1075:16:LIS3DHH_0_Probe	80	static
/home/dell/Assignment/assignment/demo/Drivers/BSP/SensorTile.box/SensorTile.box_motion_sensors.c:1132:16:BSP_LIS3DHH_Init	40	static
/home/dell/Assignment/assignment/demo/Drivers/BSP/SensorTile.box/SensorTile.box_motion_sensors.c:1155:16:BSP_LIS3DHH_DeInit	16	static
/home/dell/Assignment/assignment/demo/Drivers/BSP/SensorTile.box/SensorTile.box_motion_sensors.c:1167:16:BSP_LIS3DHH_WriteReg	32	static
/home/dell/Assignment/assignment/demo/Drivers/BSP/SensorTile.box/SensorTile.box_motion_sensors.c:1191:16:BSP_LIS3DHH_ReadReg	32	static
/home/dell/Assignment/assignment/demo/Drivers/BSP/SensorTile.box/SensorTile.box_motion_sensors.c:1224:16:LSM6DSOX_0_Probe	88	static
/home/dell/Assignment/assignment/demo/Drivers/BSP/SensorTile.box/SensorTile.box_motion_sensors.c:1300:16:BSP_LSM6DSOX_Init	40	static
/home/dell/Assignment/assignment/demo/Drivers/BSP/SensorTile.box/SensorTile.box_motion_sensors.c:1326:16:BSP_LSM6DSOX_DeInit	16	static
/home/dell/Assignment/assignment/demo/Drivers/BSP/SensorTile.box/SensorTile.box_motion_sensors.c:1338:16:BSP_LSM6DSOX_WriteReg	32	static
/home/dell/Assignment/assignment/demo/Drivers/BSP/SensorTile.box/SensorTile.box_motion_sensors.c:1362:16:BSP_LSM6DSOX_ReadReg	32	static
