/home/dell/Assignment/assignment/demo/Drivers/BSP/SensorTile.box/SensorTile.box_env_sensors.c:51:9:BSP_ENV_SENSOR_Init	48	static
/home/dell/Assignment/assignment/demo/Drivers/BSP/SensorTile.box/SensorTile.box_env_sensors.c:166:9:BSP_ENV_SENSOR_DeInit	24	static
/home/dell/Assignment/assignment/demo/Drivers/BSP/SensorTile.box/SensorTile.box_env_sensors.c:192:9:BSP_ENV_SENSOR_GetCapabilities	24	static
/home/dell/Assignment/assignment/demo/Drivers/BSP/SensorTile.box/SensorTile.box_env_sensors.c:218:9:BSP_ENV_SENSOR_ReadID	24	static
/home/dell/Assignment/assignment/demo/Drivers/BSP/SensorTile.box/SensorTile.box_env_sensors.c:247:9:BSP_ENV_SENSOR_Enable	24	static
/home/dell/Assignment/assignment/demo/Drivers/BSP/SensorTile.box/SensorTile.box_env_sensors.c:286:9:BSP_ENV_SENSOR_Disable	24	static
/home/dell/Assignment/assignment/demo/Drivers/BSP/SensorTile.box/SensorTile.box_env_sensors.c:326:9:BSP_ENV_SENSOR_GetOutputDataRate	32	static
/home/dell/Assignment/assignment/demo/Drivers/BSP/SensorTile.box/SensorTile.box_env_sensors.c:366:9:BSP_ENV_SENSOR_SetOutputDataRate	32	static
/home/dell/Assignment/assignment/demo/Drivers/BSP/SensorTile.box/SensorTile.box_env_sensors.c:406:9:BSP_ENV_SENSOR_GetValue	32	static
/home/dell/Assignment/assignment/demo/Drivers/BSP/SensorTile.box/SensorTile.box_env_sensors.c:443:16:HTS221_0_Probe	72	static
/home/dell/Assignment/assignment/demo/Drivers/BSP/SensorTile.box/SensorTile.box_env_sensors.c:525:16:LPS22HH_0_Probe	72	static
/home/dell/Assignment/assignment/demo/Drivers/BSP/SensorTile.box/SensorTile.box_env_sensors.c:606:16:STTS751_0_Probe	72	static
