/home/dell/Assignment/assignment/Assignment/demo_1/Middlewares/ST/STM32_BLE_Manager/Src/BLE_Manager.c:672:13:AttrMod_Request_Config	0	static
/home/dell/Assignment/assignment/Assignment/demo_1/Middlewares/ST/STM32_BLE_Manager/Src/BLE_Manager.c:706:13:Write_Request_Config	0	static
/home/dell/Assignment/assignment/Assignment/demo_1/Middlewares/ST/STM32_BLE_Manager/Src/BLE_Manager.c:727:13:AttrMod_Request_StdErr	0	static
/home/dell/Assignment/assignment/Assignment/demo_1/Middlewares/ST/STM32_BLE_Manager/Src/BLE_Manager.c:749:13:AttrMod_Request_Term	0	static
/home/dell/Assignment/assignment/Assignment/demo_1/Middlewares/ST/STM32_BLE_Manager/Src/BLE_Manager.c:772:13:AttrMod_Request_ExtConfig	0	static
/home/dell/Assignment/assignment/Assignment/demo_1/Middlewares/ST/STM32_BLE_Manager/Src/BLE_Manager.c:800:13:create_JSON_SensorStatus	368	static
/home/dell/Assignment/assignment/Assignment/demo_1/Middlewares/ST/STM32_BLE_Manager/Src/BLE_Manager.c:2999:13:APP_UserEvtRx	24	static
/home/dell/Assignment/assignment/Assignment/demo_1/Middlewares/ST/STM32_BLE_Manager/Src/BLE_Manager.c:581:13:Read_Request_StdErr	16	static
/home/dell/Assignment/assignment/Assignment/demo_1/Middlewares/ST/STM32_BLE_Manager/Src/BLE_Manager.c:516:19:UpdateTermStdErr	24	static
/home/dell/Assignment/assignment/Assignment/demo_1/Middlewares/ST/STM32_BLE_Manager/Src/BLE_Manager.c:501:19:UpdateTermStdOut	24	static
/home/dell/Assignment/assignment/Assignment/demo_1/Middlewares/ST/STM32_BLE_Manager/Src/BLE_Manager.c:1549:13:ClearSingleCommand	24	static
/home/dell/Assignment/assignment/Assignment/demo_1/Middlewares/ST/STM32_BLE_Manager/Src/BLE_Manager.c:1430:27:ParseCustomCommand	40	static
/home/dell/Assignment/assignment/Assignment/demo_1/Middlewares/ST/STM32_BLE_Manager/Src/BLE_Manager.c:1534:6:GenericClearCustomCommandsList	24	static
/home/dell/Assignment/assignment/Assignment/demo_1/Middlewares/ST/STM32_BLE_Manager/Src/BLE_Manager.c:1576:9:GenericAddCustomCommand	48	static
/home/dell/Assignment/assignment/Assignment/demo_1/Middlewares/ST/STM32_BLE_Manager/Src/BLE_Manager.c:1796:6:create_JSON_Sensor	64	static
/home/dell/Assignment/assignment/Assignment/demo_1/Middlewares/ST/STM32_BLE_Manager/Src/BLE_Manager.c:1924:12:safe_aci_gatt_update_char_value	16	static
/home/dell/Assignment/assignment/Assignment/demo_1/Middlewares/ST/STM32_BLE_Manager/Src/BLE_Manager.c:1987:27:AskGenericCustomCommands	24	static
/home/dell/Assignment/assignment/Assignment/demo_1/Middlewares/ST/STM32_BLE_Manager/Src/BLE_Manager.c:2100:6:aci_gatt_tx_pool_available_event	0	static
/home/dell/Assignment/assignment/Assignment/demo_1/Middlewares/ST/STM32_BLE_Manager/Src/BLE_Manager.c:2123:12:aci_gatt_update_char_value_wrapper	16	static
/home/dell/Assignment/assignment/Assignment/demo_1/Middlewares/ST/STM32_BLE_Manager/Src/BLE_Manager.c:2149:12:Stderr_Update	40	static
/home/dell/Assignment/assignment/Assignment/demo_1/Middlewares/ST/STM32_BLE_Manager/Src/BLE_Manager.c:564:13:Read_Request_Term	24	static
/home/dell/Assignment/assignment/Assignment/demo_1/Middlewares/ST/STM32_BLE_Manager/Src/BLE_Manager.c:2191:12:BLE_StdOutSendBuffer	16	static
/home/dell/Assignment/assignment/Assignment/demo_1/Middlewares/ST/STM32_BLE_Manager/Src/BLE_Manager.c:2210:12:Term_Update	40	static
/home/dell/Assignment/assignment/Assignment/demo_1/Middlewares/ST/STM32_BLE_Manager/Src/BLE_Manager.c:1827:13:Write_Request_Term	16	static
/home/dell/Assignment/assignment/Assignment/demo_1/Middlewares/ST/STM32_BLE_Manager/Src/BLE_Manager.c:2254:12:Config_Update	40	static
/home/dell/Assignment/assignment/Assignment/demo_1/Middlewares/ST/STM32_BLE_Manager/Src/BLE_Manager.c:2277:12:Config_Update_32	48	static
/home/dell/Assignment/assignment/Assignment/demo_1/Middlewares/ST/STM32_BLE_Manager/Src/BLE_Manager.c:2303:6:updateAdvData	16	static
/home/dell/Assignment/assignment/Assignment/demo_1/Middlewares/ST/STM32_BLE_Manager/Src/BLE_Manager.c:2357:6:setConnectable	48	static
/home/dell/Assignment/assignment/Assignment/demo_1/Middlewares/ST/STM32_BLE_Manager/Src/BLE_Manager.c:2538:6:setNotConnectable	0	static
/home/dell/Assignment/assignment/Assignment/demo_1/Middlewares/ST/STM32_BLE_Manager/Src/BLE_Manager.c:2549:9:BleManagerAddChar	0	static
/home/dell/Assignment/assignment/Assignment/demo_1/Middlewares/ST/STM32_BLE_Manager/Src/BLE_Manager.c:2570:6:ResetBleManager	16	static
/home/dell/Assignment/assignment/Assignment/demo_1/Middlewares/ST/STM32_BLE_Manager/Src/BLE_Manager.c:3332:9:getBlueNRGVersion	32	static
/home/dell/Assignment/assignment/Assignment/demo_1/Middlewares/ST/STM32_BLE_Manager/Src/BLE_Manager.c:2653:12:InitBleManager	96	static
/home/dell/Assignment/assignment/Assignment/demo_1/Middlewares/ST/STM32_BLE_Manager/Src/BLE_Manager.c:3479:10:BLE_Command_TP_Parse	32	static
/home/dell/Assignment/assignment/Assignment/demo_1/Middlewares/ST/STM32_BLE_Manager/Src/BLE_Manager.c:3591:10:BLE_Command_TP_Encapsulate	40	static
/home/dell/Assignment/assignment/Assignment/demo_1/Middlewares/ST/STM32_BLE_Manager/Src/BLE_Manager.c:2054:12:BLE_ExtConfiguration_Update	40	static
/home/dell/Assignment/assignment/Assignment/demo_1/Middlewares/ST/STM32_BLE_Manager/Src/BLE_Manager.c:1723:6:SendNewCustomCommandList	24	static
/home/dell/Assignment/assignment/Assignment/demo_1/Middlewares/ST/STM32_BLE_Manager/Src/BLE_Manager.c:1752:13:SendError	24	static
/home/dell/Assignment/assignment/Assignment/demo_1/Middlewares/ST/STM32_BLE_Manager/Src/BLE_Manager.c:1777:6:SendInfo	24	static
/home/dell/Assignment/assignment/Assignment/demo_1/Middlewares/ST/STM32_BLE_Manager/Src/BLE_Manager.c:959:13:Write_Request_ExtConfig.part.0	2136	static
/home/dell/Assignment/assignment/Assignment/demo_1/Middlewares/ST/STM32_BLE_Manager/Src/BLE_Manager.c:959:13:Write_Request_ExtConfig	8	static
/home/dell/Assignment/assignment/Assignment/demo_1/Middlewares/ST/STM32_BLE_Manager/Src/BLE_Manager.c:3662:6:hci_le_connection_complete_event	40	static
/home/dell/Assignment/assignment/Assignment/demo_1/Middlewares/ST/STM32_BLE_Manager/Src/BLE_Manager.c:3725:6:hci_disconnection_complete_event	16	static
/home/dell/Assignment/assignment/Assignment/demo_1/Middlewares/ST/STM32_BLE_Manager/Src/BLE_Manager.c:3752:6:aci_gatt_read_permit_req_event	16	static
/home/dell/Assignment/assignment/Assignment/demo_1/Middlewares/ST/STM32_BLE_Manager/Src/BLE_Manager.c:3803:6:aci_gatt_attribute_modified_event	40	static
/home/dell/Assignment/assignment/Assignment/demo_1/Middlewares/ST/STM32_BLE_Manager/Src/BLE_Manager.c:3926:6:aci_att_exchange_mtu_resp_event	0	static
/home/dell/Assignment/assignment/Assignment/demo_1/Middlewares/ST/STM32_BLE_Manager/Src/BLE_Manager.c:3946:6:aci_gap_pass_key_req_event	8	static
/home/dell/Assignment/assignment/Assignment/demo_1/Middlewares/ST/STM32_BLE_Manager/Src/BLE_Manager.c:3971:6:aci_gap_pairing_complete_event	128	static
/home/dell/Assignment/assignment/Assignment/demo_1/Middlewares/ST/STM32_BLE_Manager/Src/BLE_Manager.c:4051:6:aci_l2cap_connection_update_resp_event	0	static
/home/dell/Assignment/assignment/Assignment/demo_1/Middlewares/ST/STM32_BLE_Manager/Src/BLE_Manager.c:4066:6:hci_le_connection_update_complete_event	0	static
/home/dell/Assignment/assignment/Assignment/demo_1/Middlewares/ST/STM32_BLE_Manager/Src/BLE_Manager.c:4089:6:aci_gatt_proc_complete_event	8	static
/home/dell/Assignment/assignment/Assignment/demo_1/Middlewares/ST/STM32_BLE_Manager/Src/BLE_Manager.c:4110:6:hci_le_data_length_change_event	0	static
/home/dell/Assignment/assignment/Assignment/demo_1/Middlewares/ST/STM32_BLE_Manager/Src/BLE_Manager.c:4290:6:aci_gatt_indication_event	24	static
/home/dell/Assignment/assignment/Assignment/demo_1/Middlewares/ST/STM32_BLE_Manager/Src/BLE_Manager.c:4394:6:aci_gatt_proc_timeout_event	24	static
/home/dell/Assignment/assignment/Assignment/demo_1/Middlewares/ST/STM32_BLE_Manager/Src/BLE_Manager.c:4426:6:hci_hardware_error_event	8	static
/home/dell/Assignment/assignment/Assignment/demo_1/Middlewares/ST/STM32_BLE_Manager/Src/BLE_Manager.c:4474:6:aci_gap_bond_lost_event	0	static
/home/dell/Assignment/assignment/Assignment/demo_1/Middlewares/ST/STM32_BLE_Manager/Src/BLE_Manager.c:4528:6:aci_gap_numeric_comparison_value_event	0	static
/home/dell/Assignment/assignment/Assignment/demo_1/Middlewares/ST/STM32_BLE_Manager/Src/BLE_Manager.c:4546:6:hci_encryption_change_event	0	static
